Archive member included to satisfy reference by file (symbol)

C:/devkitPro/libogc/lib/wii\libwiiuse.a(wpad.o)
                              main.o (WPAD_Init)
C:/devkitPro/libogc/lib/wii\libwiiuse.a(motion_plus.o)
                              C:/devkitPro/libogc/lib/wii\libwiiuse.a(wpad.o) (wiiuse_set_motion_plus)
C:/devkitPro/libogc/lib/wii\libwiiuse.a(dynamics.o)
                              C:/devkitPro/libogc/lib/wii\libwiiuse.a(wpad.o) (calculate_gforce)
C:/devkitPro/libogc/lib/wii\libwiiuse.a(io.o)
                              C:/devkitPro/libogc/lib/wii\libwiiuse.a(motion_plus.o) (wiiuse_disable_expansion)
C:/devkitPro/libogc/lib/wii\libwiiuse.a(io_wii.o)
                              C:/devkitPro/libogc/lib/wii\libwiiuse.a(wpad.o) (__wiiuse_sensorbar_enable)
C:/devkitPro/libogc/lib/wii\libwiiuse.a(ir.o)
                              C:/devkitPro/libogc/lib/wii\libwiiuse.a(motion_plus.o) (wiiuse_set_ir_mode)
C:/devkitPro/libogc/lib/wii\libwiiuse.a(nunchuk.o)
                              C:/devkitPro/libogc/lib/wii\libwiiuse.a(io.o) (nunchuk_handshake)
C:/devkitPro/libogc/lib/wii\libwiiuse.a(wiiboard.o)
                              C:/devkitPro/libogc/lib/wii\libwiiuse.a(io.o) (wii_board_handshake)
C:/devkitPro/libogc/lib/wii\libwiiuse.a(wiiuse.o)
                              C:/devkitPro/libogc/lib/wii\libwiiuse.a(wpad.o) (wiiuse_init)
C:/devkitPro/libogc/lib/wii\libwiiuse.a(speaker.o)
                              C:/devkitPro/libogc/lib/wii\libwiiuse.a(wpad.o) (wencdata)
C:/devkitPro/libogc/lib/wii\libwiiuse.a(classic.o)
                              C:/devkitPro/libogc/lib/wii\libwiiuse.a(io.o) (classic_ctrl_handshake)
C:/devkitPro/libogc/lib/wii\libwiiuse.a(events.o)
                              C:/devkitPro/libogc/lib/wii\libwiiuse.a(io_wii.o) (parse_event)
C:/devkitPro/libogc/lib/wii\libwiiuse.a(guitar_hero_3.o)
                              C:/devkitPro/libogc/lib/wii\libwiiuse.a(io.o) (guitar_hero_3_handshake)
C:/devkitPro/libogc/lib/wii\libbte.a(bte.o)
                              C:/devkitPro/libogc/lib/wii\libwiiuse.a(wpad.o) (BTE_Init)
C:/devkitPro/libogc/lib/wii\libbte.a(hci.o)
                              C:/devkitPro/libogc/lib/wii\libbte.a(bte.o) (hci_init)
C:/devkitPro/libogc/lib/wii\libbte.a(l2cap.o)
                              C:/devkitPro/libogc/lib/wii\libbte.a(bte.o) (l2cap_init)
C:/devkitPro/libogc/lib/wii\libbte.a(btmemb.o)
                              C:/devkitPro/libogc/lib/wii\libbte.a(bte.o) (btmemb_init)
C:/devkitPro/libogc/lib/wii\libbte.a(btmemr.o)
                              C:/devkitPro/libogc/lib/wii\libbte.a(hci.o) (btmemr_init)
C:/devkitPro/libogc/lib/wii\libbte.a(btpbuf.o)
                              C:/devkitPro/libogc/lib/wii\libbte.a(hci.o) (btpbuf_init)
C:/devkitPro/libogc/lib/wii\libbte.a(physbusif.o)
                              C:/devkitPro/libogc/lib/wii\libbte.a(bte.o) (physbusif_init)
C:/devkitPro/libogc/lib/wii\libogc.a(lwp_queue.o)
                              C:/devkitPro/libogc/lib/wii\libwiiuse.a(io_wii.o) (__lwp_queue_initialize)
C:/devkitPro/libogc/lib/wii\libogc.a(lwp_threads.o)
                              C:/devkitPro/libogc/lib/wii\libwiiuse.a(wpad.o) (_thread_dispatch_disable_level)
C:/devkitPro/libogc/lib/wii\libogc.a(lwp.o)
                              C:/devkitPro/libogc/lib/wii\libwiiuse.a(wpad.o) (LWP_CreateThread)
C:/devkitPro/libogc/lib/wii\libogc.a(lwp_handler.o)
                              C:/devkitPro/libogc/lib/wii\libogc.a(lwp_threads.o) (_cpu_context_save_fp)
C:/devkitPro/libogc/lib/wii\libogc.a(lwp_stack.o)
                              C:/devkitPro/libogc/lib/wii\libogc.a(lwp_threads.o) (__lwp_stack_allocate)
C:/devkitPro/libogc/lib/wii\libogc.a(lwp_watchdog.o)
                              C:/devkitPro/libogc/lib/wii\libogc.a(lwp_threads.o) (_wd_ticks_queue)
C:/devkitPro/libogc/lib/wii\libogc.a(lwp_wkspace.o)
                              C:/devkitPro/libogc/lib/wii\libwiiuse.a(motion_plus.o) (__wkspace_heap)
C:/devkitPro/libogc/lib/wii\libogc.a(lwp_objmgr.o)
                              C:/devkitPro/libogc/lib/wii\libogc.a(lwp.o) (__lwp_objmgr_initinfo)
C:/devkitPro/libogc/lib/wii\libogc.a(lwp_heap.o)
                              C:/devkitPro/libogc/lib/wii\libogc.a(lwp_wkspace.o) (__lwp_heap_init)
C:/devkitPro/libogc/lib/wii\libogc.a(sys_state.o)
                              C:/devkitPro/libogc/lib/wii\libogc.a(lwp_threads.o) (_sys_state_curr)
C:/devkitPro/libogc/lib/wii\libogc.a(irq.o)
                              C:/devkitPro/libogc/lib/wii\libwiiuse.a(io_wii.o) (IRQ_Disable)
C:/devkitPro/libogc/lib/wii\libogc.a(semaphore.o)
                              C:/devkitPro/libogc/lib/wii\libwiiuse.a(wpad.o) (LWP_SemInit)
C:/devkitPro/libogc/lib/wii\libogc.a(video.o)
                              main.o (VIDEO_Configure)
C:/devkitPro/libogc/lib/wii\libogc.a(system.o)
                              C:/devkitPro/libogc/lib/wii\libwiiuse.a(wpad.o) (SYS_DoPowerCB)
[...]
Memory Configuration

Name             Origin             Length             Attributes
*default*        0x00000000         0xffffffff

Linker script and memory map

                0x00003400                        . = 0x3400

.stub
 *(.stub)
                0x80004000                        . = 0x80004000

.init           0x80004000      0x194
 *crt0.o(*.init)
 .init          0x80004000      0x170 C:/devkitPro/libogc/lib/wii\libogc.a(ogc_crt0.o)
                0x80004000                _start
                0x80004140                _memset
 *(.init)
 .init          0x80004170        0xc C:/devkitPro/devkitPPC/bin/../lib/gcc/powerpc-eabi/15.2.0/ecrti.o
                0x80004170                __init
 .init          0x8000417c        0x4 C:/devkitPro/devkitPPC/bin/../lib/gcc/powerpc-eabi/15.2.0/crtbegin.o
 .init          0x80004180        0x4 C:/devkitPro/devkitPPC/bin/../lib/gcc/powerpc-eabi/15.2.0/crtend.o
 .init          0x80004184       0x10 C:/devkitPro/devkitPPC/bin/../lib/gcc/powerpc-eabi/15.2.0/ecrtn.o

.rela.dyn       0x80004194        0x0
 .rela.iplt     0x80004194        0x0 C:/devkitPro/devkitPPC/bin/../lib/gcc/powerpc-eabi/15.2.0/crtbegin.o

.plt
 *(.plt)

.interp
 *(.interp)

.hash
 *(.hash)

.dynsym
 *(.dynsym)

.dynstr
 *(.dynstr)

.gnu.version
 *(.gnu.version)

.gnu.version_d
 *(.gnu.version_d)

.gnu.version_r
 *(.gnu.version_r)

.rel.init
 *(.rel.init)

.rela.init
 *(.rela.init)

.rel.text
 *(.rel.text .rel.text.* .rel.gnu.linkonce.t.*)

.rela.text      0x80004194        0x0
 *(.rela.text .rela.text.* .rela.gnu.linkonce.t.*)
 .rela.text.__do_global_dtors_aux
                0x80004194        0x0 C:/devkitPro/devkitPPC/bin/../lib/gcc/powerpc-eabi/15.2.0/crtbegin.o
 .rela.text.frame_dummy
                0x80004194        0x0 C:/devkitPro/devkitPPC/bin/../lib/gcc/powerpc-eabi/15.2.0/crtbegin.o
 .rela.text.unlikely.abort
                0x80004194        0x0 C:/devkitPro/devkitPPC/bin/../lib/gcc/powerpc-eabi/15.2.0/crtbegin.o
 .rela.text.__assert_func
                0x80004194        0x0 C:/devkitPro/devkitPPC/bin/../lib/gcc/powerpc-eabi/15.2.0/crtbegin.o

.rel.fini
 *(.rel.fini)

.rela.fini
 *(.rela.fini)

.rel.rodata
 *(.rel.rodata .rel.rodata.* .rel.gnu.linkonce.r.*)

.rela.rodata
 *(.rela.rodata .rela.rodata.* .rela.gnu.linkonce.r.*)

.rel.data
 *(.rel.data .rel.data.* .rel.gnu.linkonce.d.*)

.rela.data
 *(.rela.data .rela.data.* .rela.gnu.linkonce.d.*)

.rel.tdata
 *(.rel.tdata .rel.tdata.* .rel.gnu.linkonce.td.*)

.rela.tdata
 *(.rela.tdata .rela.tdata.* .rela.gnu.linkonce.td.*)

.rel.tbss
 *(.rel.tbss .rel.tbss.* .rel.gnu.linkonce.tb.*)

.rela.tbss
 *(.rela.tbss .rela.tbss.* .rela.gnu.linkonce.tb.*)

.rel.ctors
 *(.rel.ctors)

.rela.ctors
 *(.rela.ctors)

.rel.dtors
 *(.rel.dtors)

.rela.dtors
 *(.rela.dtors)

.rel.got
 *(.rel.got)

.rela.got
 *(.rela.got)

.rela.got1
 *(.rela.got1)

.rela.got2
 *(.rela.got2)

.rel.sdata
 *(.rel.sdata .rel.sdata.* .rel.gnu.linkonce.s.*)

.rela.sdata
 *(.rela.sdata .rela.sdata.* .rela.gnu.linkonce.s.*)

.rel.sbss
 *(.rel.sbss .rel.sbss.* .rel.gnu.linkonce.sb.*)

.rela.sbss
 *(.rela.sbss .rela.sbss.* .rel.gnu.linkonce.sb.*)

.rel.sdata2
 *(.rel.sdata2 .rel.sdata2.* .rel.gnu.linkonce.s2.*)

.rela.sdata2
 *(.rela.sdata2 .rela.sdata2.* .rela.gnu.linkonce.s2.*)

.rel.sbss2
 *(.rel.sbss2 .rel.sbss2.* .rel.gnu.linkonce.sb2.*)

.rela.sbss2
 *(.rela.sbss2 .rela.sbss2.* .rela.gnu.linkonce.sb2.*)

.rel.bss
 *(.rel.bss .rel.bss.* .rel.gnu.linkonce.b.*)

.rela.bss
 *(.rela.bss .rela.bss.* .rela.gnu.linkonce.b.*)

.rel.plt
 *(.rel.plt)

.rela.plt
 *(.rela.plt)

.text           0x800041a0    0x46fc0
 *(.text)
 .text          0x800041a0      0x44c C:/devkitPro/libogc/lib/wii\libogc.a(lwp_handler.o)
                0x800041a0                _cpu_context_save_fp
                0x800042e0                _cpu_context_restore_fp
                0x80004420                _cpu_context_switch
                0x80004500                _cpu_context_save
                0x80004580                _cpu_context_restore
 .text          0x800045ec      0x46c C:/devkitPro/libogc/lib/wii\libogc.a(system_asm.o)
                0x800045ec                __realmode
                0x80004604                __configBATS
                0x80004734                __InitFPRS
                0x80004860                __InitPS
                0x800048bc                __InitCache
                0x80004914                __InitSystem
                0x8000499c                __reset
                0x80004a0c                __InitBATS
                0x80004a28                SYS_SwitchFiber
 .text          0x80004a58      0x8dc C:/devkitPro/libogc/lib/wii\libogc.a(gu_psasm.o)
                0x80004a58                ps_guMtxConcat
                0x80004b1c                ps_guMtxIdentity
                0x80004b48                ps_guMtxCopy
                0x80004b7c                ps_guMtxTranspose
                0x80004bcc                ps_guMtxInverse
                0x80004cc4                ps_guMtxInvXpose
                0x80004d8c                ps_guMtxScale
                0x80004db4                ps_guMtxScaleApply
                0x80004e0c                ps_guMtxApplyScale
                0x80004e70                ps_guMtxTrans
                0x80004ea4                ps_guMtxTransApply
                0x80004ef0                ps_guMtxApplyTrans
                0x80004f6c                ps_guMtxRotTrig
                0x8000501c                __ps_guMtxRotAxisRadInternal
                0x800050dc                ps_guMtxReflect
                0x8000514c                ps_guVecAdd
                0x80005170                ps_guVecSub
                0x80005194                ps_guVecScale
                0x800051b0                ps_guVecNormalize
                0x800051f4                ps_guVecCross
                0x80005230                ps_guVecDotProduct
                0x80005250                ps_guVecMultiply
                0x800052a4                ps_guVecMultiplySR
                0x80005314                ps_guQuatDotProduct
 .text          0x80005334      0x1ac C:/devkitPro/libogc/lib/wii\libogc.a(irq_handler.o)
                0x80005334                irq_exceptionhandler
 .text          0x800054e0      0x4f4 C:/devkitPro/libogc/lib/wii\libogc.a(cache_asm.o)
                0x800054e0                DCFlashInvalidate
                0x800054f4                DCEnable
                0x80005508                DCDisable
                0x8000551c                DCFreeze
                0x80005530                DCUnfreeze
                0x80005544                DCTouchLoad
                0x8000554c                DCBlockZero
                0x80005554                DCBlockStore
                0x8000555c                DCBlockFlush
                0x80005564                DCBlockInvalidate
                0x8000556c                DCInvalidateRange
                0x8000559c                DCFlushRange
                0x800055d0                DCStoreRange
                0x80005604                DCFlushRangeNoSync
                0x80005634                DCStoreRangeNoSync
                0x80005664                DCZeroRange
                0x80005694                DCTouchRange
                0x800056c4                ICInvalidateRange
                0x800056fc                ICFlashInvalidate
                0x80005710                ICEnable
                0x80005724                ICDisable
                0x80005738                ICFreeze
                0x8000574c                ICUnfreeze
                0x80005760                ICBlockInvalidate
                0x80005768                ICSync
                0x80005770                L2Init
                0x800057b8                L2Enable
                0x800057d4                L2Disable
                0x800057ec                L2GlobalInvalidate
                0x80005844                __LCEnable
                0x80005910                LCDisable
                0x80005938                LCAllocOneTag
                0x8000594c                LCAllocTags
                0x8000598c                LCLoadBlocks
                0x800059b0                LCStoreBlocks
 .text          0x800059d4      0x1ac C:/devkitPro/libogc/lib/wii\libogc.a(decrementer_handler.o)
                0x800059d4                dec_exceptionhandler
 .text          0x80005b80      0x35c C:/devkitPro/libogc/lib/wii\libogc.a(exception_handler.o)
                0x80005b80                exceptionhandler_start
                0x80005bfc                exceptionhandler_patch
                0x80005c30                exceptionhandler_end
                0x80005c34                default_exceptionhandler
                0x80005d64                fpu_exceptionhandler
                0x80005eac                systemcallhandler_start
                0x80005ed8                systemcallhandler_end
 .text          0x80005edc       0x48 C:/devkitPro/devkitPPC/bin/../lib/gcc/powerpc-eabi/15.2.0\libgcc.a(eabi.o)
                0x80005edc                __eabi
 .text          0x80005f24       0x58 C:/devkitPro/devkitPPC/bin/../lib/gcc/powerpc-eabi/15.2.0\libgcc.a(crtresxgpr.o)
                0x80005f24                _restgpr_14_x
                0x80005f28                _restgpr_15_x
                0x80005f2c                _restgpr_16_x
                0x80005f30                _restgpr_17_x
                0x80005f34                _restgpr_18_x
                0x80005f38                _restgpr_19_x
                0x80005f3c                _restgpr_20_x
                0x80005f40                _restgpr_21_x
                0x80005f44                _restgpr_22_x
                0x80005f48                _restgpr_23_x
                0x80005f4c                _restgpr_24_x
                0x80005f50                _restgpr_25_x
                0x80005f54                _restgpr_26_x
                0x80005f58                _restgpr_27_x
                0x80005f5c                _restgpr_28_x
                0x80005f60                _restgpr_29_x
                0x80005f64                _restgpr_30_x
                0x80005f68                _restgpr_31_x
 *(.text.*)
 .text.__do_global_dtors_aux
                0x80005f7c       0xcc C:/devkitPro/devkitPPC/bin/../lib/gcc/powerpc-eabi/15.2.0/crtbegin.o
 .text.frame_dummy
                0x80006048       0x24 C:/devkitPro/devkitPPC/bin/../lib/gcc/powerpc-eabi/15.2.0/crtbegin.o
 .text.__crtmain
                0x8000606c       0x40 C:/devkitPro/devkitPPC/bin/../lib/gcc/powerpc-eabi/15.2.0/../../../../powerpc-eabi/lib/crtmain.o
                0x80006070                __crtmain
 .text._ZL12copy_buffersj
                0x800060ac       0x64 main.o
 .text._Z13update_screenPA4_f
                0x80006110       0xb8 main.o
                0x80006110                _Z13update_screenPA4_f
 .text.startup.main
                0x800061c8      0x3c4 main.o
                0x800061c8                main
 .text.__wpad_setevtfilter_finished
                0x8000658c       0x74 C:/devkitPro/libogc/lib/wii\libwiiuse.a(wpad.o)
 .text.__wpad_disconnectCB
                0x80006600      0x1bc C:/devkitPro/libogc/lib/wii\libwiiuse.a(wpad.o)
                0x80006600                __wpad_disconnectCB
 .text.__wpad_hostsyncbuttonCB
                0x800067bc       0x90 C:/devkitPro/libogc/lib/wii\libwiiuse.a(wpad.o)
 .text.__wpad_assign_slot
                0x8000684c      0x188 C:/devkitPro/libogc/lib/wii\libwiiuse.a(wpad.o)
                0x8000684c                __wpad_assign_slot
 .text.__wpad_register_new
                0x800069d4      0x46c C:/devkitPro/libogc/lib/wii\libwiiuse.a(wpad.o)
                0x800069d4                __wpad_register_new
 .text.__wpad_def_powcb
                0x80006e40        0x4 C:/devkitPro/libogc/lib/wii\libwiiuse.a(wpad.o)
 .text.__wpad_read_remote_name_finished
                0x80006e44      0x274 C:/devkitPro/libogc/lib/wii\libwiiuse.a(wpad.o)
                0x80006e44                __wpad_read_remote_name_finished
 .text.__wpad_inquiry_finished
                0x800070b8      0x124 C:/devkitPro/libogc/lib/wii\libwiiuse.a(wpad.o)
                0x800070b8                __wpad_inquiry_finished
 .text.__wpad_confsave_thread_func
                0x800071dc       0x58 C:/devkitPro/libogc/lib/wii\libwiiuse.a(wpad.o)
 .text.__initcore_finished
                0x80007234       0xa4 C:/devkitPro/libogc/lib/wii\libwiiuse.a(wpad.o)
 .text.__readlinkkey_finished
                0x800072d8      0x138 C:/devkitPro/libogc/lib/wii\libwiiuse.a(wpad.o)
 .text.__wpad_patch_finished
                0x80007410       0x90 C:/devkitPro/libogc/lib/wii\libwiiuse.a(wpad.o)
 .text.__wpad_init_finished
                0x800074a0       0x9c C:/devkitPro/libogc/lib/wii\libwiiuse.a(wpad.o)
 .text.__wpad_linkkeynotCB
                0x8000753c      0x320 C:/devkitPro/libogc/lib/wii\libwiiuse.a(wpad.o)
 .text.__wpad_linkkeyreqCB
                0x8000785c      0x16c C:/devkitPro/libogc/lib/wii\libwiiuse.a(wpad.o)
 .text.__wpad_connreqCB
                0x800079c8      0x370 C:/devkitPro/libogc/lib/wii\libwiiuse.a(wpad.o)
 .text.__wpad_setfmt
                0x80007d38      0x14c C:/devkitPro/libogc/lib/wii\libwiiuse.a(wpad.o)
 .text.__wpad_eventCB
                0x80007e84      0xbf4 C:/devkitPro/libogc/lib/wii\libwiiuse.a(wpad.o)
 .text.__wpad_timeouthandler
                0x80008a78       0xfc C:/devkitPro/libogc/lib/wii\libwiiuse.a(wpad.o)
 .text.WPAD_WipeSavedControllers
                0x80008b74      0x140 C:/devkitPro/libogc/lib/wii\libwiiuse.a(wpad.o)
                0x80008b74                WPAD_WipeSavedControllers
 .text.__wpad_def_hostsynccb
                0x80008cb4       0x78 C:/devkitPro/libogc/lib/wii\libwiiuse.a(wpad.o)
 .text.WPAD_ReadEvent
                0x80008d2c      0x6a8 C:/devkitPro/libogc/lib/wii\libwiiuse.a(wpad.o)
                0x80008d2c                WPAD_ReadEvent
 .text.WPAD_ReadPending
                0x800093d4      0x1b4 C:/devkitPro/libogc/lib/wii\libwiiuse.a(wpad.o)
                0x800093d4                WPAD_ReadPending
 .text.WPAD_Shutdown
                0x80009588      0x134 C:/devkitPro/libogc/lib/wii\libwiiuse.a(wpad.o)
                0x80009588                WPAD_Shutdown
 .text.WPAD_Init
                0x800096bc      0x360 C:/devkitPro/libogc/lib/wii\libwiiuse.a(wpad.o)
                0x800096bc                WPAD_Init
 .text.__wpad_onreset
                0x80009a1c       0x34 C:/devkitPro/libogc/lib/wii\libwiiuse.a(wpad.o)
 .text.WPAD_ScanPads
                0x80009a50       0x7c C:/devkitPro/libogc/lib/wii\libwiiuse.a(wpad.o)
                0x80009a50                WPAD_ScanPads
 .text.WPAD_ButtonsDown
                0x80009acc       0x28 C:/devkitPro/libogc/lib/wii\libwiiuse.a(wpad.o)
                0x80009acc                WPAD_ButtonsDown
 .text.motion_plus_disconnected
                0x80009af4       0x10 C:/devkitPro/libogc/lib/wii\libwiiuse.a(motion_plus.o)
                0x80009af4                motion_plus_disconnected
 .text.motion_plus_event
                0x80009b04       0x64 C:/devkitPro/libogc/lib/wii\libwiiuse.a(motion_plus.o)
                0x80009b04                motion_plus_event
 .text.calculate_gforce
                0x80009b68      0x114 C:/devkitPro/libogc/lib/wii\libwiiuse.a(dynamics.o)
                0x80009b68                calculate_gforce
 .text.calc_joystick_state
                0x80009c7c      0x208 C:/devkitPro/libogc/lib/wii\libwiiuse.a(dynamics.o)
                0x80009c7c                calc_joystick_state
 .text.apply_smoothing
                0x80009e84      0x110 C:/devkitPro/libogc/lib/wii\libwiiuse.a(dynamics.o)
                0x80009e84                apply_smoothing
 .text.calculate_orientation
                0x80009f94      0x360 C:/devkitPro/libogc/lib/wii\libwiiuse.a(dynamics.o)
                0x80009f94                calculate_orientation
 .text.calc_balanceboard_state
                0x8000a2f4      0x3a4 C:/devkitPro/libogc/lib/wii\libwiiuse.a(dynamics.o)
                0x8000a2f4                calc_balanceboard_state
 .text.wiiuse_handshake
                0x8000a698      0x24c C:/devkitPro/libogc/lib/wii\libwiiuse.a(io.o)
                0x8000a698                wiiuse_handshake
 .text.wiiuse_handshake_expansion
                0x8000a8e4      0x214 C:/devkitPro/libogc/lib/wii\libwiiuse.a(io.o)
                0x8000a8e4                wiiuse_handshake_expansion
 .text.wiiuse_handshake_expansion_start
                0x8000aaf8       0x5c C:/devkitPro/libogc/lib/wii\libwiiuse.a(io.o)
                0x8000aaf8                wiiuse_handshake_expansion_start
 .text.wiiuse_disable_expansion
                0x8000ab54      0x1b0 C:/devkitPro/libogc/lib/wii\libwiiuse.a(io.o)
                0x8000ab54                wiiuse_disable_expansion
 .text.__wiiuse_accept_step2
                0x8000ad04       0x5c C:/devkitPro/libogc/lib/wii\libwiiuse.a(io_wii.o)
 .text.__wiiuse_connected
                0x8000ad60       0xac C:/devkitPro/libogc/lib/wii\libwiiuse.a(io_wii.o)
 .text.__wiiuse_disconnected
                0x8000ae0c       0xc8 C:/devkitPro/libogc/lib/wii\libwiiuse.a(io_wii.o)
 .text.__wiiuse_receive
                0x8000aed4       0xc4 C:/devkitPro/libogc/lib/wii\libwiiuse.a(io_wii.o)
 .text.__wiiuse_connect_step2
                0x8000af98       0x5c C:/devkitPro/libogc/lib/wii\libwiiuse.a(io_wii.o)
 .text.__wiiuse_sensorbar_enable
                0x8000aff4       0x74 C:/devkitPro/libogc/lib/wii\libwiiuse.a(io_wii.o)
                0x8000aff4                __wiiuse_sensorbar_enable
 .text.wiiuse_accept
                0x8000b068      0x15c C:/devkitPro/libogc/lib/wii\libwiiuse.a(io_wii.o)
                0x8000b068                wiiuse_accept
 .text.wiiuse_connect
                0x8000b1c4      0x15c C:/devkitPro/libogc/lib/wii\libwiiuse.a(io_wii.o)
                0x8000b1c4                wiiuse_connect
 .text.wiiuse_disconnect
                0x8000b320       0x50 C:/devkitPro/libogc/lib/wii\libwiiuse.a(io_wii.o)
                0x8000b320                wiiuse_disconnect
 .text.wiiuse_init_cmd_queue
                0x8000b370       0xa4 C:/devkitPro/libogc/lib/wii\libwiiuse.a(io_wii.o)
                0x8000b370                wiiuse_init_cmd_queue
 .text.wiiuse_io_write
                0x8000b414       0x1c C:/devkitPro/libogc/lib/wii\libwiiuse.a(io_wii.o)
                0x8000b414                wiiuse_io_write
 .text.rotate_dots
                0x8000b430      0x134 C:/devkitPro/libogc/lib/wii\libwiiuse.a(ir.o)
 .text.wiiuse_set_ir_mode
                0x8000b564       0x5c C:/devkitPro/libogc/lib/wii\libwiiuse.a(ir.o)
                0x8000b564                wiiuse_set_ir_mode
 .text.wiiuse_set_ir
                0x8000b5c0      0x26c C:/devkitPro/libogc/lib/wii\libwiiuse.a(ir.o)
                0x8000b5c0                wiiuse_set_ir
 .text.wiiuse_set_ir_position
                0x8000b82c       0x80 C:/devkitPro/libogc/lib/wii\libwiiuse.a(ir.o)
                0x8000b82c                wiiuse_set_ir_position
 .text.wiiuse_set_aspect_ratio
                0x8000b8ac       0xac C:/devkitPro/libogc/lib/wii\libwiiuse.a(ir.o)
                0x8000b8ac                wiiuse_set_aspect_ratio
 .text.wiiuse_set_ir_sensitivity
                0x8000b958      0x190 C:/devkitPro/libogc/lib/wii\libwiiuse.a(ir.o)
                0x8000b958                wiiuse_set_ir_sensitivity
 .text.calculate_basic_ir
                0x8000bae8       0xe8 C:/devkitPro/libogc/lib/wii\libwiiuse.a(ir.o)
                0x8000bae8                calculate_basic_ir
 .text.calculate_extended_ir
                0x8000bbd0       0x64 C:/devkitPro/libogc/lib/wii\libwiiuse.a(ir.o)
                0x8000bbd0                calculate_extended_ir
 .text.find_sensorbar
                0x8000bc34      0xb00 C:/devkitPro/libogc/lib/wii\libwiiuse.a(ir.o)
                0x8000bc34                find_sensorbar
 .text.apply_ir_smoothing
                0x8000c734      0x120 C:/devkitPro/libogc/lib/wii\libwiiuse.a(ir.o)
                0x8000c734                apply_ir_smoothing
 .text.interpret_ir_data
                0x8000c854      0x3d0 C:/devkitPro/libogc/lib/wii\libwiiuse.a(ir.o)
                0x8000c854                interpret_ir_data
 .text.nunchuk_handshake
                0x8000cc24      0x360 C:/devkitPro/libogc/lib/wii\libwiiuse.a(nunchuk.o)
                0x8000cc24                nunchuk_handshake
 .text.nunchuk_disconnected
                0x8000cf84        0xc C:/devkitPro/libogc/lib/wii\libwiiuse.a(nunchuk.o)
                0x8000cf84                nunchuk_disconnected
 .text.nunchuk_event
                0x8000cf90       0xe8 C:/devkitPro/libogc/lib/wii\libwiiuse.a(nunchuk.o)
                0x8000cf90                nunchuk_event
 .text.wii_board_handshake
                0x8000d078      0x28c C:/devkitPro/libogc/lib/wii\libwiiuse.a(wiiboard.o)
                0x8000d078                wii_board_handshake
 .text.wii_board_disconnected
                0x8000d304        0xc C:/devkitPro/libogc/lib/wii\libwiiuse.a(wiiboard.o)
                0x8000d304                wii_board_disconnected
 .text.wii_board_event
                0x8000d310       0x24 C:/devkitPro/libogc/lib/wii\libwiiuse.a(wiiboard.o)
                0x8000d310                wii_board_event
 .text.wiiuse_send_next_command
                0x8000d334       0x58 C:/devkitPro/libogc/lib/wii\libwiiuse.a(wiiuse.o)
                0x8000d334                wiiuse_send_next_command
 .text.wiiuse_init
                0x8000d38c      0x1fc C:/devkitPro/libogc/lib/wii\libwiiuse.a(wiiuse.o)
                0x8000d38c                wiiuse_init
 .text.wiiuse_set_flags
                0x8000d588       0x28 C:/devkitPro/libogc/lib/wii\libwiiuse.a(wiiuse.o)
                0x8000d588                wiiuse_set_flags
 .text.wiiuse_read_data
                0x8000d5b0      0x12c C:/devkitPro/libogc/lib/wii\libwiiuse.a(wiiuse.o)
                0x8000d5b0                wiiuse_read_data
 .text.wiiuse_write_data
                0x8000d6dc      0x160 C:/devkitPro/libogc/lib/wii\libwiiuse.a(wiiuse.o)
                0x8000d6dc                wiiuse_write_data
 .text.wiiuse_sendcmd
                0x8000d83c      0x14c C:/devkitPro/libogc/lib/wii\libwiiuse.a(wiiuse.o)
                0x8000d83c                wiiuse_sendcmd
 .text.wiiuse_set_leds
                0x8000d988       0x50 C:/devkitPro/libogc/lib/wii\libwiiuse.a(wiiuse.o)
                0x8000d988                wiiuse_set_leds
 .text.wiiuse_set_report_type
                0x8000d9d8       0xb4 C:/devkitPro/libogc/lib/wii\libwiiuse.a(wiiuse.o)
                0x8000d9d8                wiiuse_set_report_type
 .text.wiiuse_status
                0x8000da8c       0x4c C:/devkitPro/libogc/lib/wii\libwiiuse.a(wiiuse.o)
                0x8000da8c                wiiuse_status
 .text.wiiuse_motion_sensing
                0x8000dad8       0x84 C:/devkitPro/libogc/lib/wii\libwiiuse.a(wiiuse.o)
                0x8000dad8                wiiuse_motion_sensing
 .text.wiiuse_set_speaker
                0x8000db5c      0x258 C:/devkitPro/libogc/lib/wii\libwiiuse.a(speaker.o)
                0x8000db5c                wiiuse_set_speaker
 .text.classic_ctrl_pressed_buttons
                0x8000ddb4       0x4c C:/devkitPro/libogc/lib/wii\libwiiuse.a(classic.o)
 .text.classic_ctrl_handshake
                0x8000de00      0x460 C:/devkitPro/libogc/lib/wii\libwiiuse.a(classic.o)
                0x8000de00                classic_ctrl_handshake
 .text.classic_ctrl_disconnected
                0x8000e260        0xc C:/devkitPro/libogc/lib/wii\libwiiuse.a(classic.o)
                0x8000e260                classic_ctrl_disconnected
 .text.classic_ctrl_event
                0x8000e26c      0x19c C:/devkitPro/libogc/lib/wii\libwiiuse.a(classic.o)
                0x8000e26c                classic_ctrl_event
 .text.handle_expansion
                0x8000e408       0x54 C:/devkitPro/libogc/lib/wii\libwiiuse.a(events.o)
 .text.parse_event
                0x8000e45c      0x704 C:/devkitPro/libogc/lib/wii\libwiiuse.a(events.o)
                0x8000e45c                parse_event
 .text.guitar_hero_3_handshake
                0x8000eb60       0x5c C:/devkitPro/libogc/lib/wii\libwiiuse.a(guitar_hero_3.o)
                0x8000eb60                guitar_hero_3_handshake
 .text.guitar_hero_3_disconnected
                0x8000ebbc        0xc C:/devkitPro/libogc/lib/wii\libwiiuse.a(guitar_hero_3.o)
                0x8000ebbc                guitar_hero_3_disconnected
 .text.guitar_hero_3_event
                0x8000ebc8       0x60 C:/devkitPro/libogc/lib/wii\libwiiuse.a(guitar_hero_3.o)
                0x8000ebc8                guitar_hero_3_event
 .text.acl_wlp_completed
                0x8000ec28        0x8 C:/devkitPro/libogc/lib/wii\libbte.a(bte.o)
                0x8000ec28                acl_wlp_completed
 .text.bt_alarmhandler
                0x8000ec30       0x58 C:/devkitPro/libogc/lib/wii\libbte.a(bte.o)
 .text.__bte_send_pending_request
                0x8000ec88      0x108 C:/devkitPro/libogc/lib/wii\libbte.a(bte.o)
 .text.acl_conn_complete
                0x8000ed90       0x28 C:/devkitPro/libogc/lib/wii\libbte.a(bte.o)
                0x8000ed90                acl_conn_complete
 .text.acl_auth_complete
                0x8000edb8       0x2c C:/devkitPro/libogc/lib/wii\libbte.a(bte.o)
                0x8000edb8                acl_auth_complete
 .text.pin_req  0x8000ede4       0x8c C:/devkitPro/libogc/lib/wii\libbte.a(bte.o)
                0x8000ede4                pin_req
 .text.l2cap_connected
                0x8000ee70       0xf0 C:/devkitPro/libogc/lib/wii\libbte.a(bte.o)
                0x8000ee70                l2cap_connected
 .text.l2cap_accepted
                0x8000ef60       0xe8 C:/devkitPro/libogc/lib/wii\libbte.a(bte.o)
                0x8000ef60                l2cap_accepted
 .text.bte_inquiry_complete
                0x8000f048      0x240 C:/devkitPro/libogc/lib/wii\libbte.a(bte.o)
                0x8000f048                bte_inquiry_complete
 .text.l2cap_disconnect_cfm
                0x8000f288      0x180 C:/devkitPro/libogc/lib/wii\libbte.a(bte.o)
                0x8000f288                l2cap_disconnect_cfm
 .text.bte_process_input
                0x8000f408      0x120 C:/devkitPro/libogc/lib/wii\libbte.a(bte.o)
 .text.l2cap_disconnected_ind
                0x8000f528      0x18c C:/devkitPro/libogc/lib/wii\libbte.a(bte.o)
                0x8000f528                l2cap_disconnected_ind
 .text.__bte_shutdown_finished
                0x8000f6b4       0xe8 C:/devkitPro/libogc/lib/wii\libbte.a(bte.o)
 .text.bte_hci_apply_patch_complete
                0x8000f79c      0x170 C:/devkitPro/libogc/lib/wii\libbte.a(bte.o)
                0x8000f79c                bte_hci_apply_patch_complete
 .text.bte_hci_patch_complete
                0x8000f90c      0x37c C:/devkitPro/libogc/lib/wii\libbte.a(bte.o)
                0x8000f90c                bte_hci_patch_complete
 .text.bte_read_remote_name_complete
                0x8000fc88      0x190 C:/devkitPro/libogc/lib/wii\libbte.a(bte.o)
                0x8000fc88                bte_read_remote_name_complete
 .text.bte_hci_initcore_complete
                0x8000fe18      0x260 C:/devkitPro/libogc/lib/wii\libbte.a(bte.o)
                0x8000fe18                bte_hci_initcore_complete
 .text.bte_read_stored_link_key_complete
                0x80010078      0x288 C:/devkitPro/libogc/lib/wii\libbte.a(bte.o)
                0x80010078                bte_read_stored_link_key_complete
 .text.bte_set_evt_filter_complete
                0x80010300      0x1dc C:/devkitPro/libogc/lib/wii\libbte.a(bte.o)
                0x80010300                bte_set_evt_filter_complete
 .text.bte_hci_initcore_complete2
                0x800104dc      0x230 C:/devkitPro/libogc/lib/wii\libbte.a(bte.o)
 .text.bte_hci_initsub_complete
                0x8001070c      0x280 C:/devkitPro/libogc/lib/wii\libbte.a(bte.o)
                0x8001070c                bte_hci_initsub_complete
 .text.BTE_Init
                0x8001098c      0x154 C:/devkitPro/libogc/lib/wii\libbte.a(bte.o)
                0x8001098c                BTE_Init
 .text.BTE_Close
                0x80010ae0       0x64 C:/devkitPro/libogc/lib/wii\libbte.a(bte.o)
                0x80010ae0                BTE_Close
 .text.BTE_Shutdown
                0x80010b44      0x10c C:/devkitPro/libogc/lib/wii\libbte.a(bte.o)
                0x80010b44                BTE_Shutdown
 .text.BTE_InitCore
                0x80010c50       0x8c C:/devkitPro/libogc/lib/wii\libbte.a(bte.o)
                0x80010c50                BTE_InitCore
 .text.BTE_ApplyPatch
                0x80010cdc       0xa4 C:/devkitPro/libogc/lib/wii\libbte.a(bte.o)
                0x80010cdc                BTE_ApplyPatch
 .text.BTE_InitSub
                0x80010d80       0x90 C:/devkitPro/libogc/lib/wii\libbte.a(bte.o)
                0x80010d80                BTE_InitSub
 .text.BTE_ReadStoredLinkKey
                0x80010e10       0x90 C:/devkitPro/libogc/lib/wii\libbte.a(bte.o)
                0x80010e10                BTE_ReadStoredLinkKey
 .text.BTE_SetEvtFilter
                0x80010ea0       0xb8 C:/devkitPro/libogc/lib/wii\libbte.a(bte.o)
                0x80010ea0                BTE_SetEvtFilter
 .text.BTE_ReadRemoteName
                0x80010f58       0x8c C:/devkitPro/libogc/lib/wii\libbte.a(bte.o)
                0x80010f58                BTE_ReadRemoteName
 .text.BTE_LinkKeyRequestReply
                0x80010fe4       0x9c C:/devkitPro/libogc/lib/wii\libbte.a(bte.o)
                0x80010fe4                BTE_LinkKeyRequestReply
 .text.BTE_LinkKeyRequestNegativeReply
                0x80011080       0x8c C:/devkitPro/libogc/lib/wii\libbte.a(bte.o)
                0x80011080                BTE_LinkKeyRequestNegativeReply
 .text.BTE_GetPairMode
                0x8001110c        0xc C:/devkitPro/libogc/lib/wii\libbte.a(bte.o)
                0x8001110c                BTE_GetPairMode
 .text.BTE_SetDisconnectCallback
                0x80011118        0x4 C:/devkitPro/libogc/lib/wii\libbte.a(bte.o)
                0x80011118                BTE_SetDisconnectCallback
 .text.BTE_SetHostSyncButtonCallback
                0x8001111c       0x60 C:/devkitPro/libogc/lib/wii\libbte.a(bte.o)
                0x8001111c                BTE_SetHostSyncButtonCallback
 .text.BTE_SetConnectionRequestCallback
                0x8001117c       0x60 C:/devkitPro/libogc/lib/wii\libbte.a(bte.o)
                0x8001117c                BTE_SetConnectionRequestCallback
 .text.BTE_SetLinkKeyRequestCallback
                0x800111dc       0x60 C:/devkitPro/libogc/lib/wii\libbte.a(bte.o)
                0x800111dc                BTE_SetLinkKeyRequestCallback
 .text.BTE_SetLinkKeyNotificationCallback
                0x8001123c       0x60 C:/devkitPro/libogc/lib/wii\libbte.a(bte.o)
                0x8001123c                BTE_SetLinkKeyNotificationCallback
 .text.BTE_WriteStoredLinkKey
                0x8001129c       0x9c C:/devkitPro/libogc/lib/wii\libbte.a(bte.o)
                0x8001129c                BTE_WriteStoredLinkKey
 .text.BTE_ClearStoredLinkKeys
                0x80011338       0x80 C:/devkitPro/libogc/lib/wii\libbte.a(bte.o)
                0x80011338                BTE_ClearStoredLinkKeys
 .text.bte_new  0x800113b8       0x54 C:/devkitPro/libogc/lib/wii\libbte.a(bte.o)
                0x800113b8                bte_new
 .text.bte_free
                0x8001140c       0x38 C:/devkitPro/libogc/lib/wii\libbte.a(bte.o)
                0x8001140c                bte_free
 .text.BTE_Inquiry
                0x80011444       0xd0 C:/devkitPro/libogc/lib/wii\libbte.a(bte.o)
                0x80011444                BTE_Inquiry
 .text.bte_disconnect
                0x80011514       0xcc C:/devkitPro/libogc/lib/wii\libbte.a(bte.o)
                0x80011514                bte_disconnect
 .text.bte_connectasync
                0x800115e0      0x128 C:/devkitPro/libogc/lib/wii\libbte.a(bte.o)
                0x800115e0                bte_connectasync
 .text.bte_connectasync_step2
                0x80011708       0xe0 C:/devkitPro/libogc/lib/wii\libbte.a(bte.o)
                0x80011708                bte_connectasync_step2
 .text.bte_listenasync
                0x800117e8      0x114 C:/devkitPro/libogc/lib/wii\libbte.a(bte.o)
                0x800117e8                bte_listenasync
 .text.bte_listenasync_step2
                0x800118fc       0xdc C:/devkitPro/libogc/lib/wii\libbte.a(bte.o)
                0x800118fc                bte_listenasync_step2
 .text.bte_senddata
                0x800119d8      0x104 C:/devkitPro/libogc/lib/wii\libbte.a(bte.o)
                0x800119d8                bte_senddata
 .text.bte_arg  0x80011adc       0x38 C:/devkitPro/libogc/lib/wii\libbte.a(bte.o)
                0x80011adc                bte_arg
 .text.bte_received
                0x80011b14       0x38 C:/devkitPro/libogc/lib/wii\libbte.a(bte.o)
                0x80011b14                bte_received
 .text.bte_disconnected
                0x80011b4c       0x38 C:/devkitPro/libogc/lib/wii\libbte.a(bte.o)
                0x80011b4c                bte_disconnected
 .text.hci_get_link
                0x80011b84       0x84 C:/devkitPro/libogc/lib/wii\libbte.a(hci.o)
 .text.hci_init
                0x80011c08       0x7c C:/devkitPro/libogc/lib/wii\libbte.a(hci.o)
                0x80011c08                hci_init
 .text.hci_close
                0x80011c84      0x134 C:/devkitPro/libogc/lib/wii\libbte.a(hci.o)
                0x80011c84                hci_close
 .text.hci_reset_all
                0x80011db8       0xa8 C:/devkitPro/libogc/lib/wii\libbte.a(hci.o)
                0x80011db8                hci_reset_all
 .text.hci_arg  0x80011e60        0xc C:/devkitPro/libogc/lib/wii\libbte.a(hci.o)
                0x80011e60                hci_arg
 .text.hci_cmd_complete
                0x80011e6c        0xc C:/devkitPro/libogc/lib/wii\libbte.a(hci.o)
                0x80011e6c                hci_cmd_complete
 .text.hci_pin_req
                0x80011e78        0xc C:/devkitPro/libogc/lib/wii\libbte.a(hci.o)
                0x80011e78                hci_pin_req
 .text.hci_sync_btn
                0x80011e84        0xc C:/devkitPro/libogc/lib/wii\libbte.a(hci.o)
                0x80011e84                hci_sync_btn
 .text.hci_remote_name_req_complete
                0x80011e90        0xc C:/devkitPro/libogc/lib/wii\libbte.a(hci.o)
                0x80011e90                hci_remote_name_req_complete
 .text.hci_link_key_req
                0x80011e9c        0xc C:/devkitPro/libogc/lib/wii\libbte.a(hci.o)
                0x80011e9c                hci_link_key_req
 .text.hci_link_key_not
                0x80011ea8        0xc C:/devkitPro/libogc/lib/wii\libbte.a(hci.o)
                0x80011ea8                hci_link_key_not
 .text.hci_connection_complete
                0x80011eb4        0xc C:/devkitPro/libogc/lib/wii\libbte.a(hci.o)
                0x80011eb4                hci_connection_complete
 .text.hci_auth_complete
                0x80011ec0        0xc C:/devkitPro/libogc/lib/wii\libbte.a(hci.o)
                0x80011ec0                hci_auth_complete
 .text.hci_wlp_complete
                0x80011ecc        0xc C:/devkitPro/libogc/lib/wii\libbte.a(hci.o)
                0x80011ecc                hci_wlp_complete
 .text.hci_conn_req
                0x80011ed8        0xc C:/devkitPro/libogc/lib/wii\libbte.a(hci.o)
                0x80011ed8                hci_conn_req
 .text.hci_reset
                0x80011ee4       0xa8 C:/devkitPro/libogc/lib/wii\libbte.a(hci.o)
                0x80011ee4                hci_reset
 .text.hci_read_buffer_size
                0x80011f8c       0xa8 C:/devkitPro/libogc/lib/wii\libbte.a(hci.o)
                0x80011f8c                hci_read_buffer_size
 .text.hci_read_bd_addr
                0x80012034       0xa8 C:/devkitPro/libogc/lib/wii\libbte.a(hci.o)
                0x80012034                hci_read_bd_addr
 .text.hci_read_local_version
                0x800120dc       0xa4 C:/devkitPro/libogc/lib/wii\libbte.a(hci.o)
                0x800120dc                hci_read_local_version
 .text.hci_read_local_features
                0x80012180       0xa8 C:/devkitPro/libogc/lib/wii\libbte.a(hci.o)
                0x80012180                hci_read_local_features
 .text.hci_read_stored_link_key
                0x80012228      0x10c C:/devkitPro/libogc/lib/wii\libbte.a(hci.o)
                0x80012228                hci_read_stored_link_key
 .text.hci_set_event_filter
                0x80012334      0x180 C:/devkitPro/libogc/lib/wii\libbte.a(hci.o)
                0x80012334                hci_set_event_filter
 .text.hci_write_page_timeout
                0x800124b4       0xd4 C:/devkitPro/libogc/lib/wii\libbte.a(hci.o)
                0x800124b4                hci_write_page_timeout
 .text.hci_write_scan_enable
                0x80012588       0xc0 C:/devkitPro/libogc/lib/wii\libbte.a(hci.o)
                0x80012588                hci_write_scan_enable
 .text.hci_inquiry
                0x80012648      0x144 C:/devkitPro/libogc/lib/wii\libbte.a(hci.o)
                0x80012648                hci_inquiry
 .text.hci_accept_conn_request
                0x8001278c       0xf0 C:/devkitPro/libogc/lib/wii\libbte.a(hci.o)
                0x8001278c                hci_accept_conn_request
 .text.hci_write_local_name
                0x8001287c       0xec C:/devkitPro/libogc/lib/wii\libbte.a(hci.o)
                0x8001287c                hci_write_local_name
 .text.hci_write_pin_type
                0x80012968       0xc0 C:/devkitPro/libogc/lib/wii\libbte.a(hci.o)
                0x80012968                hci_write_pin_type
 .text.hci_read_remote_name
                0x80012a28      0x1b4 C:/devkitPro/libogc/lib/wii\libbte.a(hci.o)
                0x80012a28                hci_read_remote_name
 .text.hci_write_inquiry_mode
                0x80012bdc       0xc0 C:/devkitPro/libogc/lib/wii\libbte.a(hci.o)
                0x80012bdc                hci_write_inquiry_mode
 .text.hci_write_page_scan_type
                0x80012c9c       0xc0 C:/devkitPro/libogc/lib/wii\libbte.a(hci.o)
                0x80012c9c                hci_write_page_scan_type
 .text.hci_write_inquiry_scan_type
                0x80012d5c       0xc0 C:/devkitPro/libogc/lib/wii\libbte.a(hci.o)
                0x80012d5c                hci_write_inquiry_scan_type
 .text.hci_vendor_specific_command
                0x80012e1c      0x104 C:/devkitPro/libogc/lib/wii\libbte.a(hci.o)
                0x80012e1c                hci_vendor_specific_command
 .text.hci_auth_req
                0x80012f20       0xe8 C:/devkitPro/libogc/lib/wii\libbte.a(hci.o)
                0x80012f20                hci_auth_req
 .text.hci_write_link_policy_settings
                0x80013008      0x104 C:/devkitPro/libogc/lib/wii\libbte.a(hci.o)
                0x80013008                hci_write_link_policy_settings
 .text.hci_pin_code_request_reply
                0x8001310c      0x150 C:/devkitPro/libogc/lib/wii\libbte.a(hci.o)
                0x8001310c                hci_pin_code_request_reply
 .text.hci_link_key_req_reply
                0x8001325c      0x114 C:/devkitPro/libogc/lib/wii\libbte.a(hci.o)
                0x8001325c                hci_link_key_req_reply
 .text.hci_pin_code_request_neg_reply
                0x80013370       0xd4 C:/devkitPro/libogc/lib/wii\libbte.a(hci.o)
                0x80013370                hci_pin_code_request_neg_reply
 .text.hci_link_key_req_neg_reply
                0x80013444       0xd4 C:/devkitPro/libogc/lib/wii\libbte.a(hci.o)
                0x80013444                hci_link_key_req_neg_reply
 .text.hci_disconnect
                0x80013518      0x104 C:/devkitPro/libogc/lib/wii\libbte.a(hci.o)
                0x80013518                hci_disconnect
 .text.hci_reject_connection_request
                0x8001361c       0xf0 C:/devkitPro/libogc/lib/wii\libbte.a(hci.o)
                0x8001361c                hci_reject_connection_request
 .text.hci_write_stored_link_key
                0x8001370c      0x128 C:/devkitPro/libogc/lib/wii\libbte.a(hci.o)
                0x8001370c                hci_write_stored_link_key
 .text.hci_delete_stored_link_key
                0x80013834      0x10c C:/devkitPro/libogc/lib/wii\libbte.a(hci.o)
                0x80013834                hci_delete_stored_link_key
 .text.hci_write_cod
                0x80013940       0xd8 C:/devkitPro/libogc/lib/wii\libbte.a(hci.o)
                0x80013940                hci_write_cod
 .text.hci_host_buffer_size
                0x80013a18      0x11c C:/devkitPro/libogc/lib/wii\libbte.a(hci.o)
                0x80013a18                hci_host_buffer_size
 .text.hci_host_num_comp_packets
                0x80013b34      0x110 C:/devkitPro/libogc/lib/wii\libbte.a(hci.o)
                0x80013b34                hci_host_num_comp_packets
 .text.lp_pdu_maxsize
                0x80013c44        0xc C:/devkitPro/libogc/lib/wii\libbte.a(hci.o)
                0x80013c44                lp_pdu_maxsize
 .text.hci_get_bd_addr
                0x80013c50       0x50 C:/devkitPro/libogc/lib/wii\libbte.a(hci.o)
                0x80013c50                hci_get_bd_addr
 .text.lp_is_connected
                0x80013ca0       0x28 C:/devkitPro/libogc/lib/wii\libbte.a(hci.o)
                0x80013ca0                lp_is_connected
 .text.lp_acl_write
                0x80013cc8      0x154 C:/devkitPro/libogc/lib/wii\libbte.a(hci.o)
                0x80013cc8                lp_acl_write
 .text.lp_write_flush_timeout
                0x80013e1c      0x104 C:/devkitPro/libogc/lib/wii\libbte.a(hci.o)
                0x80013e1c                lp_write_flush_timeout
 .text.lp_connect_req
                0x80013f20      0x294 C:/devkitPro/libogc/lib/wii\libbte.a(hci.o)
                0x80013f20                lp_connect_req
 .text.hci_event_handler
                0x800141b4      0xf00 C:/devkitPro/libogc/lib/wii\libbte.a(hci.o)
                0x800141b4                hci_event_handler
 .text.hci_acldata_handler
                0x800150b4      0x110 C:/devkitPro/libogc/lib/wii\libbte.a(hci.o)
                0x800150b4                hci_acldata_handler
 .text.l2cap_init
                0x800151c4       0x60 C:/devkitPro/libogc/lib/wii\libbte.a(l2cap.o)
                0x800151c4                l2cap_init
 .text.l2cap_write
                0x80015224      0x1a0 C:/devkitPro/libogc/lib/wii\libbte.a(l2cap.o)
                0x80015224                l2cap_write
 .text.l2cap_new
                0x800153c4       0x60 C:/devkitPro/libogc/lib/wii\libbte.a(l2cap.o)
                0x800153c4                l2cap_new
 .text.l2cap_close
                0x80015424      0x1c0 C:/devkitPro/libogc/lib/wii\libbte.a(l2cap.o)
                0x80015424                l2cap_close
 .text.l2cap_reset_all
                0x800155e4      0x148 C:/devkitPro/libogc/lib/wii\libbte.a(l2cap.o)
                0x800155e4                l2cap_reset_all
 .text.l2cap_signal
                0x8001572c      0x204 C:/devkitPro/libogc/lib/wii\libbte.a(l2cap.o)
                0x8001572c                l2cap_signal
 .text.l2ca_connect_req
                0x80015930      0x1e0 C:/devkitPro/libogc/lib/wii\libbte.a(l2cap.o)
                0x80015930                l2ca_connect_req
 .text.l2ca_config_req
                0x80015b10      0x13c C:/devkitPro/libogc/lib/wii\libbte.a(l2cap.o)
                0x80015b10                l2ca_config_req
 .text.l2ca_disconnect_req
                0x80015c4c       0xcc C:/devkitPro/libogc/lib/wii\libbte.a(l2cap.o)
                0x80015c4c                l2ca_disconnect_req
 .text.l2cap_tmr
                0x80015d18      0x260 C:/devkitPro/libogc/lib/wii\libbte.a(l2cap.o)
                0x80015d18                l2cap_tmr
 .text.l2cap_process_sig
                0x80015f78     0x1320 C:/devkitPro/libogc/lib/wii\libbte.a(l2cap.o)
                0x80015f78                l2cap_process_sig
 .text.l2cap_input
                0x80017298      0x5b8 C:/devkitPro/libogc/lib/wii\libbte.a(l2cap.o)
                0x80017298                l2cap_input
 .text.l2ca_datawrite
                0x80017850      0x128 C:/devkitPro/libogc/lib/wii\libbte.a(l2cap.o)
                0x80017850                l2ca_datawrite
 .text.lp_connect_cfm
                0x80017978      0x17c C:/devkitPro/libogc/lib/wii\libbte.a(l2cap.o)
                0x80017978                lp_connect_cfm
 .text.lp_connect_ind
                0x80017af4        0x4 C:/devkitPro/libogc/lib/wii\libbte.a(l2cap.o)
                0x80017af4                lp_connect_ind
 .text.lp_disconnect_ind
                0x80017af8      0x1b0 C:/devkitPro/libogc/lib/wii\libbte.a(l2cap.o)
                0x80017af8                lp_disconnect_ind
 .text.l2cap_disconnect_bb
                0x80017ca8       0x10 C:/devkitPro/libogc/lib/wii\libbte.a(l2cap.o)
                0x80017ca8                l2cap_disconnect_bb
 .text.l2cap_arg
                0x80017cb8        0x8 C:/devkitPro/libogc/lib/wii\libbte.a(l2cap.o)
                0x80017cb8                l2cap_arg
 .text.l2cap_connect_ind
                0x80017cc0      0x100 C:/devkitPro/libogc/lib/wii\libbte.a(l2cap.o)
                0x80017cc0                l2cap_connect_ind
 .text.l2cap_disconnect_ind
                0x80017dc0        0x8 C:/devkitPro/libogc/lib/wii\libbte.a(l2cap.o)
                0x80017dc0                l2cap_disconnect_ind
 .text.l2cap_recv
                0x80017dc8        0x8 C:/devkitPro/libogc/lib/wii\libbte.a(l2cap.o)
                0x80017dc8                l2cap_recv
 .text.btmemb_init
                0x80017dd0       0x24 C:/devkitPro/libogc/lib/wii\libbte.a(btmemb.o)
                0x80017dd0                btmemb_init
 .text.btmemb_alloc
                0x80017df4       0x98 C:/devkitPro/libogc/lib/wii\libbte.a(btmemb.o)
                0x80017df4                btmemb_alloc
 .text.btmemb_free
                0x80017e8c       0xe0 C:/devkitPro/libogc/lib/wii\libbte.a(btmemb.o)
                0x80017e8c                btmemb_free
 .text.plug_holes
                0x80017f6c       0xac C:/devkitPro/libogc/lib/wii\libbte.a(btmemr.o)
 .text.btmemr_init
                0x80018018       0xa4 C:/devkitPro/libogc/lib/wii\libbte.a(btmemr.o)
                0x80018018                btmemr_init
 .text.btmemr_malloc
                0x800180bc      0x180 C:/devkitPro/libogc/lib/wii\libbte.a(btmemr.o)
                0x800180bc                btmemr_malloc
 .text.btmemr_free
                0x8001823c       0x98 C:/devkitPro/libogc/lib/wii\libbte.a(btmemr.o)
                0x8001823c                btmemr_free
 .text.btmemr_realloc
                0x800182d4      0x120 C:/devkitPro/libogc/lib/wii\libbte.a(btmemr.o)
                0x800182d4                btmemr_realloc
 .text.btpbuf_init
                0x800183f4       0x28 C:/devkitPro/libogc/lib/wii\libbte.a(btpbuf.o)
                0x800183f4                btpbuf_init
 .text.btpbuf_free
                0x8001841c      0x104 C:/devkitPro/libogc/lib/wii\libbte.a(btpbuf.o)
                0x8001841c                btpbuf_free
 .text.btpbuf_alloc
                0x80018520      0x270 C:/devkitPro/libogc/lib/wii\libbte.a(btpbuf.o)
                0x80018520                btpbuf_alloc
 .text.btpbuf_realloc
                0x80018790      0x120 C:/devkitPro/libogc/lib/wii\libbte.a(btpbuf.o)
                0x80018790                btpbuf_realloc
 .text.btpbuf_header
                0x800188b0       0x84 C:/devkitPro/libogc/lib/wii\libbte.a(btpbuf.o)
                0x800188b0                btpbuf_header
 .text.btpbuf_ref
                0x80018934       0x48 C:/devkitPro/libogc/lib/wii\libbte.a(btpbuf.o)
                0x80018934                btpbuf_ref
 .text.btpbuf_chain
                0x8001897c       0x9c C:/devkitPro/libogc/lib/wii\libbte.a(btpbuf.o)
                0x8001897c                btpbuf_chain
 .text.btpbuf_dechain
                0x80018a18       0x7c C:/devkitPro/libogc/lib/wii\libbte.a(btpbuf.o)
                0x80018a18                btpbuf_dechain
 .text.btpbuf_take
                0x80018a94      0x13c C:/devkitPro/libogc/lib/wii\libbte.a(btpbuf.o)
                0x80018a94                btpbuf_take
 .text.__writebulkmsgCB
                0x80018bd0       0x3c C:/devkitPro/libogc/lib/wii\libbte.a(physbusif.o)
 .text.__writectrlmsgCB
                0x80018c0c       0x3c C:/devkitPro/libogc/lib/wii\libbte.a(physbusif.o)
 .text.__issue_intrread.part.0
                0x80018c48       0x80 C:/devkitPro/libogc/lib/wii\libbte.a(physbusif.o)
 .text.__readintrdataCB
                0x80018cc8      0x150 C:/devkitPro/libogc/lib/wii\libbte.a(physbusif.o)
 .text.__issue_bulkread.part.0
                0x80018e18       0x80 C:/devkitPro/libogc/lib/wii\libbte.a(physbusif.o)
 .text.__readbulkdataCB
                0x80018e98      0x150 C:/devkitPro/libogc/lib/wii\libbte.a(physbusif.o)
 .text.physbusif_init
                0x80018fe8      0x1ec C:/devkitPro/libogc/lib/wii\libbte.a(physbusif.o)
                0x80018fe8                physbusif_init
 .text.physbusif_close
                0x800191d4       0x20 C:/devkitPro/libogc/lib/wii\libbte.a(physbusif.o)
                0x800191d4                physbusif_close
 .text.physbusif_shutdown
                0x800191f4       0x18 C:/devkitPro/libogc/lib/wii\libbte.a(physbusif.o)
                0x800191f4                physbusif_shutdown
 .text.physbusif_reset_all
                0x8001920c        0x4 C:/devkitPro/libogc/lib/wii\libbte.a(physbusif.o)
                0x8001920c                physbusif_reset_all
 .text.physbusif_output
                0x80019210      0x1f4 C:/devkitPro/libogc/lib/wii\libbte.a(physbusif.o)
                0x80019210                physbusif_output
 .text.__lwp_queue_initialize
                0x80019404       0x98 C:/devkitPro/libogc/lib/wii\libogc.a(lwp_queue.o)
                0x80019404                __lwp_queue_initialize
 .text.__lwp_queue_get
                0x8001949c       0x74 C:/devkitPro/libogc/lib/wii\libogc.a(lwp_queue.o)
                0x8001949c                __lwp_queue_get
 .text.__lwp_queue_append
                0x80019510       0x4c C:/devkitPro/libogc/lib/wii\libogc.a(lwp_queue.o)
                0x80019510                __lwp_queue_append
 .text.__syscall_getreent
                0x8001955c       0x24 C:/devkitPro/libogc/lib/wii\libogc.a(lwp_threads.o)
                0x8001955c                __syscall_getreent
 .text.__lwp_isr_in_progress
                0x80019580        0x8 C:/devkitPro/libogc/lib/wii\libogc.a(lwp_threads.o)
                0x80019580                __lwp_isr_in_progress
 .text.__thread_dispatch_fp
                0x80019588       0x88 C:/devkitPro/libogc/lib/wii\libogc.a(lwp_threads.o)
                0x80019588                __thread_dispatch_fp
 .text.__thread_dispatch
                0x80019610       0xf4 C:/devkitPro/libogc/lib/wii\libogc.a(lwp_threads.o)
                0x80019610                __thread_dispatch
 .text.__lwp_thread_resettimeslice
                0x80019704       0xb4 C:/devkitPro/libogc/lib/wii\libogc.a(lwp_threads.o)
                0x80019704                __lwp_thread_resettimeslice
 .text.__lwp_thread_tickle_timeslice
                0x800197b8       0xc8 C:/devkitPro/libogc/lib/wii\libogc.a(lwp_threads.o)
                0x800197b8                __lwp_thread_tickle_timeslice
 .text.__lwp_thread_setstate
                0x80019880      0x16c C:/devkitPro/libogc/lib/wii\libogc.a(lwp_threads.o)
                0x80019880                __lwp_thread_setstate
 .text.__lwp_thread_clearstate
                0x800199ec       0xe4 C:/devkitPro/libogc/lib/wii\libogc.a(lwp_threads.o)
                0x800199ec                __lwp_thread_clearstate
 .text.__lwp_thread_suspend
                0x80019ad0      0x17c C:/devkitPro/libogc/lib/wii\libogc.a(lwp_threads.o)
                0x80019ad0                __lwp_thread_suspend
 .text.__lwp_thread_settransient
                0x80019c4c       0xb4 C:/devkitPro/libogc/lib/wii\libogc.a(lwp_threads.o)
                0x80019c4c                __lwp_thread_settransient
 .text.__lwp_thread_changepriority
                0x80019d00      0x1f8 C:/devkitPro/libogc/lib/wii\libogc.a(lwp_threads.o)
                0x80019d00                __lwp_thread_changepriority
 .text.__lwp_thread_resume
                0x80019ef8      0x12c C:/devkitPro/libogc/lib/wii\libogc.a(lwp_threads.o)
                0x80019ef8                __lwp_thread_resume
 .text.__lwp_thread_ready
                0x8001a024       0xf0 C:/devkitPro/libogc/lib/wii\libogc.a(lwp_threads.o)
                0x8001a024                __lwp_thread_ready
 .text.__lwp_thread_init
                0x8001a114      0x160 C:/devkitPro/libogc/lib/wii\libogc.a(lwp_threads.o)
                0x8001a114                __lwp_thread_init
 .text.__lwp_thread_close
                0x8001a274      0x144 C:/devkitPro/libogc/lib/wii\libogc.a(lwp_threads.o)
                0x8001a274                __lwp_thread_close
 .text.__lwp_thread_handler
                0x8001a3b8       0xc0 C:/devkitPro/libogc/lib/wii\libogc.a(lwp_threads.o)
 .text.__lwp_thread_closeall
                0x8001a478       0xb4 C:/devkitPro/libogc/lib/wii\libogc.a(lwp_threads.o)
                0x8001a478                __lwp_thread_closeall
 .text.__lwp_thread_start
                0x8001a52c      0x13c C:/devkitPro/libogc/lib/wii\libogc.a(lwp_threads.o)
                0x8001a52c                __lwp_thread_start
 .text.__lwp_thread_startmultitasking
                0x8001a668       0xac C:/devkitPro/libogc/lib/wii\libogc.a(lwp_threads.o)
                0x8001a668                __lwp_thread_startmultitasking
 .text.__lwp_thread_stopmultitasking
                0x8001a714       0x58 C:/devkitPro/libogc/lib/wii\libogc.a(lwp_threads.o)
                0x8001a714                __lwp_thread_stopmultitasking
 .text.__lwp_thread_coreinit
                0x8001a76c       0xc8 C:/devkitPro/libogc/lib/wii\libogc.a(lwp_threads.o)
                0x8001a76c                __lwp_thread_coreinit
 .text.idle_func
                0x8001a834        0x4 C:/devkitPro/libogc/lib/wii\libogc.a(lwp.o)
 .text.__lwp_sysinit
                0x8001a838      0x114 C:/devkitPro/libogc/lib/wii\libogc.a(lwp.o)
                0x8001a838                __lwp_sysinit
 .text.LWP_CreateThread
                0x8001a94c      0x1b0 C:/devkitPro/libogc/lib/wii\libogc.a(lwp.o)
                0x8001a94c                LWP_CreateThread
 .text.LWP_SuspendThread
                0x8001aafc       0xc8 C:/devkitPro/libogc/lib/wii\libogc.a(lwp.o)
                0x8001aafc                LWP_SuspendThread
 .text.LWP_ResumeThread
                0x8001abc4       0xcc C:/devkitPro/libogc/lib/wii\libogc.a(lwp.o)
                0x8001abc4                LWP_ResumeThread
 .text.LWP_GetSelf
                0x8001ac90       0x28 C:/devkitPro/libogc/lib/wii\libogc.a(lwp.o)
                0x8001ac90                LWP_GetSelf
 .text.LWP_JoinThread
                0x8001acb8      0x134 C:/devkitPro/libogc/lib/wii\libogc.a(lwp.o)
                0x8001acb8                LWP_JoinThread
 .text.LWP_InitQueue
                0x8001adec      0x148 C:/devkitPro/libogc/lib/wii\libogc.a(lwp.o)
                0x8001adec                LWP_InitQueue
 .text.LWP_CloseQueue
                0x8001af34       0xd4 C:/devkitPro/libogc/lib/wii\libogc.a(lwp.o)
                0x8001af34                LWP_CloseQueue
 .text.LWP_ThreadSleep
                0x8001b008       0xf4 C:/devkitPro/libogc/lib/wii\libogc.a(lwp.o)
                0x8001b008                LWP_ThreadSleep
 .text.LWP_ThreadBroadcast
                0x8001b0fc       0x88 C:/devkitPro/libogc/lib/wii\libogc.a(lwp.o)
                0x8001b0fc                LWP_ThreadBroadcast
 .text.LWP_ThreadSignal
                0x8001b184       0x74 C:/devkitPro/libogc/lib/wii\libogc.a(lwp.o)
                0x8001b184                LWP_ThreadSignal
 .text.__lwp_stack_allocate
                0x8001b1f8       0x60 C:/devkitPro/libogc/lib/wii\libogc.a(lwp_stack.o)
                0x8001b1f8                __lwp_stack_allocate
 .text.__lwp_stack_free
                0x8001b258       0x1c C:/devkitPro/libogc/lib/wii\libogc.a(lwp_stack.o)
                0x8001b258                __lwp_stack_free
 .text.__lwp_wd_settimer
                0x8001b274       0xdc C:/devkitPro/libogc/lib/wii\libogc.a(lwp_watchdog.o)
 .text.__lwp_watchdog_init
                0x8001b350       0x2c C:/devkitPro/libogc/lib/wii\libogc.a(lwp_watchdog.o)
                0x8001b350                __lwp_watchdog_init
 .text.__lwp_wd_insert
                0x8001b37c      0x194 C:/devkitPro/libogc/lib/wii\libogc.a(lwp_watchdog.o)
                0x8001b37c                __lwp_wd_insert
 .text.__lwp_wd_remove
                0x8001b510      0x134 C:/devkitPro/libogc/lib/wii\libogc.a(lwp_watchdog.o)
                0x8001b510                __lwp_wd_remove
 .text.__lwp_wd_tickle
                0x8001b644      0x120 C:/devkitPro/libogc/lib/wii\libogc.a(lwp_watchdog.o)
                0x8001b644                __lwp_wd_tickle
 .text.__lwp_wkspace_init
                0x8001b764       0xc0 C:/devkitPro/libogc/lib/wii\libogc.a(lwp_wkspace.o)
                0x8001b764                __lwp_wkspace_init
 .text.__lwp_objmgr_initinfo
                0x8001b824      0x1a0 C:/devkitPro/libogc/lib/wii\libogc.a(lwp_objmgr.o)
                0x8001b824                __lwp_objmgr_initinfo
 .text.__lwp_objmgr_getisrdisable
                0x8001b9c4       0x60 C:/devkitPro/libogc/lib/wii\libogc.a(lwp_objmgr.o)
                0x8001b9c4                __lwp_objmgr_getisrdisable
 .text.__lwp_objmgr_getnoprotection
                0x8001ba24       0x24 C:/devkitPro/libogc/lib/wii\libogc.a(lwp_objmgr.o)
                0x8001ba24                __lwp_objmgr_getnoprotection
 .text.__lwp_objmgr_get
                0x8001ba48       0x6c C:/devkitPro/libogc/lib/wii\libogc.a(lwp_objmgr.o)
                0x8001ba48                __lwp_objmgr_get
 .text.__lwp_objmgr_allocate
                0x8001bab4       0x88 C:/devkitPro/libogc/lib/wii\libogc.a(lwp_objmgr.o)
                0x8001bab4                __lwp_objmgr_allocate
 .text.__lwp_objmgr_free
                0x8001bb3c       0x60 C:/devkitPro/libogc/lib/wii\libogc.a(lwp_objmgr.o)
                0x8001bb3c                __lwp_objmgr_free
 .text.__lwp_heap_init
                0x8001bb9c       0xa4 C:/devkitPro/libogc/lib/wii\libogc.a(lwp_heap.o)
                0x8001bb9c                __lwp_heap_init
 .text.__lwp_heap_allocate
                0x8001bc40      0x168 C:/devkitPro/libogc/lib/wii\libogc.a(lwp_heap.o)
                0x8001bc40                __lwp_heap_allocate
 .text.__lwp_heap_free
                0x8001bda8      0x188 C:/devkitPro/libogc/lib/wii\libogc.a(lwp_heap.o)
                0x8001bda8                __lwp_heap_free
 .text.__SetInterrupts
                0x8001bf30      0x268 C:/devkitPro/libogc/lib/wii\libogc.a(irq.o)
 .text.c_irqdispatcher
                0x8001c198      0x26c C:/devkitPro/libogc/lib/wii\libogc.a(irq.o)
                0x8001c198                c_irqdispatcher
 .text.__UnmaskIrq
                0x8001c404       0x84 C:/devkitPro/libogc/lib/wii\libogc.a(irq.o)
                0x8001c404                __UnmaskIrq
 .text.__MaskIrq
                0x8001c488       0x84 C:/devkitPro/libogc/lib/wii\libogc.a(irq.o)
                0x8001c488                __MaskIrq
 .text.__irq_init
                0x8001c50c       0x84 C:/devkitPro/libogc/lib/wii\libogc.a(irq.o)
                0x8001c50c                __irq_init
 .text.IRQ_Request
                0x8001c590       0x50 C:/devkitPro/libogc/lib/wii\libogc.a(irq.o)
                0x8001c590                IRQ_Request
 .text.IRQ_GetHandler
                0x8001c5e0       0x44 C:/devkitPro/libogc/lib/wii\libogc.a(irq.o)
                0x8001c5e0                IRQ_GetHandler
 .text.IRQ_Disable
                0x8001c624       0x1c C:/devkitPro/libogc/lib/wii\libogc.a(irq.o)
                0x8001c624                IRQ_Disable
 .text.IRQ_Restore
                0x8001c640       0x1c C:/devkitPro/libogc/lib/wii\libogc.a(irq.o)
                0x8001c640                IRQ_Restore
 .text.__lwp_sema_init
                0x8001c65c       0x14 C:/devkitPro/libogc/lib/wii\libogc.a(semaphore.o)
                0x8001c65c                __lwp_sema_init
 .text.LWP_SemInit
                0x8001c670      0x15c C:/devkitPro/libogc/lib/wii\libogc.a(semaphore.o)
                0x8001c670                LWP_SemInit
 .text.LWP_SemWait
                0x8001c7cc       0xd8 C:/devkitPro/libogc/lib/wii\libogc.a(semaphore.o)
                0x8001c7cc                LWP_SemWait
 .text.LWP_SemPost
                0x8001c8a4       0x90 C:/devkitPro/libogc/lib/wii\libogc.a(semaphore.o)
                0x8001c8a4                LWP_SemPost
 .text.LWP_SemDestroy
                0x8001c934       0xd8 C:/devkitPro/libogc/lib/wii\libogc.a(semaphore.o)
                0x8001c934                LWP_SemDestroy
 .text.__VISendI2CData.constprop.0.isra.0
                0x8001ca0c      0x418 C:/devkitPro/libogc/lib/wii\libogc.a(video.o)
 .text.__setFbbRegs.constprop.0
                0x8001ce24      0x190 C:/devkitPro/libogc/lib/wii\libogc.a(video.o)
 .text.__VISetYUVSEL
                0x8001cfb4       0xb8 C:/devkitPro/libogc/lib/wii\libogc.a(video.o)
 .text.__VIClearFramebuffer
                0x8001d06c       0x48 C:/devkitPro/libogc/lib/wii\libogc.a(video.o)
                0x8001d06c                __VIClearFramebuffer
 .text.VIDEO_Configure
                0x8001d0b4      0x5dc C:/devkitPro/libogc/lib/wii\libogc.a(video.o)
                0x8001d0b4                VIDEO_Configure
 .text.VIDEO_WaitVSync
                0x8001d690       0x74 C:/devkitPro/libogc/lib/wii\libogc.a(video.o)
                0x8001d690                VIDEO_WaitVSync
 .text.VIDEO_SetFramebuffer
                0x8001d704       0xd0 C:/devkitPro/libogc/lib/wii\libogc.a(video.o)
                0x8001d704                VIDEO_SetFramebuffer
 .text.VIDEO_SetNextFramebuffer
                0x8001d7d4       0x70 C:/devkitPro/libogc/lib/wii\libogc.a(video.o)
                0x8001d7d4                VIDEO_SetNextFramebuffer
 .text.VIDEO_Flush
                0x8001d844       0xf4 C:/devkitPro/libogc/lib/wii\libogc.a(video.o)
                0x8001d844                VIDEO_Flush
 .text.VIDEO_SetBlack
                0x8001d938      0x15c C:/devkitPro/libogc/lib/wii\libogc.a(video.o)
                0x8001d938                VIDEO_SetBlack
 .text.VIDEO_GetCurrentTvMode
                0x8001da94       0x78 C:/devkitPro/libogc/lib/wii\libogc.a(video.o)
                0x8001da94                VIDEO_GetCurrentTvMode
 .text.__VIRetraceHandler
                0x8001db0c      0x284 C:/devkitPro/libogc/lib/wii\libogc.a(video.o)
 .text.__VISetupEncoder
                0x8001dd90      0x288 C:/devkitPro/libogc/lib/wii\libogc.a(video.o)
 .text.VIDEO_Init
                0x8001e018      0x3cc C:/devkitPro/libogc/lib/wii\libogc.a(video.o)
                0x8001e018                VIDEO_Init
 .text.VIDEO_GetPreferredMode
                0x8001e3e4      0x108 C:/devkitPro/libogc/lib/wii\libogc.a(video.o)
                0x8001e3e4                VIDEO_GetPreferredMode
 .text.VIDEO_GetCurrentLine
                0x8001e4ec       0x9c C:/devkitPro/libogc/lib/wii\libogc.a(video.o)
                0x8001e4ec                VIDEO_GetCurrentLine
 .text.VIDEO_SetPostRetraceCallback
                0x8001e588       0x40 C:/devkitPro/libogc/lib/wii\libogc.a(video.o)
                0x8001e588                VIDEO_SetPostRetraceCallback
 .text.VIDEO_GetFrameBufferSize
                0x8001e5c8       0x34 C:/devkitPro/libogc/lib/wii\libogc.a(video.o)
                0x8001e5c8                VIDEO_GetFrameBufferSize
 .text.__call_resetfuncs
                0x8001e5fc       0xbc C:/devkitPro/libogc/lib/wii\libogc.a(system.o)
 .text.__MEMInterruptHandler
                0x8001e6b8       0x14 C:/devkitPro/libogc/lib/wii\libogc.a(system.o)
 .text.__RSWDefaultHandler
                0x8001e6cc        0x4 C:/devkitPro/libogc/lib/wii\libogc.a(system.o)
 .text.__POWDefaultHandler
                0x8001e6d0        0x4 C:/devkitPro/libogc/lib/wii\libogc.a(system.o)
 .text.__getrtc
                0x8001e6d4      0x14c C:/devkitPro/libogc/lib/wii\libogc.a(system.o)
 .text.__sram_write
                0x8001e820      0x144 C:/devkitPro/libogc/lib/wii\libogc.a(system.o)
 .text.__sram_writecallback
                0x8001e964       0x54 C:/devkitPro/libogc/lib/wii\libogc.a(system.o)
 .text.__mem_onreset
                0x8001e9b8       0x48 C:/devkitPro/libogc/lib/wii\libogc.a(system.o)
 .text.__unlocksram
                0x8001ea00      0x130 C:/devkitPro/libogc/lib/wii\libogc.a(system.o)
 .text.__sys_alarmhandler
                0x8001eb30      0x14c C:/devkitPro/libogc/lib/wii\libogc.a(system.o)
 .text.__syscall_malloc_lock
                0x8001ec7c        0x4 C:/devkitPro/libogc/lib/wii\libogc.a(system.o)
                0x8001ec7c                __syscall_malloc_lock
 .text.__syscall_malloc_unlock
                0x8001ec80        0x4 C:/devkitPro/libogc/lib/wii\libogc.a(system.o)
                0x8001ec80                __syscall_malloc_unlock
 .text.__SYS_GetRTC
                0x8001ec84       0x98 C:/devkitPro/libogc/lib/wii\libogc.a(system.o)
                0x8001ec84                __SYS_GetRTC
 .text.__SYS_SetBootTime
                0x8001ed1c       0xf4 C:/devkitPro/libogc/lib/wii\libogc.a(system.o)
                0x8001ed1c                __SYS_SetBootTime
 .text.__SYS_GetIPCBufferLo
                0x8001ee10        0x8 C:/devkitPro/libogc/lib/wii\libogc.a(system.o)
                0x8001ee10                __SYS_GetIPCBufferLo
 .text.__SYS_GetIPCBufferHi
                0x8001ee18        0x8 C:/devkitPro/libogc/lib/wii\libogc.a(system.o)
                0x8001ee18                __SYS_GetIPCBufferHi
 .text.SYS_DoPowerCB
                0x8001ee20       0xd0 C:/devkitPro/libogc/lib/wii\libogc.a(system.o)
                0x8001ee20                SYS_DoPowerCB
 .text.__STMEventHandler
                0x8001eef0       0xf4 C:/devkitPro/libogc/lib/wii\libogc.a(system.o)
 .text.__SYS_DisablePowerButton
                0x8001efe4       0x4c C:/devkitPro/libogc/lib/wii\libogc.a(system.o)
                0x8001efe4                __SYS_DisablePowerButton
 .text.__SYS_PreInit
                0x8001f030        0x4 C:/devkitPro/libogc/lib/wii\libogc.a(system.o)
                0x8001f030                __SYS_PreInit
 .text.SYS_PreMain
                0x8001f034       0x7c C:/devkitPro/libogc/lib/wii\libogc.a(system.o)
                0x8001f034                SYS_PreMain
 .text.SYS_ResetButtonDown
                0x8001f0b0       0x18 C:/devkitPro/libogc/lib/wii\libogc.a(system.o)
                0x8001f0b0                SYS_ResetButtonDown
 .text.SYS_ResetSystem
                0x8001f0c8      0x1f8 C:/devkitPro/libogc/lib/wii\libogc.a(system.o)
                0x8001f0c8                SYS_ResetSystem
 .text.__reload
                0x8001f2c0       0x7c C:/devkitPro/libogc/lib/wii\libogc.a(system.o)
                0x8001f2c0                __reload
 .text.__syscall_exit
                0x8001f33c       0x84 C:/devkitPro/libogc/lib/wii\libogc.a(system.o)
                0x8001f33c                __syscall_exit
 .text.SYS_RegisterResetFunc
                0x8001f3c0       0x78 C:/devkitPro/libogc/lib/wii\libogc.a(system.o)
                0x8001f3c0                SYS_RegisterResetFunc
 .text.SYS_SetArena1Lo
                0x8001f438       0x38 C:/devkitPro/libogc/lib/wii\libogc.a(system.o)
                0x8001f438                SYS_SetArena1Lo
 .text.SYS_GetArena1Lo
                0x8001f470       0x38 C:/devkitPro/libogc/lib/wii\libogc.a(system.o)
                0x8001f470                SYS_GetArena1Lo
 .text.SYS_GetArena1Hi
                0x8001f4a8       0x38 C:/devkitPro/libogc/lib/wii\libogc.a(system.o)
                0x8001f4a8                SYS_GetArena1Hi
 .text.SYS_SetArena2Lo
                0x8001f4e0       0x38 C:/devkitPro/libogc/lib/wii\libogc.a(system.o)
                0x8001f4e0                SYS_SetArena2Lo
 .text.SYS_GetArena2Lo
                0x8001f518       0x38 C:/devkitPro/libogc/lib/wii\libogc.a(system.o)
                0x8001f518                SYS_GetArena2Lo
 .text.SYS_SetArena2Hi
                0x8001f550       0x38 C:/devkitPro/libogc/lib/wii\libogc.a(system.o)
                0x8001f550                SYS_SetArena2Hi
 .text.SYS_GetArena2Hi
                0x8001f588       0x38 C:/devkitPro/libogc/lib/wii\libogc.a(system.o)
                0x8001f588                SYS_GetArena2Hi
 .text.SYS_AllocateFramebuffer
                0x8001f5c0       0x28 C:/devkitPro/libogc/lib/wii\libogc.a(system.o)
                0x8001f5c0                SYS_AllocateFramebuffer
 .text.SYS_CreateAlarm
                0x8001f5e8      0x104 C:/devkitPro/libogc/lib/wii\libogc.a(system.o)
                0x8001f5e8                SYS_CreateAlarm
 .text.SYS_SetAlarm
                0x8001f6ec      0x1e0 C:/devkitPro/libogc/lib/wii\libogc.a(system.o)
                0x8001f6ec                SYS_SetAlarm
 .text.SYS_SetPeriodicAlarm
                0x8001f8cc      0x258 C:/devkitPro/libogc/lib/wii\libogc.a(system.o)
                0x8001f8cc                SYS_SetPeriodicAlarm
 .text.SYS_RemoveAlarm
                0x8001fb24      0x10c C:/devkitPro/libogc/lib/wii\libogc.a(system.o)
                0x8001fb24                SYS_RemoveAlarm
 .text.SYS_CancelAlarm
                0x8001fc30       0xbc C:/devkitPro/libogc/lib/wii\libogc.a(system.o)
                0x8001fc30                SYS_CancelAlarm
 .text.SYS_GetWirelessID
                0x8001fcec       0x90 C:/devkitPro/libogc/lib/wii\libogc.a(system.o)
                0x8001fcec                SYS_GetWirelessID
 .text.SYS_SetWirelessID
                0x8001fd7c       0x90 C:/devkitPro/libogc/lib/wii\libogc.a(system.o)
                0x8001fd7c                SYS_SetWirelessID
 .text.SYS_SetGBSMode
                0x8001fe0c       0xa8 C:/devkitPro/libogc/lib/wii\libogc.a(system.o)
                0x8001fe0c                SYS_SetGBSMode
 .text.__sram_init
                0x8001feb4      0x1c0 C:/devkitPro/libogc/lib/wii\libogc.a(system.o)
                0x8001feb4                __sram_init
 .text.SYS_Init
                0x80020074      0x5b0 C:/devkitPro/libogc/lib/wii\libogc.a(system.o)
                0x80020074                SYS_Init
 .text.SYS_GetHollywoodRevision
                0x80020624       0x3c C:/devkitPro/libogc/lib/wii\libogc.a(system.o)
                0x80020624                SYS_GetHollywoodRevision
 .text.SYS_Time
                0x80020660       0x78 C:/devkitPro/libogc/lib/wii\libogc.a(system.o)
                0x80020660                SYS_Time
 .text.__lwp_cond_init
                0x800206d8       0x14 C:/devkitPro/libogc/lib/wii\libogc.a(cond.o)
                0x800206d8                __lwp_cond_init
 .text.__GX_InitRevBits
                0x800206ec       0x9c C:/devkitPro/libogc/lib/wii\libogc.a(gx.o)
 .text.__GXTokenInterruptHandler
                0x80020788       0x6c C:/devkitPro/libogc/lib/wii\libogc.a(gx.o)
 .text.__GXDefTexRegionCallback
                0x800207f4       0x7c C:/devkitPro/libogc/lib/wii\libogc.a(gx.o)
 .text.__GXDefTlutRegionCallback
                0x80020870       0x18 C:/devkitPro/libogc/lib/wii\libogc.a(gx.o)
 .text.__SetSURegs
                0x80020888       0x90 C:/devkitPro/libogc/lib/wii\libogc.a(gx.o)
 .text.__SETVCDATTR
                0x80020918      0x230 C:/devkitPro/libogc/lib/wii\libogc.a(gx.o)
 .text.__SETVCDFMT
                0x80020b48      0x4cc C:/devkitPro/libogc/lib/wii\libogc.a(gx.o)
 .text.__GXCPInterruptHandler
                0x80021014      0x160 C:/devkitPro/libogc/lib/wii\libogc.a(gx.o)
 .text.__GXFinishInterruptHandler
                0x80021174       0x58 C:/devkitPro/libogc/lib/wii\libogc.a(gx.o)
 .text.__GX_SetDirtyState
                0x800211cc      0x61c C:/devkitPro/libogc/lib/wii\libogc.a(gx.o)
 .text.GX_SetCPUFifo
                0x800217e8      0x20c C:/devkitPro/libogc/lib/wii\libogc.a(gx.o)
                0x800217e8                GX_SetCPUFifo
 .text.GX_SetGPFifo
                0x800219f4      0x250 C:/devkitPro/libogc/lib/wii\libogc.a(gx.o)
                0x800219f4                GX_SetGPFifo
 .text.GX_Flush
                0x80021c44       0x94 C:/devkitPro/libogc/lib/wii\libogc.a(gx.o)
                0x80021c44                GX_Flush
 .text.GX_AbortFrame
                0x80021cd8      0x374 C:/devkitPro/libogc/lib/wii\libogc.a(gx.o)
                0x80021cd8                GX_AbortFrame
 .text.__gx_onreset
                0x8002204c       0x7c C:/devkitPro/libogc/lib/wii\libogc.a(gx.o)
 .text.GX_DrawDone
                0x800220c8       0xfc C:/devkitPro/libogc/lib/wii\libogc.a(gx.o)
                0x800220c8                GX_DrawDone
 .text.GX_SetViewport
                0x800221c4       0x78 C:/devkitPro/libogc/lib/wii\libogc.a(gx.o)
                0x800221c4                GX_SetViewport
 .text.GX_LoadProjectionMtx
                0x8002223c       0xf0 C:/devkitPro/libogc/lib/wii\libogc.a(gx.o)
                0x8002223c                GX_LoadProjectionMtx
 .text.GX_SetCopyClear
                0x8002232c       0x4c C:/devkitPro/libogc/lib/wii\libogc.a(gx.o)
                0x8002232c                GX_SetCopyClear
 .text.GX_SetDispCopyGamma
                0x80022378       0x18 C:/devkitPro/libogc/lib/wii\libogc.a(gx.o)
                0x80022378                GX_SetDispCopyGamma
 .text.GX_SetCopyFilter
                0x80022390      0x25c C:/devkitPro/libogc/lib/wii\libogc.a(gx.o)
                0x80022390                GX_SetCopyFilter
 .text.GX_SetDispCopyYScale
                0x800225ec       0xf8 C:/devkitPro/libogc/lib/wii\libogc.a(gx.o)
                0x800225ec                GX_SetDispCopyYScale
 .text.GX_SetDispCopyDst
                0x800226e4       0x20 C:/devkitPro/libogc/lib/wii\libogc.a(gx.o)
                0x800226e4                GX_SetDispCopyDst
 .text.GX_SetDispCopySrc
                0x80022704       0x38 C:/devkitPro/libogc/lib/wii\libogc.a(gx.o)
                0x80022704                GX_SetDispCopySrc
 .text.GX_CopyDisp
                0x8002273c      0x124 C:/devkitPro/libogc/lib/wii\libogc.a(gx.o)
                0x8002273c                GX_CopyDisp
 .text.GX_SetArray
                0x80022860       0x7c C:/devkitPro/libogc/lib/wii\libogc.a(gx.o)
                0x80022860                GX_SetArray
 .text.GX_SetVtxDesc
                0x800228dc       0x34 C:/devkitPro/libogc/lib/wii\libogc.a(gx.o)
                0x800228dc                GX_SetVtxDesc
 .text.GX_SetVtxAttrFmt
                0x80022910       0x54 C:/devkitPro/libogc/lib/wii\libogc.a(gx.o)
                0x80022910                GX_SetVtxAttrFmt
 .text.GX_Begin
                0x80022964       0x6c C:/devkitPro/libogc/lib/wii\libogc.a(gx.o)
                0x80022964                GX_Begin
 .text.GX_LoadPosMtxImm
                0x800229d0       0x50 C:/devkitPro/libogc/lib/wii\libogc.a(gx.o)
                0x800229d0                GX_LoadPosMtxImm
 .text.GX_SetNumTexGens
                0x80022a20       0x28 C:/devkitPro/libogc/lib/wii\libogc.a(gx.o)
                0x80022a20                GX_SetNumTexGens
 .text.GX_InvVtxCache
                0x80022a48       0x14 C:/devkitPro/libogc/lib/wii\libogc.a(gx.o)
                0x80022a48                GX_InvVtxCache
 .text.GX_SetZMode
                0x80022a5c       0x38 C:/devkitPro/libogc/lib/wii\libogc.a(gx.o)
                0x80022a5c                GX_SetZMode
 .text.GX_InvalidateTexAll
                0x80022a94       0x50 C:/devkitPro/libogc/lib/wii\libogc.a(gx.o)
                0x80022a94                GX_InvalidateTexAll
 .text.GX_SetBlendMode
                0x80022ae4       0xd4 C:/devkitPro/libogc/lib/wii\libogc.a(gx.o)
                0x80022ae4                GX_SetBlendMode
 .text.GX_ClearVtxDesc
                0x80022bb8       0x38 C:/devkitPro/libogc/lib/wii\libogc.a(gx.o)
                0x80022bb8                GX_ClearVtxDesc
 .text.GX_SetTevColorIn
                0x80022bf0       0x44 C:/devkitPro/libogc/lib/wii\libogc.a(gx.o)
                0x80022bf0                GX_SetTevColorIn
 .text.GX_SetTevAlphaIn
                0x80022c34       0x44 C:/devkitPro/libogc/lib/wii\libogc.a(gx.o)
                0x80022c34                GX_SetTevAlphaIn
 .text.GX_SetTevColorOp
                0x80022c78       0x98 C:/devkitPro/libogc/lib/wii\libogc.a(gx.o)
                0x80022c78                GX_SetTevColorOp
 .text.GX_SetTevAlphaOp
                0x80022d10       0x98 C:/devkitPro/libogc/lib/wii\libogc.a(gx.o)
                0x80022d10                GX_SetTevAlphaOp
 .text.GX_SetTevOp
                0x80022da8      0x170 C:/devkitPro/libogc/lib/wii\libogc.a(gx.o)
                0x80022da8                GX_SetTevOp
 .text.GX_SetCullMode
                0x80022f18       0x2c C:/devkitPro/libogc/lib/wii\libogc.a(gx.o)
                0x80022f18                GX_SetCullMode
 .text.GX_SetScissor
                0x80022f44       0x78 C:/devkitPro/libogc/lib/wii\libogc.a(gx.o)
                0x80022f44                GX_SetScissor
 .text.GX_SetNumChans
                0x80022fbc       0x28 C:/devkitPro/libogc/lib/wii\libogc.a(gx.o)
                0x80022fbc                GX_SetNumChans
 .text.GX_SetTevOrder
                0x80022fe4      0x178 C:/devkitPro/libogc/lib/wii\libogc.a(gx.o)
                0x80022fe4                GX_SetTevOrder
 .text.GX_SetTevKColorSel
                0x8002315c       0x54 C:/devkitPro/libogc/lib/wii\libogc.a(gx.o)
                0x8002315c                GX_SetTevKColorSel
 .text.GX_SetTevKAlphaSel
                0x800231b0       0x54 C:/devkitPro/libogc/lib/wii\libogc.a(gx.o)
                0x800231b0                GX_SetTevKAlphaSel
 .text.GX_SetTevSwapModeTable
                0x80023204       0x64 C:/devkitPro/libogc/lib/wii\libogc.a(gx.o)
                0x80023204                GX_SetTevSwapModeTable
 .text.GX_SetFog
                0x80023268      0x244 C:/devkitPro/libogc/lib/wii\libogc.a(gx.o)
                0x80023268                GX_SetFog
 .text.GX_SetColorUpdate
                0x800234ac       0x30 C:/devkitPro/libogc/lib/wii\libogc.a(gx.o)
                0x800234ac                GX_SetColorUpdate
 .text.GX_SetPixelFmt
                0x800234dc       0xe0 C:/devkitPro/libogc/lib/wii\libogc.a(gx.o)
                0x800234dc                GX_SetPixelFmt
 .text.GX_SetFieldMode
                0x800235bc       0x58 C:/devkitPro/libogc/lib/wii\libogc.a(gx.o)
                0x800235bc                GX_SetFieldMode
 .text.GX_SetGPMetric
                0x80023614      0x7fc C:/devkitPro/libogc/lib/wii\libogc.a(gx.o)
                0x80023614                GX_SetGPMetric
 .text.GX_Init  0x80023e10     0x1160 C:/devkitPro/libogc/lib/wii\libogc.a(gx.o)
                0x80023e10                GX_Init
 .text.guPerspective
                0x80024f70       0xd8 C:/devkitPro/libogc/lib/wii\libogc.a(gu.o)
                0x80024f70                guPerspective
 .text.guLookAt
                0x80025048      0x13c C:/devkitPro/libogc/lib/wii\libogc.a(gu.o)
                0x80025048                guLookAt
 .text.__decrementer_init
                0x80025184        0x4 C:/devkitPro/libogc/lib/wii\libogc.a(decrementer.o)
                0x80025184                __decrementer_init
 .text.c_decrementer_handler
                0x80025188        0xc C:/devkitPro/libogc/lib/wii\libogc.a(decrementer.o)
                0x80025188                c_decrementer_handler
 .text.__lwp_mqbox_init
                0x80025194       0x14 C:/devkitPro/libogc/lib/wii\libogc.a(message.o)
                0x80025194                __lwp_mqbox_init
 .text.__si_transfer
                0x800251a8      0x1d0 C:/devkitPro/libogc/lib/wii\libogc.a(si.o)
 .text.__si_alarmhandler
                0x80025378       0xa0 C:/devkitPro/libogc/lib/wii\libogc.a(si.o)
 .text.__si_completetransfer
                0x80025418      0x1fc C:/devkitPro/libogc/lib/wii\libogc.a(si.o)
 .text.__si_transfernext
                0x80025614       0xd8 C:/devkitPro/libogc/lib/wii\libogc.a(si.o)
 .text.SI_Busy  0x800256ec       0x18 C:/devkitPro/libogc/lib/wii\libogc.a(si.o)
                0x800256ec                SI_Busy
 .text.SI_IsChanBusy
                0x80025704       0x38 C:/devkitPro/libogc/lib/wii\libogc.a(si.o)
                0x80025704                SI_IsChanBusy
 .text.SI_SetXY
                0x8002573c       0x64 C:/devkitPro/libogc/lib/wii\libogc.a(si.o)
                0x8002573c                SI_SetXY
 .text.SI_EnablePolling
                0x800257a0       0x78 C:/devkitPro/libogc/lib/wii\libogc.a(si.o)
                0x800257a0                SI_EnablePolling
 .text.SI_DisablePolling
                0x80025818       0x58 C:/devkitPro/libogc/lib/wii\libogc.a(si.o)
                0x80025818                SI_DisablePolling
 .text.SI_SetSamplingRate
                0x80025870       0xd8 C:/devkitPro/libogc/lib/wii\libogc.a(si.o)
                0x80025870                SI_SetSamplingRate
 .text.SI_RefreshSamplingRate
                0x80025948        0x8 C:/devkitPro/libogc/lib/wii\libogc.a(si.o)
                0x80025948                SI_RefreshSamplingRate
 .text.SI_GetStatus
                0x80025950       0x78 C:/devkitPro/libogc/lib/wii\libogc.a(si.o)
                0x80025950                SI_GetStatus
 .text.SI_GetResponseRaw
                0x800259c8       0xe8 C:/devkitPro/libogc/lib/wii\libogc.a(si.o)
                0x800259c8                SI_GetResponseRaw
 .text.SI_GetResponse
                0x80025ab0       0xb8 C:/devkitPro/libogc/lib/wii\libogc.a(si.o)
                0x80025ab0                SI_GetResponse
 .text.SI_SetCommand
                0x80025b68       0x10 C:/devkitPro/libogc/lib/wii\libogc.a(si.o)
                0x80025b68                SI_SetCommand
 .text.SI_Transfer
                0x80025b78      0x29c C:/devkitPro/libogc/lib/wii\libogc.a(si.o)
                0x80025b78                SI_Transfer
 .text.__si_gettypecallback
                0x80025e14      0x2b8 C:/devkitPro/libogc/lib/wii\libogc.a(si.o)
 .text.__si_interrupthandler
                0x800260cc      0x278 C:/devkitPro/libogc/lib/wii\libogc.a(si.o)
 .text.SI_GetType
                0x80026344      0x214 C:/devkitPro/libogc/lib/wii\libogc.a(si.o)
                0x80026344                SI_GetType
 .text.SI_GetTypeAsync
                0x80026558      0x13c C:/devkitPro/libogc/lib/wii\libogc.a(si.o)
                0x80026558                SI_GetTypeAsync
 .text.SI_EnablePollingInterrupt
                0x80026694       0x8c C:/devkitPro/libogc/lib/wii\libogc.a(si.o)
                0x80026694                SI_EnablePollingInterrupt
 .text.SI_UnregisterPollingHandler
                0x80026720       0xf4 C:/devkitPro/libogc/lib/wii\libogc.a(si.o)
                0x80026720                SI_UnregisterPollingHandler
 .text.__si_init
                0x80026814       0xe0 C:/devkitPro/libogc/lib/wii\libogc.a(si.o)
                0x80026814                __si_init
 .text.__ipc_sendrequest.part.0
                0x800268f4       0xd8 C:/devkitPro/libogc/lib/wii\libogc.a(ipc.o)
 .text.__ipc_syncrequest
                0x800269cc       0xf4 C:/devkitPro/libogc/lib/wii\libogc.a(ipc.o)
 .text.__ioctlvfmtCB
                0x80026ac0      0x158 C:/devkitPro/libogc/lib/wii\libogc.a(ipc.o)
 .text.__ios_ioctlvformat_parse
                0x80026c18      0x824 C:/devkitPro/libogc/lib/wii\libogc.a(ipc.o)
 .text.__ipc_asyncrequest
                0x8002743c      0x144 C:/devkitPro/libogc/lib/wii\libogc.a(ipc.o)
 .text.__ipc_interrupthandler
                0x80027580      0x384 C:/devkitPro/libogc/lib/wii\libogc.a(ipc.o)
 .text.iosCreateHeap
                0x80027904      0x138 C:/devkitPro/libogc/lib/wii\libogc.a(ipc.o)
                0x80027904                iosCreateHeap
 .text.iosAlloc
                0x80027a3c       0x30 C:/devkitPro/libogc/lib/wii\libogc.a(ipc.o)
                0x80027a3c                iosAlloc
 .text.iosFree  0x80027a6c       0x28 C:/devkitPro/libogc/lib/wii\libogc.a(ipc.o)
                0x80027a6c                iosFree
 .text.__IPC_ClntInit
                0x80027a94       0xc4 C:/devkitPro/libogc/lib/wii\libogc.a(ipc.o)
                0x80027a94                __IPC_ClntInit
 .text.IOS_Open
                0x80027b58      0x110 C:/devkitPro/libogc/lib/wii\libogc.a(ipc.o)
                0x80027b58                IOS_Open
 .text.IOS_Close
                0x80027c68       0xf0 C:/devkitPro/libogc/lib/wii\libogc.a(ipc.o)
                0x80027c68                IOS_Close
 .text.IOS_Read
                0x80027d58      0x10c C:/devkitPro/libogc/lib/wii\libogc.a(ipc.o)
                0x80027d58                IOS_Read
 .text.IOS_Write
                0x80027e64      0x10c C:/devkitPro/libogc/lib/wii\libogc.a(ipc.o)
                0x80027e64                IOS_Write
 .text.IOS_Ioctl
                0x80027f70      0x158 C:/devkitPro/libogc/lib/wii\libogc.a(ipc.o)
                0x80027f70                IOS_Ioctl
 .text.IOS_IoctlAsync
                0x800280c8      0x148 C:/devkitPro/libogc/lib/wii\libogc.a(ipc.o)
                0x800280c8                IOS_IoctlAsync
 .text.IOS_Ioctlv
                0x80028210      0x1f0 C:/devkitPro/libogc/lib/wii\libogc.a(ipc.o)
                0x80028210                IOS_Ioctlv
 .text.IOS_IoctlvAsync
                0x80028400      0x1d4 C:/devkitPro/libogc/lib/wii\libogc.a(ipc.o)
                0x80028400                IOS_IoctlvAsync
 .text.IOS_IoctlvFormat
                0x800285d4      0x170 C:/devkitPro/libogc/lib/wii\libogc.a(ipc.o)
                0x800285d4                IOS_IoctlvFormat
 .text.IOS_IoctlvReboot
                0x80028744      0x1f4 C:/devkitPro/libogc/lib/wii\libogc.a(ipc.o)
                0x80028744                IOS_IoctlvReboot
 .text.gettick  0x80028938        0x8 C:/devkitPro/libogc/lib/wii\libogc.a(timesupp.o)
                0x80028938                gettick
 .text.gettime  0x80028940       0x18 C:/devkitPro/libogc/lib/wii\libogc.a(timesupp.o)
                0x80028940                gettime
 .text.settime  0x80028958       0x14 C:/devkitPro/libogc/lib/wii\libogc.a(timesupp.o)
                0x80028958                settime
 .text.diff_usec
                0x8002896c       0x90 C:/devkitPro/libogc/lib/wii\libogc.a(timesupp.o)
                0x8002896c                diff_usec
 .text.__timesystem_init
                0x800289fc       0x1c C:/devkitPro/libogc/lib/wii\libogc.a(timesupp.o)
                0x800289fc                __timesystem_init
 .text.udelay   0x80028a18       0xb0 C:/devkitPro/libogc/lib/wii\libogc.a(timesupp.o)
                0x80028a18                udelay
 .text.__syscall_lock_init
                0x80028ac8       0x6c C:/devkitPro/libogc/lib/wii\libogc.a(lock_supp.o)
                0x80028ac8                __syscall_lock_init
 .text.__syscall_lock_init_recursive
                0x80028b34       0x6c C:/devkitPro/libogc/lib/wii\libogc.a(lock_supp.o)
                0x80028b34                __syscall_lock_init_recursive
 .text.__syscall_lock_close
                0x80028ba0       0x48 C:/devkitPro/libogc/lib/wii\libogc.a(lock_supp.o)
                0x80028ba0                __syscall_lock_close
 .text.__syscall_lock_acquire
                0x80028be8       0x18 C:/devkitPro/libogc/lib/wii\libogc.a(lock_supp.o)
                0x80028be8                __syscall_lock_acquire
 .text.__syscall_lock_release
                0x80028c00       0x18 C:/devkitPro/libogc/lib/wii\libogc.a(lock_supp.o)
                0x80028c00                __syscall_lock_release
 .text._sbrk_r  0x80028c18      0x28c C:/devkitPro/libogc/lib/wii\libogc.a(sbrk.o)
                0x80028c18                _sbrk_r
 .text.__memlock_init
                0x80028ea4       0x7c C:/devkitPro/libogc/lib/wii\libogc.a(malloc_lock.o)
                0x80028ea4                __memlock_init
 .text.__libogc_malloc_lock
                0x80028f20      0x1f8 C:/devkitPro/libogc/lib/wii\libogc.a(malloc_lock.o)
                0x80028f20                __libogc_malloc_lock
 .text.__libogc_malloc_unlock
                0x80029118       0x64 C:/devkitPro/libogc/lib/wii\libogc.a(malloc_lock.o)
                0x80029118                __libogc_malloc_unlock
 .text.__STM_SetEventHook
                0x8002917c       0xb0 C:/devkitPro/libogc/lib/wii\libogc.a(stm.o)
                0x8002917c                __STM_SetEventHook
 .text.__STM_Init
                0x8002922c       0x8c C:/devkitPro/libogc/lib/wii\libogc.a(stm.o)
                0x8002922c                __STM_Init
 .text.__STMEventHandler
                0x800292b8       0x64 C:/devkitPro/libogc/lib/wii\libogc.a(stm.o)
 .text.__STM_ReleaseEventHook
                0x8002931c       0x80 C:/devkitPro/libogc/lib/wii\libogc.a(stm.o)
                0x8002931c                __STM_ReleaseEventHook
 .text.__STM_Close
                0x8002939c       0xa8 C:/devkitPro/libogc/lib/wii\libogc.a(stm.o)
                0x8002939c                __STM_Close
 .text.STM_RegisterEventHandler
                0x80029444       0x10 C:/devkitPro/libogc/lib/wii\libogc.a(stm.o)
                0x80029444                STM_RegisterEventHandler
 .text.STM_ShutdownToStandby
                0x80029454       0x50 C:/devkitPro/libogc/lib/wii\libogc.a(stm.o)
                0x80029454                STM_ShutdownToStandby
 .text.STM_ShutdownToIdle
                0x800294a4       0xb4 C:/devkitPro/libogc/lib/wii\libogc.a(stm.o)
                0x800294a4                STM_ShutdownToIdle
 .text.STM_SetLedMode
                0x80029558       0x40 C:/devkitPro/libogc/lib/wii\libogc.a(stm.o)
                0x80029558                STM_SetLedMode
 .text.STM_RebootSystem
                0x80029598       0x50 C:/devkitPro/libogc/lib/wii\libogc.a(stm.o)
                0x80029598                STM_RebootSystem
 .text.__IOS_InitializeSubsystems
                0x800295e8       0x48 C:/devkitPro/libogc/lib/wii\libogc.a(ios.o)
                0x800295e8                __IOS_InitializeSubsystems
 .text.__IOS_ShutdownSubsystems
                0x80029630       0x48 C:/devkitPro/libogc/lib/wii\libogc.a(ios.o)
                0x80029630                __IOS_ShutdownSubsystems
 .text.__IOS_LoadStartupIOS
                0x80029678        0x8 C:/devkitPro/libogc/lib/wii\libogc.a(ios.o)
                0x80029678                __IOS_LoadStartupIOS
 .text._ES_fstat_r
                0x80029680      0x124 C:/devkitPro/libogc/lib/wii\libogc.a(es.o)
 .text._ES_seek_r
                0x800297a4       0xe0 C:/devkitPro/libogc/lib/wii\libogc.a(es.o)
 .text._ES_close_r
                0x80029884       0xb4 C:/devkitPro/libogc/lib/wii\libogc.a(es.o)
 .text.__ES_Init
                0x80029938       0x78 C:/devkitPro/libogc/lib/wii\libogc.a(es.o)
                0x80029938                __ES_Init
 .text.__ES_Close
                0x800299b0       0x54 C:/devkitPro/libogc/lib/wii\libogc.a(es.o)
                0x800299b0                __ES_Close
 .text.ES_GetTitleID
                0x80029a04       0x94 C:/devkitPro/libogc/lib/wii\libogc.a(es.o)
                0x80029a04                ES_GetTitleID
 .text.ES_LaunchTitle
                0x80029a98       0xa4 C:/devkitPro/libogc/lib/wii\libogc.a(es.o)
                0x80029a98                ES_LaunchTitle
 .text.ES_GetNumTicketViews
                0x80029b3c       0x98 C:/devkitPro/libogc/lib/wii\libogc.a(es.o)
                0x80029b3c                ES_GetNumTicketViews
 .text.ES_GetTicketViews
                0x80029bd4       0x8c C:/devkitPro/libogc/lib/wii\libogc.a(es.o)
                0x80029bd4                ES_GetTicketViews
 .text.ES_GetStoredTMD
                0x80029c60       0x90 C:/devkitPro/libogc/lib/wii\libogc.a(es.o)
                0x80029c60                ES_GetStoredTMD
 .text._ES_decodepath
                0x80029cf0      0x410 C:/devkitPro/libogc/lib/wii\libogc.a(es.o)
 .text._ES_stat_r
                0x8002a100       0xf0 C:/devkitPro/libogc/lib/wii\libogc.a(es.o)
 .text._ES_open_r
                0x8002a1f0      0x1cc C:/devkitPro/libogc/lib/wii\libogc.a(es.o)
 .text.ES_ReadContent
                0x8002a3bc       0x6c C:/devkitPro/libogc/lib/wii\libogc.a(es.o)
                0x8002a3bc                ES_ReadContent
 .text._ES_read_r
                0x8002a428      0x1a4 C:/devkitPro/libogc/lib/wii\libogc.a(es.o)
 .text.__usbv5_devicechangeCB
                0x8002a5cc      0x180 C:/devkitPro/libogc/lib/wii\libogc.a(usb.o)
 .text.__usbv5_attachfinishCB
                0x8002a74c       0xcc C:/devkitPro/libogc/lib/wii\libogc.a(usb.o)
 .text.__usbv5_messageCB
                0x8002a818       0x5c C:/devkitPro/libogc/lib/wii\libogc.a(usb.o)
 .text.__usb_control_message
                0x8002a874      0x470 C:/devkitPro/libogc/lib/wii\libogc.a(usb.o)
 .text.__usb_interrupt_bulk_message
                0x8002ace4      0x2b4 C:/devkitPro/libogc/lib/wii\libogc.a(usb.o)
 .text.__usbv0_messageCB
                0x8002af98       0xa8 C:/devkitPro/libogc/lib/wii\libogc.a(usb.o)
 .text.USB_FreeDescriptors.part.0
                0x8002b040      0x108 C:/devkitPro/libogc/lib/wii\libogc.a(usb.o)
 .text.USB_GetDescriptors.part.0
                0x8002b148      0x69c C:/devkitPro/libogc/lib/wii\libogc.a(usb.o)
 .text.USBV5_SuspendResume
                0x8002b7e4      0x13c C:/devkitPro/libogc/lib/wii\libogc.a(usb.o)
 .text.USBV5_GetDescriptors
                0x8002b920      0x50c C:/devkitPro/libogc/lib/wii\libogc.a(usb.o)
 .text.USB_Deinitialize
                0x8002be2c       0xc8 C:/devkitPro/libogc/lib/wii\libogc.a(usb.o)
                0x8002be2c                USB_Deinitialize
 .text.USB_Initialize
                0x8002bef4      0x31c C:/devkitPro/libogc/lib/wii\libogc.a(usb.o)
                0x8002bef4                USB_Initialize
 .text.USB_OpenDevice
                0x8002c210      0x2f0 C:/devkitPro/libogc/lib/wii\libogc.a(usb.o)
                0x8002c210                USB_OpenDevice
 .text.USBV5_CloseDevice
                0x8002c500      0x128 C:/devkitPro/libogc/lib/wii\libogc.a(usb.o)