Archive member included to satisfy reference by file (symbol)

C:/devkitPro/portlibs/wii/lib\libgrrlib.a(GRRLIB_3D.o)
                              main.o (GRRLIB_SetBackgroundColour)
C:/devkitPro/portlibs/wii/lib\libgrrlib.a(GRRLIB_core.o)
                              C:/devkitPro/portlibs/wii/lib\libgrrlib.a(GRRLIB_3D.o) (rmode)
C:/devkitPro/portlibs/wii/lib\libgrrlib.a(GRRLIB_render.o)
                              main.o (GRRLIB_Render)
C:/devkitPro/portlibs/wii/lib\libgrrlib.a(GRRLIB_ttf.o)
                              C:/devkitPro/portlibs/wii/lib\libgrrlib.a(GRRLIB_core.o) (GRRLIB_InitTTF)
C:/devkitPro/portlibs/ppc/lib\libfreetype.a(ftbase.o)
                              C:/devkitPro/portlibs/wii/lib\libgrrlib.a(GRRLIB_ttf.o) (FT_Done_Face)
C:/devkitPro/portlibs/ppc/lib\libfreetype.a(ftinit.o)
                              C:/devkitPro/portlibs/wii/lib\libgrrlib.a(GRRLIB_ttf.o) (FT_Init_FreeType)
C:/devkitPro/portlibs/ppc/lib\libfreetype.a(bdf.o)
                              C:/devkitPro/portlibs/ppc/lib\libfreetype.a(ftinit.o) (bdf_driver_class)
C:/devkitPro/portlibs/ppc/lib\libfreetype.a(cff.o)
                              C:/devkitPro/portlibs/ppc/lib\libfreetype.a(ftinit.o) (cff_driver_class)
C:/devkitPro/portlibs/ppc/lib\libfreetype.a(type1cid.o)
                              C:/devkitPro/portlibs/ppc/lib\libfreetype.a(ftinit.o) (t1cid_driver_class)
C:/devkitPro/portlibs/ppc/lib\libfreetype.a(pcf.o)
                              C:/devkitPro/portlibs/ppc/lib\libfreetype.a(ftinit.o) (pcf_driver_class)
C:/devkitPro/portlibs/ppc/lib\libfreetype.a(pfr.o)
                              C:/devkitPro/portlibs/ppc/lib\libfreetype.a(ftinit.o) (pfr_driver_class)
C:/devkitPro/portlibs/ppc/lib\libfreetype.a(psaux.o)
                              C:/devkitPro/portlibs/ppc/lib\libfreetype.a(ftinit.o) (psaux_module_class)
C:/devkitPro/portlibs/ppc/lib\libfreetype.a(pshinter.o)
                              C:/devkitPro/portlibs/ppc/lib\libfreetype.a(ftinit.o) (pshinter_module_class)
C:/devkitPro/portlibs/ppc/lib\libfreetype.a(psnames.o)
                              C:/devkitPro/portlibs/ppc/lib\libfreetype.a(ftinit.o) (psnames_module_class)
C:/devkitPro/portlibs/ppc/lib\libfreetype.a(raster.o)
                              C:/devkitPro/portlibs/ppc/lib\libfreetype.a(ftinit.o) (ft_raster1_renderer_class)
C:/devkitPro/portlibs/ppc/lib\libfreetype.a(sdf.o)
                              C:/devkitPro/portlibs/ppc/lib\libfreetype.a(ftinit.o) (ft_bitmap_sdf_renderer_class)
C:/devkitPro/portlibs/ppc/lib\libfreetype.a(sfnt.o)
                              C:/devkitPro/portlibs/ppc/lib\libfreetype.a(ftinit.o) (sfnt_module_class)
C:/devkitPro/portlibs/ppc/lib\libfreetype.a(smooth.o)
                              C:/devkitPro/portlibs/ppc/lib\libfreetype.a(ftinit.o) (ft_smooth_renderer_class)
C:/devkitPro/portlibs/ppc/lib\libfreetype.a(svg.o)
                              C:/devkitPro/portlibs/ppc/lib\libfreetype.a(ftinit.o) (ft_svg_renderer_class)
C:/devkitPro/portlibs/ppc/lib\libfreetype.a(truetype.o)
                              C:/devkitPro/portlibs/ppc/lib\libfreetype.a(ftinit.o) (tt_driver_class)
C:/devkitPro/portlibs/ppc/lib\libfreetype.a(type1.o)
                              C:/devkitPro/portlibs/ppc/lib\libfreetype.a(ftinit.o) (t1_driver_class)
C:/devkitPro/portlibs/ppc/lib\libfreetype.a(type42.o)
                              C:/devkitPro/portlibs/ppc/lib\libfreetype.a(ftinit.o) (t42_driver_class)
C:/devkitPro/portlibs/ppc/lib\libfreetype.a(winfnt.o)
                              C:/devkitPro/portlibs/ppc/lib\libfreetype.a(ftinit.o) (winfnt_driver_class)
C:/devkitPro/portlibs/ppc/lib\libfreetype.a(ftsystem.o)
                              C:/devkitPro/portlibs/ppc/lib\libfreetype.a(ftbase.o) (FT_Stream_Open)
C:/devkitPro/portlibs/ppc/lib\libfreetype.a(ftdebug.o)
                              C:/devkitPro/portlibs/ppc/lib\libfreetype.a(smooth.o) (FT_Trace_Disable)
C:/devkitPro/portlibs/ppc/lib\libfreetype.a(autofit.o)
                              C:/devkitPro/portlibs/ppc/lib\libfreetype.a(ftinit.o) (autofit_module_class)
C:/devkitPro/portlibs/ppc/lib\libfreetype.a(ftbitmap.o)
                              C:/devkitPro/portlibs/ppc/lib\libfreetype.a(sdf.o) (FT_Bitmap_Init)
C:/devkitPro/portlibs/ppc/lib\libfreetype.a(ftmm.o)
                              C:/devkitPro/portlibs/ppc/lib\libfreetype.a(cff.o) (FT_Set_Named_Instance)
C:/devkitPro/portlibs/ppc/lib\libfreetype.a(ftgzip.o)
                              C:/devkitPro/portlibs/ppc/lib\libfreetype.a(pcf.o) (FT_Stream_OpenGzip)
C:/devkitPro/portlibs/ppc/lib\libfreetype.a(ftlzw.o)
                              C:/devkitPro/portlibs/ppc/lib\libfreetype.a(pcf.o) (FT_Stream_OpenLZW)
C:/devkitPro/libogc/lib/wii\libfat.a(dvm_disc.o)
                              C:/devkitPro/portlibs/wii/lib\libgrrlib.a(GRRLIB_core.o) (dvmInitDefault)
C:/devkitPro/libogc/lib/wii\libfat.a(dvm_libogc.o)
[...]
Memory Configuration

Name             Origin             Length             Attributes
*default*        0x00000000         0xffffffff

Linker script and memory map

                0x00003400                        . = 0x3400

.stub
 *(.stub)
                0x80004000                        . = 0x80004000

.init           0x80004000      0x194
 *crt0.o(*.init)
 .init          0x80004000      0x170 C:/devkitPro/libogc/lib/wii\libogc.a(ogc_crt0.o)
                0x80004000                _start
                0x80004140                _memset
 *(.init)
 .init          0x80004170        0xc C:/devkitPro/devkitPPC/bin/../lib/gcc/powerpc-eabi/15.2.0/ecrti.o
                0x80004170                __init
 .init          0x8000417c        0x4 C:/devkitPro/devkitPPC/bin/../lib/gcc/powerpc-eabi/15.2.0/crtbegin.o
 .init          0x80004180        0x4 C:/devkitPro/devkitPPC/bin/../lib/gcc/powerpc-eabi/15.2.0/crtend.o
 .init          0x80004184       0x10 C:/devkitPro/devkitPPC/bin/../lib/gcc/powerpc-eabi/15.2.0/ecrtn.o

.rela.dyn       0x80004194        0x0
 .rela.iplt     0x80004194        0x0 C:/devkitPro/devkitPPC/bin/../lib/gcc/powerpc-eabi/15.2.0/crtbegin.o

.plt
 *(.plt)

.interp
 *(.interp)

.hash
 *(.hash)

.dynsym
 *(.dynsym)

.dynstr
 *(.dynstr)

.gnu.version
 *(.gnu.version)

.gnu.version_d
 *(.gnu.version_d)

.gnu.version_r
 *(.gnu.version_r)

.rel.init
 *(.rel.init)

.rela.init
 *(.rela.init)

.rel.text
 *(.rel.text .rel.text.* .rel.gnu.linkonce.t.*)

.rela.text      0x80004194        0x0
 *(.rela.text .rela.text.* .rela.gnu.linkonce.t.*)
 .rela.text.__do_global_dtors_aux
                0x80004194        0x0 C:/devkitPro/devkitPPC/bin/../lib/gcc/powerpc-eabi/15.2.0/crtbegin.o
 .rela.text.frame_dummy
                0x80004194        0x0 C:/devkitPro/devkitPPC/bin/../lib/gcc/powerpc-eabi/15.2.0/crtbegin.o
 .rela.text.unlikely.abort
                0x80004194        0x0 C:/devkitPro/devkitPPC/bin/../lib/gcc/powerpc-eabi/15.2.0/crtbegin.o
 .rela.text.__assert_func
                0x80004194        0x0 C:/devkitPro/devkitPPC/bin/../lib/gcc/powerpc-eabi/15.2.0/crtbegin.o

.rel.fini
 *(.rel.fini)

.rela.fini
 *(.rela.fini)

.rel.rodata
 *(.rel.rodata .rel.rodata.* .rel.gnu.linkonce.r.*)

.rela.rodata
 *(.rela.rodata .rela.rodata.* .rela.gnu.linkonce.r.*)

.rel.data
 *(.rel.data .rel.data.* .rel.gnu.linkonce.d.*)

.rela.data
 *(.rela.data .rela.data.* .rela.gnu.linkonce.d.*)

.rel.tdata
 *(.rel.tdata .rel.tdata.* .rel.gnu.linkonce.td.*)

.rela.tdata
 *(.rela.tdata .rela.tdata.* .rela.gnu.linkonce.td.*)

.rel.tbss
 *(.rel.tbss .rel.tbss.* .rel.gnu.linkonce.tb.*)

.rela.tbss
 *(.rela.tbss .rela.tbss.* .rela.gnu.linkonce.tb.*)

.rel.ctors
 *(.rel.ctors)

.rela.ctors
 *(.rela.ctors)

.rel.dtors
 *(.rel.dtors)

.rela.dtors
 *(.rela.dtors)

.rel.got
 *(.rel.got)

.rela.got
 *(.rela.got)

.rela.got1
 *(.rela.got1)

.rela.got2
 *(.rela.got2)

.rel.sdata
 *(.rel.sdata .rel.sdata.* .rel.gnu.linkonce.s.*)

.rela.sdata
 *(.rela.sdata .rela.sdata.* .rela.gnu.linkonce.s.*)

.rel.sbss
 *(.rel.sbss .rel.sbss.* .rel.gnu.linkonce.sb.*)

.rela.sbss
 *(.rela.sbss .rela.sbss.* .rel.gnu.linkonce.sb.*)

.rel.sdata2
 *(.rel.sdata2 .rel.sdata2.* .rel.gnu.linkonce.s2.*)

.rela.sdata2
 *(.rela.sdata2 .rela.sdata2.* .rela.gnu.linkonce.s2.*)

.rel.sbss2
 *(.rel.sbss2 .rel.sbss2.* .rel.gnu.linkonce.sb2.*)

.rela.sbss2
 *(.rela.sbss2 .rela.sbss2.* .rela.gnu.linkonce.sb2.*)

.rel.bss
 *(.rel.bss .rel.bss.* .rel.gnu.linkonce.b.*)

.rela.bss
 *(.rela.bss .rela.bss.* .rela.gnu.linkonce.b.*)

.rel.plt
 *(.rel.plt)

.rela.plt
 *(.rela.plt)

.text           0x800041a0    0xd8980
 *(.text)
 .text          0x800041a0      0x44c C:/devkitPro/libogc/lib/wii\libogc.a(lwp_handler.o)
                0x800041a0                _cpu_context_save_fp
                0x800042e0                _cpu_context_restore_fp
                0x80004420                _cpu_context_switch
                0x80004500                _cpu_context_save
                0x80004580                _cpu_context_restore
 .text          0x800045ec      0x4f4 C:/devkitPro/libogc/lib/wii\libogc.a(cache_asm.o)
                0x800045ec                DCFlashInvalidate
                0x80004600                DCEnable
                0x80004614                DCDisable
                0x80004628                DCFreeze
                0x8000463c                DCUnfreeze
                0x80004650                DCTouchLoad
                0x80004658                DCBlockZero
                0x80004660                DCBlockStore
                0x80004668                DCBlockFlush
                0x80004670                DCBlockInvalidate
                0x80004678                DCInvalidateRange
                0x800046a8                DCFlushRange
                0x800046dc                DCStoreRange
                0x80004710                DCFlushRangeNoSync
                0x80004740                DCStoreRangeNoSync
                0x80004770                DCZeroRange
                0x800047a0                DCTouchRange
                0x800047d0                ICInvalidateRange
                0x80004808                ICFlashInvalidate
                0x8000481c                ICEnable
                0x80004830                ICDisable
                0x80004844                ICFreeze
                0x80004858                ICUnfreeze
                0x8000486c                ICBlockInvalidate
                0x80004874                ICSync
                0x8000487c                L2Init
                0x800048c4                L2Enable
                0x800048e0                L2Disable
                0x800048f8                L2GlobalInvalidate
                0x80004950                __LCEnable
                0x80004a1c                LCDisable
                0x80004a44                LCAllocOneTag
                0x80004a58                LCAllocTags
                0x80004a98                LCLoadBlocks
                0x80004abc                LCStoreBlocks
 .text          0x80004ae0      0x46c C:/devkitPro/libogc/lib/wii\libogc.a(system_asm.o)
                0x80004ae0                __realmode
                0x80004af8                __configBATS
                0x80004c28                __InitFPRS
                0x80004d54                __InitPS
                0x80004db0                __InitCache
                0x80004e08                __InitSystem
                0x80004e90                __reset
                0x80004f00                __InitBATS
                0x80004f1c                SYS_SwitchFiber
 .text          0x80004f4c      0x8dc C:/devkitPro/libogc/lib/wii\libogc.a(gu_psasm.o)
                0x80004f4c                ps_guMtxConcat
                0x80005010                ps_guMtxIdentity
                0x8000503c                ps_guMtxCopy
                0x80005070                ps_guMtxTranspose
                0x800050c0                ps_guMtxInverse
                0x800051b8                ps_guMtxInvXpose
                0x80005280                ps_guMtxScale
                0x800052a8                ps_guMtxScaleApply
                0x80005300                ps_guMtxApplyScale
                0x80005364                ps_guMtxTrans
                0x80005398                ps_guMtxTransApply
                0x800053e4                ps_guMtxApplyTrans
                0x80005460                ps_guMtxRotTrig
                0x80005510                __ps_guMtxRotAxisRadInternal
                0x800055d0                ps_guMtxReflect
                0x80005640                ps_guVecAdd
                0x80005664                ps_guVecSub
                0x80005688                ps_guVecScale
                0x800056a4                ps_guVecNormalize
                0x800056e8                ps_guVecCross
                0x80005724                ps_guVecDotProduct
                0x80005744                ps_guVecMultiply
                0x80005798                ps_guVecMultiplySR
                0x80005808                ps_guQuatDotProduct
 .text          0x80005828      0x1ac C:/devkitPro/libogc/lib/wii\libogc.a(irq_handler.o)
                0x80005828                irq_exceptionhandler
 .text          0x800059d4      0x1ac C:/devkitPro/libogc/lib/wii\libogc.a(decrementer_handler.o)
                0x800059d4                dec_exceptionhandler
 .text          0x80005b80      0x35c C:/devkitPro/libogc/lib/wii\libogc.a(exception_handler.o)
                0x80005b80                exceptionhandler_start
                0x80005bfc                exceptionhandler_patch
                0x80005c30                exceptionhandler_end
                0x80005c34                default_exceptionhandler
                0x80005d64                fpu_exceptionhandler
                0x80005eac                systemcallhandler_start
                0x80005ed8                systemcallhandler_end
 .text          0x80005edc       0x48 C:/devkitPro/devkitPPC/bin/../lib/gcc/powerpc-eabi/15.2.0\libgcc.a(eabi.o)
                0x80005edc                __eabi
 .text          0x80005f24      0x180 C:/devkitPro/devkitPPC/bin/../lib/gcc/powerpc-eabi/15.2.0/../../../../powerpc-eabi/lib\libc.a(libc_a-setjmp.o)
                0x80005f24                setjmp
                0x80005fe0                longjmp
 .text          0x800060a4       0x58 C:/devkitPro/devkitPPC/bin/../lib/gcc/powerpc-eabi/15.2.0\libgcc.a(crtresxgpr.o)
                0x800060a4                _restgpr_14_x
                0x800060a8                _restgpr_15_x
                0x800060ac                _restgpr_16_x
                0x800060b0                _restgpr_17_x
                0x800060b4                _restgpr_18_x
                0x800060b8                _restgpr_19_x
                0x800060bc                _restgpr_20_x
                0x800060c0                _restgpr_21_x
                0x800060c4                _restgpr_22_x
                0x800060c8                _restgpr_23_x
                0x800060cc                _restgpr_24_x
                0x800060d0                _restgpr_25_x
                0x800060d4                _restgpr_26_x
                0x800060d8                _restgpr_27_x
                0x800060dc                _restgpr_28_x
                0x800060e0                _restgpr_29_x
                0x800060e4                _restgpr_30_x
                0x800060e8                _restgpr_31_x
 *(.text.*)
 .text.__do_global_dtors_aux
                0x800060fc       0xcc C:/devkitPro/devkitPPC/bin/../lib/gcc/powerpc-eabi/15.2.0/crtbegin.o
 .text.frame_dummy
                0x800061c8       0x24 C:/devkitPro/devkitPPC/bin/../lib/gcc/powerpc-eabi/15.2.0/crtbegin.o
 .text.__crtmain
                0x800061ec       0x40 C:/devkitPro/devkitPPC/bin/../lib/gcc/powerpc-eabi/15.2.0/../../../../powerpc-eabi/lib/crtmain.o
                0x800061f0                __crtmain
 .text.startup.main
                0x8000622c       0x98 main.o
                0x8000622c                main
 .text.GRRLIB_SetBackgroundColour
                0x800062c4       0x48 C:/devkitPro/portlibs/wii/lib\libgrrlib.a(GRRLIB_3D.o)
                0x800062c4                GRRLIB_SetBackgroundColour
 .text.GRRLIB_FillScreen
                0x8000630c      0x10c C:/devkitPro/portlibs/wii/lib\libgrrlib.a(GRRLIB_core.o)
                0x8000630c                GRRLIB_FillScreen
 .text.GRRLIB_Exit
                0x80006418       0xf8 C:/devkitPro/portlibs/wii/lib\libgrrlib.a(GRRLIB_core.o)
                0x80006418                GRRLIB_Exit
 .text.GRRLIB_Init
                0x80006510      0x578 C:/devkitPro/portlibs/wii/lib\libgrrlib.a(GRRLIB_core.o)
                0x80006510                GRRLIB_Init
 .text.GRRLIB_Render
                0x80006a88       0xbc C:/devkitPro/portlibs/wii/lib\libgrrlib.a(GRRLIB_render.o)
                0x80006a88                GRRLIB_Render
 .text.GRRLIB_InitTTF
                0x80006b44       0x30 C:/devkitPro/portlibs/wii/lib\libgrrlib.a(GRRLIB_ttf.o)
                0x80006b44                GRRLIB_InitTTF
 .text.GRRLIB_ExitTTF
                0x80006b74        0xc C:/devkitPro/portlibs/wii/lib\libgrrlib.a(GRRLIB_ttf.o)
                0x80006b74                GRRLIB_ExitTTF
 .text.FT_GlyphLoader_Adjust_Points
                0x80006b80       0x80 C:/devkitPro/portlibs/ppc/lib\libfreetype.a(ftbase.o)
 .text.hash_str_lookup
                0x80006c00       0x48 C:/devkitPro/portlibs/ppc/lib\libfreetype.a(ftbase.o)
 .text.hash_num_lookup
                0x80006c48       0x3c C:/devkitPro/portlibs/ppc/lib\libfreetype.a(ftbase.o)
 .text.hash_num_compare
                0x80006c84       0x18 C:/devkitPro/portlibs/ppc/lib\libfreetype.a(ftbase.o)
 .text.hash_bucket
                0x80006c9c       0xc0 C:/devkitPro/portlibs/ppc/lib\libfreetype.a(ftbase.o)
 .text.destroy_size
                0x80006d5c       0xa8 C:/devkitPro/portlibs/ppc/lib\libfreetype.a(ftbase.o)
 .text.find_unicode_charmap
                0x80006e04      0x124 C:/devkitPro/portlibs/ppc/lib\libfreetype.a(ftbase.o)
 .text.memory_stream_close
                0x80006f28       0x68 C:/devkitPro/portlibs/ppc/lib\libfreetype.a(ftbase.o)
 .text.ft_raccess_sort_ref_by_id
                0x80006f90       0x10 C:/devkitPro/portlibs/ppc/lib\libfreetype.a(ftbase.o)
 .text.ft_trig_pseudo_polarize
                0x80006fa0      0x108 C:/devkitPro/portlibs/ppc/lib\libfreetype.a(ftbase.o)
 .text.hash_str_compare
                0x800070a8       0x50 C:/devkitPro/portlibs/ppc/lib\libfreetype.a(ftbase.o)
 .text.ft_property_do
                0x800070f8      0x1d4 C:/devkitPro/portlibs/ppc/lib\libfreetype.a(ftbase.o)
 .text.ft_recompute_scaled_metrics.isra.0
                0x800072cc       0xfc C:/devkitPro/portlibs/ppc/lib\libfreetype.a(ftbase.o)
 .text.destroy_charmaps.part.0
                0x800073c8       0xf0 C:/devkitPro/portlibs/ppc/lib\libfreetype.a(ftbase.o)
 .text.raccess_guess_darwin_hfsplus
                0x800074b8       0xdc C:/devkitPro/portlibs/ppc/lib\libfreetype.a(ftbase.o)
 .text.raccess_guess_darwin_newvfs
                0x80007594       0xf4 C:/devkitPro/portlibs/ppc/lib\libfreetype.a(ftbase.o)
 .text.raccess_make_file_name
                0x80007688      0x110 C:/devkitPro/portlibs/ppc/lib\libfreetype.a(ftbase.o)
 .text.raccess_guess_linux_cap
                0x80007798       0x7c C:/devkitPro/portlibs/ppc/lib\libfreetype.a(ftbase.o)
 .text.raccess_guess_vfat
                0x80007814       0x7c C:/devkitPro/portlibs/ppc/lib\libfreetype.a(ftbase.o)
 .text.hash_insert
                0x80007890      0x1d4 C:/devkitPro/portlibs/ppc/lib\libfreetype.a(ftbase.o)
 .text.FT_RoundFix
                0x80007a64       0x18 C:/devkitPro/portlibs/ppc/lib\libfreetype.a(ftbase.o)
                0x80007a64                FT_RoundFix
 .text.FT_MulDiv
                0x80007a7c      0x260 C:/devkitPro/portlibs/ppc/lib\libfreetype.a(ftbase.o)
                0x80007a7c                FT_MulDiv
 .text.FT_MulDiv_No_Round
                0x80007cdc      0x1cc C:/devkitPro/portlibs/ppc/lib\libfreetype.a(ftbase.o)
                0x80007cdc                FT_MulDiv_No_Round
 .text.FT_MulFix
                0x80007ea8       0x38 C:/devkitPro/portlibs/ppc/lib\libfreetype.a(ftbase.o)
                0x80007ea8                FT_MulFix
 .text.FT_DivFix
                0x80007ee0      0x13c C:/devkitPro/portlibs/ppc/lib\libfreetype.a(ftbase.o)
                0x80007ee0                FT_DivFix
 .text.FT_Matrix_Multiply
                0x8000801c      0x228 C:/devkitPro/portlibs/ppc/lib\libfreetype.a(ftbase.o)
                0x8000801c                FT_Matrix_Multiply
 .text.FT_Matrix_Invert
                0x80008244      0x5e8 C:/devkitPro/portlibs/ppc/lib\libfreetype.a(ftbase.o)
                0x80008244                FT_Matrix_Invert
 .text.FT_Matrix_Multiply_Scaled
                0x8000882c      0x1a8 C:/devkitPro/portlibs/ppc/lib\libfreetype.a(ftbase.o)
                0x8000882c                FT_Matrix_Multiply_Scaled
 .text.FT_Matrix_Check
                0x800089d4       0xd8 C:/devkitPro/portlibs/ppc/lib\libfreetype.a(ftbase.o)
                0x800089d4                FT_Matrix_Check
 .text.FT_Vector_Transform_Scaled
                0x80008aac       0xe8 C:/devkitPro/portlibs/ppc/lib\libfreetype.a(ftbase.o)
                0x80008aac                FT_Vector_Transform_Scaled
 .text.FT_Vector_NormLen
                0x80008b94      0x27c C:/devkitPro/portlibs/ppc/lib\libfreetype.a(ftbase.o)
                0x80008b94                FT_Vector_NormLen
 .text.FT_SqrtFixed
                0x80008e10       0x94 C:/devkitPro/portlibs/ppc/lib\libfreetype.a(ftbase.o)
                0x80008e10                FT_SqrtFixed
 .text.ft_corner_orientation
                0x80008ea4       0x34 C:/devkitPro/portlibs/ppc/lib\libfreetype.a(ftbase.o)
                0x80008ea4                ft_corner_orientation
 .text.ft_corner_is_flat
                0x80008ed8      0x138 C:/devkitPro/portlibs/ppc/lib\libfreetype.a(ftbase.o)
                0x80008ed8                ft_corner_is_flat
 .text.FT_MulAddFix
                0x80009010       0x60 C:/devkitPro/portlibs/ppc/lib\libfreetype.a(ftbase.o)
                0x80009010                FT_MulAddFix
 .text.FT_GlyphLoader_Rewind
                0x80009070       0x40 C:/devkitPro/portlibs/ppc/lib\libfreetype.a(ftbase.o)
                0x80009070                FT_GlyphLoader_Rewind
 .text.FT_GlyphLoader_Reset
                0x800090b0      0x114 C:/devkitPro/portlibs/ppc/lib\libfreetype.a(ftbase.o)
                0x800090b0                FT_GlyphLoader_Reset
 .text.FT_GlyphLoader_Done
                0x800091c4       0x4c C:/devkitPro/portlibs/ppc/lib\libfreetype.a(ftbase.o)
                0x800091c4                FT_GlyphLoader_Done
 .text.FT_GlyphLoader_CreateExtra
                0x80009210      0x10c C:/devkitPro/portlibs/ppc/lib\libfreetype.a(ftbase.o)
                0x80009210                FT_GlyphLoader_CreateExtra
 .text.FT_GlyphLoader_Prepare
                0x8000931c       0xa8 C:/devkitPro/portlibs/ppc/lib\libfreetype.a(ftbase.o)
                0x8000931c                FT_GlyphLoader_Prepare
 .text.FT_GlyphLoader_Add
                0x800093c4       0xcc C:/devkitPro/portlibs/ppc/lib\libfreetype.a(ftbase.o)
                0x800093c4                FT_GlyphLoader_Add
 .text.ft_hash_str_init
                0x80009490       0xb0 C:/devkitPro/portlibs/ppc/lib\libfreetype.a(ftbase.o)
                0x80009490                ft_hash_str_init
 .text.ft_hash_num_init
                0x80009540       0xb0 C:/devkitPro/portlibs/ppc/lib\libfreetype.a(ftbase.o)
                0x80009540                ft_hash_num_init
 .text.ft_hash_str_free
                0x800095f0       0xb4 C:/devkitPro/portlibs/ppc/lib\libfreetype.a(ftbase.o)
                0x800095f0                ft_hash_str_free
 .text.ft_hash_str_insert
                0x800096a4       0x2c C:/devkitPro/portlibs/ppc/lib\libfreetype.a(ftbase.o)
                0x800096a4                ft_hash_str_insert
 .text.ft_hash_num_insert
                0x800096d0       0x2c C:/devkitPro/portlibs/ppc/lib\libfreetype.a(ftbase.o)
                0x800096d0                ft_hash_num_insert
 .text.ft_hash_str_lookup
                0x800096fc       0x3c C:/devkitPro/portlibs/ppc/lib\libfreetype.a(ftbase.o)
                0x800096fc                ft_hash_str_lookup
 .text.ft_hash_num_lookup
                0x80009738       0x3c C:/devkitPro/portlibs/ppc/lib\libfreetype.a(ftbase.o)
                0x80009738                ft_hash_num_lookup
 .text.ft_lcd_padding
                0x80009774      0x294 C:/devkitPro/portlibs/ppc/lib\libfreetype.a(ftbase.o)
                0x80009774                ft_lcd_padding
 .text.ft_service_list_lookup
                0x80009a08       0xb4 C:/devkitPro/portlibs/ppc/lib\libfreetype.a(ftbase.o)
                0x80009a08                ft_service_list_lookup
 .text.ft_validator_init
                0x80009abc       0x18 C:/devkitPro/portlibs/ppc/lib\libfreetype.a(ftbase.o)
                0x80009abc                ft_validator_init
 .text.ft_validator_error
                0x80009ad4       0x18 C:/devkitPro/portlibs/ppc/lib\libfreetype.a(ftbase.o)
                0x80009ad4                ft_validator_error
 .text.FT_Stream_New
                0x80009aec      0x208 C:/devkitPro/portlibs/ppc/lib\libfreetype.a(ftbase.o)
                0x80009aec                FT_Stream_New
 .text.FT_Stream_Free
                0x80009cf4       0x98 C:/devkitPro/portlibs/ppc/lib\libfreetype.a(ftbase.o)
                0x80009cf4                FT_Stream_Free
 .text.ft_glyphslot_free_bitmap
                0x80009d8c       0x98 C:/devkitPro/portlibs/ppc/lib\libfreetype.a(ftbase.o)
                0x80009d8c                ft_glyphslot_free_bitmap
 .text.ft_glyphslot_done
                0x80009e24      0x194 C:/devkitPro/portlibs/ppc/lib\libfreetype.a(ftbase.o)
 .text.ft_glyphslot_preset_bitmap
                0x80009fb8      0x4b4 C:/devkitPro/portlibs/ppc/lib\libfreetype.a(ftbase.o)
                0x80009fb8                ft_glyphslot_preset_bitmap
 .text.ft_glyphslot_set_bitmap
                0x8000a46c       0x90 C:/devkitPro/portlibs/ppc/lib\libfreetype.a(ftbase.o)
                0x8000a46c                ft_glyphslot_set_bitmap
 .text.FT_Done_GlyphSlot
                0x8000a4fc       0xb8 C:/devkitPro/portlibs/ppc/lib\libfreetype.a(ftbase.o)
                0x8000a4fc                FT_Done_GlyphSlot
 .text.destroy_face
                0x8000a5b4      0x1a8 C:/devkitPro/portlibs/ppc/lib\libfreetype.a(ftbase.o)
 .text.FT_Done_Face
                0x8000a75c       0xe4 C:/devkitPro/portlibs/ppc/lib\libfreetype.a(ftbase.o)
                0x8000a75c                FT_Done_Face
 .text.FT_Done_Size
                0x8000a840      0x12c C:/devkitPro/portlibs/ppc/lib\libfreetype.a(ftbase.o)
                0x8000a840                FT_Done_Size
 .text.FT_Match_Size
                0x8000a96c      0x168 C:/devkitPro/portlibs/ppc/lib\libfreetype.a(ftbase.o)
                0x8000a96c                FT_Match_Size
 .text.ft_synthesize_vertical_metrics
                0x8000aad4       0x7c C:/devkitPro/portlibs/ppc/lib\libfreetype.a(ftbase.o)
                0x8000aad4                ft_synthesize_vertical_metrics
 .text.FT_Select_Metrics
                0x8000ab50      0x22c C:/devkitPro/portlibs/ppc/lib\libfreetype.a(ftbase.o)
                0x8000ab50                FT_Select_Metrics
 .text.FT_Request_Metrics
                0x8000ad7c      0x694 C:/devkitPro/portlibs/ppc/lib\libfreetype.a(ftbase.o)
                0x8000ad7c                FT_Request_Metrics
 .text.FT_Select_Size
                0x8000b410       0x7c C:/devkitPro/portlibs/ppc/lib\libfreetype.a(ftbase.o)
                0x8000b410                FT_Select_Size
 .text.FT_Request_Size
                0x8000b48c       0xe8 C:/devkitPro/portlibs/ppc/lib\libfreetype.a(ftbase.o)
                0x8000b48c                FT_Request_Size
 .text.FT_Select_Charmap
                0x8000b574       0xf8 C:/devkitPro/portlibs/ppc/lib\libfreetype.a(ftbase.o)
                0x8000b574                FT_Select_Charmap
 .text.FT_Get_Char_Index
                0x8000b66c       0x60 C:/devkitPro/portlibs/ppc/lib\libfreetype.a(ftbase.o)
                0x8000b66c                FT_Get_Char_Index
 .text.FT_Get_Next_Char
                0x8000b6cc       0xcc C:/devkitPro/portlibs/ppc/lib\libfreetype.a(ftbase.o)
                0x8000b6cc                FT_Get_Next_Char
 .text.FT_Get_Glyph_Name
                0x8000b798      0x130 C:/devkitPro/portlibs/ppc/lib\libfreetype.a(ftbase.o)
                0x8000b798                FT_Get_Glyph_Name
 .text.FT_Activate_Size
                0x8000b8c8       0x3c C:/devkitPro/portlibs/ppc/lib\libfreetype.a(ftbase.o)
                0x8000b8c8                FT_Activate_Size
 .text.FT_Get_Module
                0x8000b904       0xd4 C:/devkitPro/portlibs/ppc/lib\libfreetype.a(ftbase.o)
                0x8000b904                FT_Get_Module
 .text.FT_Get_Module_Interface
                0x8000b9d8       0x30 C:/devkitPro/portlibs/ppc/lib\libfreetype.a(ftbase.o)
                0x8000b9d8                FT_Get_Module_Interface
 .text.ft_module_get_service
                0x8000ba08      0x144 C:/devkitPro/portlibs/ppc/lib\libfreetype.a(ftbase.o)
                0x8000ba08                ft_module_get_service
 .text.FT_Remove_Module
                0x8000bb4c      0x354 C:/devkitPro/portlibs/ppc/lib\libfreetype.a(ftbase.o)
                0x8000bb4c                FT_Remove_Module
 .text.ft_property_string_set
                0x8000bea0        0xc C:/devkitPro/portlibs/ppc/lib\libfreetype.a(ftbase.o)
                0x8000bea0                ft_property_string_set
 .text.FT_New_Library
                0x8000beac       0xdc C:/devkitPro/portlibs/ppc/lib\libfreetype.a(ftbase.o)
                0x8000beac                FT_New_Library
 .text.FT_Done_Library
                0x8000bf88      0x1b8 C:/devkitPro/portlibs/ppc/lib\libfreetype.a(ftbase.o)
                0x8000bf88                FT_Done_Library
 .text.FT_Outline_Decompose
                0x8000c140      0x49c C:/devkitPro/portlibs/ppc/lib\libfreetype.a(ftbase.o)
                0x8000c140                FT_Outline_Decompose
 .text.FT_Outline_Check
                0x8000c5dc       0xd8 C:/devkitPro/portlibs/ppc/lib\libfreetype.a(ftbase.o)
                0x8000c5dc                FT_Outline_Check
 .text.FT_Outline_Get_CBox
                0x8000c6b4       0xf8 C:/devkitPro/portlibs/ppc/lib\libfreetype.a(ftbase.o)
                0x8000c6b4                FT_Outline_Get_CBox
 .text.FT_Outline_Translate
                0x8000c7ac       0x94 C:/devkitPro/portlibs/ppc/lib\libfreetype.a(ftbase.o)
                0x8000c7ac                FT_Outline_Translate
 .text.FT_Vector_Transform
                0x8000c840       0xf4 C:/devkitPro/portlibs/ppc/lib\libfreetype.a(ftbase.o)
                0x8000c840                FT_Vector_Transform
 .text.FT_Outline_Transform
                0x8000c934      0x160 C:/devkitPro/portlibs/ppc/lib\libfreetype.a(ftbase.o)
                0x8000c934                FT_Outline_Transform
 .text.FT_Outline_Get_Orientation
                0x8000ca94      0x234 C:/devkitPro/portlibs/ppc/lib\libfreetype.a(ftbase.o)
                0x8000ca94                FT_Outline_Get_Orientation
 .text.FT_Outline_EmboldenXY
                0x8000ccc8      0x63c C:/devkitPro/portlibs/ppc/lib\libfreetype.a(ftbase.o)
                0x8000ccc8                FT_Outline_EmboldenXY
 .text.ps_property_set
                0x8000d304      0x2cc C:/devkitPro/portlibs/ppc/lib\libfreetype.a(ftbase.o)
                0x8000d304                ps_property_set
 .text.ps_property_get
                0x8000d5d0       0xe8 C:/devkitPro/portlibs/ppc/lib\libfreetype.a(ftbase.o)
                0x8000d5d0                ps_property_get
 .text.FT_Raccess_Guess
                0x8000d6b8      0x180 C:/devkitPro/portlibs/ppc/lib\libfreetype.a(ftbase.o)
                0x8000d6b8                FT_Raccess_Guess
 .text.FT_Stream_OpenMemory
                0x8000d838       0x20 C:/devkitPro/portlibs/ppc/lib\libfreetype.a(ftbase.o)
                0x8000d838                FT_Stream_OpenMemory
 .text.FT_Stream_Close
                0x8000d858       0x1c C:/devkitPro/portlibs/ppc/lib\libfreetype.a(ftbase.o)
                0x8000d858                FT_Stream_Close
 .text.FT_Stream_Seek
                0x8000d874       0x80 C:/devkitPro/portlibs/ppc/lib\libfreetype.a(ftbase.o)
                0x8000d874                FT_Stream_Seek
 .text.FT_Stream_Skip
                0x8000d8f4       0x9c C:/devkitPro/portlibs/ppc/lib\libfreetype.a(ftbase.o)
                0x8000d8f4                FT_Stream_Skip
 .text.FT_Stream_Pos
                0x8000d990        0x8 C:/devkitPro/portlibs/ppc/lib\libfreetype.a(ftbase.o)
                0x8000d990                FT_Stream_Pos
 .text.FT_Stream_Read
                0x8000d998       0xe8 C:/devkitPro/portlibs/ppc/lib\libfreetype.a(ftbase.o)
                0x8000d998                FT_Stream_Read
 .text.FT_Stream_ReadAt
                0x8000da80      0x100 C:/devkitPro/portlibs/ppc/lib\libfreetype.a(ftbase.o)
                0x8000da80                FT_Stream_ReadAt
 .text.FT_Stream_TryRead
                0x8000db80       0xd4 C:/devkitPro/portlibs/ppc/lib\libfreetype.a(ftbase.o)
                0x8000db80                FT_Stream_TryRead
 .text.FT_Stream_ReleaseFrame
                0x8000dc54       0x6c C:/devkitPro/portlibs/ppc/lib\libfreetype.a(ftbase.o)
                0x8000dc54                FT_Stream_ReleaseFrame
 .text.FT_Stream_EnterFrame
                0x8000dcc0      0x1d4 C:/devkitPro/portlibs/ppc/lib\libfreetype.a(ftbase.o)
                0x8000dcc0                FT_Stream_EnterFrame
 .text.FT_Stream_ExtractFrame
                0x8000de94       0x50 C:/devkitPro/portlibs/ppc/lib\libfreetype.a(ftbase.o)
                0x8000de94                FT_Stream_ExtractFrame
 .text.FT_Stream_ExitFrame
                0x8000dee4       0x7c C:/devkitPro/portlibs/ppc/lib\libfreetype.a(ftbase.o)
                0x8000dee4                FT_Stream_ExitFrame
 .text.FT_Stream_GetByte
                0x8000df60       0x30 C:/devkitPro/portlibs/ppc/lib\libfreetype.a(ftbase.o)
                0x8000df60                FT_Stream_GetByte
 .text.FT_Stream_GetUShort
                0x8000df90       0x38 C:/devkitPro/portlibs/ppc/lib\libfreetype.a(ftbase.o)
                0x8000df90                FT_Stream_GetUShort
 .text.FT_Stream_GetUShortLE
                0x8000dfc8       0x38 C:/devkitPro/portlibs/ppc/lib\libfreetype.a(ftbase.o)
                0x8000dfc8                FT_Stream_GetUShortLE
 .text.FT_Stream_GetULong
                0x8000e000       0x2c C:/devkitPro/portlibs/ppc/lib\libfreetype.a(ftbase.o)
                0x8000e000                FT_Stream_GetULong
 .text.FT_Stream_GetULongLE
                0x8000e02c       0x2c C:/devkitPro/portlibs/ppc/lib\libfreetype.a(ftbase.o)
                0x8000e02c                FT_Stream_GetULongLE
 .text.FT_Stream_ReadByte
                0x8000e058       0xc4 C:/devkitPro/portlibs/ppc/lib\libfreetype.a(ftbase.o)
                0x8000e058                FT_Stream_ReadByte
 .text.FT_Stream_ReadUShort
                0x8000e11c       0xe8 C:/devkitPro/portlibs/ppc/lib\libfreetype.a(ftbase.o)
                0x8000e11c                FT_Stream_ReadUShort
 .text.FT_Raccess_Get_HeaderInfo
                0x8000e204      0x378 C:/devkitPro/portlibs/ppc/lib\libfreetype.a(ftbase.o)
                0x8000e204                FT_Raccess_Get_HeaderInfo
 .text.FT_Stream_ReadUShortLE
                0x8000e57c       0xdc C:/devkitPro/portlibs/ppc/lib\libfreetype.a(ftbase.o)
                0x8000e57c                FT_Stream_ReadUShortLE
 .text.FT_Stream_ReadUOffset
                0x8000e658      0x108 C:/devkitPro/portlibs/ppc/lib\libfreetype.a(ftbase.o)
                0x8000e658                FT_Stream_ReadUOffset
 .text.FT_Stream_ReadULong
                0x8000e760       0xd8 C:/devkitPro/portlibs/ppc/lib\libfreetype.a(ftbase.o)
                0x8000e760                FT_Stream_ReadULong
 .text.FT_Raccess_Get_DataOffsets
                0x8000e838      0x538 C:/devkitPro/portlibs/ppc/lib\libfreetype.a(ftbase.o)
                0x8000e838                FT_Raccess_Get_DataOffsets
 .text.raccess_guess_apple_generic.isra.0
                0x8000ed70      0x1e0 C:/devkitPro/portlibs/ppc/lib\libfreetype.a(ftbase.o)
 .text.raccess_guess_linux_double_from_file_name
                0x8000ef50      0x108 C:/devkitPro/portlibs/ppc/lib\libfreetype.a(ftbase.o)
 .text.raccess_guess_linux_netatalk
                0x8000f058       0xe8 C:/devkitPro/portlibs/ppc/lib\libfreetype.a(ftbase.o)
 .text.raccess_guess_linux_double
                0x8000f140       0xe8 C:/devkitPro/portlibs/ppc/lib\libfreetype.a(ftbase.o)
 .text.raccess_guess_darwin_ufs_export
                0x8000f228       0xe8 C:/devkitPro/portlibs/ppc/lib\libfreetype.a(ftbase.o)
 .text.raccess_guess_apple_double
                0x8000f310       0x28 C:/devkitPro/portlibs/ppc/lib\libfreetype.a(ftbase.o)
 .text.raccess_guess_apple_single
                0x8000f338       0x28 C:/devkitPro/portlibs/ppc/lib\libfreetype.a(ftbase.o)
 .text.FT_Stream_ReadULongLE
                0x8000f360       0xdc C:/devkitPro/portlibs/ppc/lib\libfreetype.a(ftbase.o)
                0x8000f360                FT_Stream_ReadULongLE
 .text.FT_Stream_ReadFields
                0x8000f43c      0x2b8 C:/devkitPro/portlibs/ppc/lib\libfreetype.a(ftbase.o)
                0x8000f43c                FT_Stream_ReadFields
 .text.FT_Vector_Length
                0x8000f6f4      0x120 C:/devkitPro/portlibs/ppc/lib\libfreetype.a(ftbase.o)
                0x8000f6f4                FT_Vector_Length
 .text.FT_Hypot
                0x8000f814       0x30 C:/devkitPro/portlibs/ppc/lib\libfreetype.a(ftbase.o)
                0x8000f814                FT_Hypot
 .text.ft_mem_alloc
                0x8000f844       0xac C:/devkitPro/portlibs/ppc/lib\libfreetype.a(ftbase.o)
                0x8000f844                ft_mem_alloc
 .text.ft_glyphslot_alloc_bitmap
                0x8000f8f0       0xb8 C:/devkitPro/portlibs/ppc/lib\libfreetype.a(ftbase.o)
                0x8000f8f0                ft_glyphslot_alloc_bitmap
 .text.FT_New_GlyphSlot
                0x8000f9a8      0x280 C:/devkitPro/portlibs/ppc/lib\libfreetype.a(ftbase.o)
                0x8000f9a8                FT_New_GlyphSlot
 .text.FT_Render_Glyph_Internal
                0x8000fc28      0x354 C:/devkitPro/portlibs/ppc/lib\libfreetype.a(ftbase.o)
                0x8000fc28                FT_Render_Glyph_Internal
 .text.FT_Load_Glyph
                0x8000ff7c      0xa24 C:/devkitPro/portlibs/ppc/lib\libfreetype.a(ftbase.o)
                0x8000ff7c                FT_Load_Glyph
 .text.FT_Get_Advances
                0x800109a0      0x314 C:/devkitPro/portlibs/ppc/lib\libfreetype.a(ftbase.o)
                0x800109a0                FT_Get_Advances
 .text.FT_Get_Advance
                0x80010cb4      0x230 C:/devkitPro/portlibs/ppc/lib\libfreetype.a(ftbase.o)
                0x80010cb4                FT_Get_Advance
 .text.open_face
                0x80010ee4      0x2e8 C:/devkitPro/portlibs/ppc/lib\libfreetype.a(ftbase.o)
 .text.FT_New_Size
                0x800111cc      0x204 C:/devkitPro/portlibs/ppc/lib\libfreetype.a(ftbase.o)
                0x800111cc                FT_New_Size
 .text.ft_open_face_internal
                0x800113d0      0xc0c C:/devkitPro/portlibs/ppc/lib\libfreetype.a(ftbase.o)
 .text.open_face_from_buffer
                0x80011fdc      0x184 C:/devkitPro/portlibs/ppc/lib\libfreetype.a(ftbase.o)
 .text.open_face_PS_from_sfnt_stream.isra.0
                0x80012160      0x52c C:/devkitPro/portlibs/ppc/lib\libfreetype.a(ftbase.o)
 .text.IsMacResource
                0x8001268c      0x940 C:/devkitPro/portlibs/ppc/lib\libfreetype.a(ftbase.o)
 .text.FT_Open_Face
                0x80012fcc        0x8 C:/devkitPro/portlibs/ppc/lib\libfreetype.a(ftbase.o)
                0x80012fcc                FT_Open_Face
 .text.FT_Add_Module
                0x80012fd4      0x374 C:/devkitPro/portlibs/ppc/lib\libfreetype.a(ftbase.o)
                0x80012fd4                FT_Add_Module
 .text.ft_mem_qalloc
                0x80013348       0x5c C:/devkitPro/portlibs/ppc/lib\libfreetype.a(ftbase.o)
                0x80013348                ft_mem_qalloc
 .text.ft_mem_qrealloc
                0x800133a4      0x138 C:/devkitPro/portlibs/ppc/lib\libfreetype.a(ftbase.o)
                0x800133a4                ft_mem_qrealloc
 .text.FT_CMap_New
                0x800134dc      0x1c4 C:/devkitPro/portlibs/ppc/lib\libfreetype.a(ftbase.o)
                0x800134dc                FT_CMap_New
 .text.ft_mem_realloc
                0x800136a0       0xcc C:/devkitPro/portlibs/ppc/lib\libfreetype.a(ftbase.o)
                0x800136a0                ft_mem_realloc
 .text.FT_GlyphLoader_CheckPoints
                0x8001376c      0x2dc C:/devkitPro/portlibs/ppc/lib\libfreetype.a(ftbase.o)
                0x8001376c                FT_GlyphLoader_CheckPoints
 .text.FT_GlyphLoader_CheckSubGlyphs
                0x80013a48       0xac C:/devkitPro/portlibs/ppc/lib\libfreetype.a(ftbase.o)
                0x80013a48                FT_GlyphLoader_CheckSubGlyphs
 .text.ft_mem_free
                0x80013af4       0x14 C:/devkitPro/portlibs/ppc/lib\libfreetype.a(ftbase.o)
                0x80013af4                ft_mem_free
 .text.ft_mem_dup
                0x80013b08       0xd0 C:/devkitPro/portlibs/ppc/lib\libfreetype.a(ftbase.o)
                0x80013b08                ft_mem_dup
 .text.ft_mem_strdup
                0x80013bd8       0xe0 C:/devkitPro/portlibs/ppc/lib\libfreetype.a(ftbase.o)
                0x80013bd8                ft_mem_strdup
 .text.ft_mem_strcpyn
                0x80013cb8       0xa0 C:/devkitPro/portlibs/ppc/lib\libfreetype.a(ftbase.o)
                0x80013cb8                ft_mem_strcpyn
 .text.FT_List_Find
                0x80013d58       0x44 C:/devkitPro/portlibs/ppc/lib\libfreetype.a(ftbase.o)
                0x80013d58                FT_List_Find
 .text.FT_List_Add
                0x80013d9c       0x40 C:/devkitPro/portlibs/ppc/lib\libfreetype.a(ftbase.o)
                0x80013d9c                FT_List_Add
 .text.FT_List_Iterate
                0x80013ddc       0xa8 C:/devkitPro/portlibs/ppc/lib\libfreetype.a(ftbase.o)
                0x80013ddc                FT_List_Iterate
 .text.FT_List_Finalize
                0x80013e84       0xe8 C:/devkitPro/portlibs/ppc/lib\libfreetype.a(ftbase.o)
                0x80013e84                FT_List_Finalize
 .text.FT_Set_Default_Properties
                0x80013f6c      0x1d8 C:/devkitPro/portlibs/ppc/lib\libfreetype.a(ftinit.o)
                0x80013f6c                FT_Set_Default_Properties
 .text.FT_Init_FreeType
                0x80014144       0xc8 C:/devkitPro/portlibs/ppc/lib\libfreetype.a(ftinit.o)
                0x80014144                FT_Init_FreeType
 .text.FT_Done_FreeType
                0x8001420c       0x4c C:/devkitPro/portlibs/ppc/lib\libfreetype.a(ftinit.o)
                0x8001420c                FT_Done_FreeType
 .text.bdf_atol_
                0x80014258       0xe0 C:/devkitPro/portlibs/ppc/lib\libfreetype.a(bdf.o)
 .text.bdf_atos_
                0x80014338       0xe0 C:/devkitPro/portlibs/ppc/lib\libfreetype.a(bdf.o)
 .text.by_encoding
                0x80014418       0x28 C:/devkitPro/portlibs/ppc/lib\libfreetype.a(bdf.o)
 .text.bdf_parse_end_
                0x80014440        0x8 C:/devkitPro/portlibs/ppc/lib\libfreetype.a(bdf.o)
 .text.bdf_cmap_init
                0x80014448       0x24 C:/devkitPro/portlibs/ppc/lib\libfreetype.a(bdf.o)
 .text.bdf_cmap_done
                0x8001446c       0x10 C:/devkitPro/portlibs/ppc/lib\libfreetype.a(bdf.o)
 .text.bdf_cmap_char_index
                0x8001447c       0x80 C:/devkitPro/portlibs/ppc/lib\libfreetype.a(bdf.o)
 .text.bdf_cmap_char_next
                0x800144fc       0xc0 C:/devkitPro/portlibs/ppc/lib\libfreetype.a(bdf.o)
 .text.bdf_get_charset_id
                0x800145bc       0x1c C:/devkitPro/portlibs/ppc/lib\libfreetype.a(bdf.o)
 .text.BDF_Size_Select
                0x800145d8       0x64 C:/devkitPro/portlibs/ppc/lib\libfreetype.a(bdf.o)
 .text.BDF_Glyph_Load
                0x8001463c      0x188 C:/devkitPro/portlibs/ppc/lib\libfreetype.a(bdf.o)
 .text.bdf_list_ensure_
                0x800147c4      0x104 C:/devkitPro/portlibs/ppc/lib\libfreetype.a(bdf.o)
 .text.bdf_add_comment_
                0x800148c8       0xbc C:/devkitPro/portlibs/ppc/lib\libfreetype.a(bdf.o)
 .text.bdf_driver_requester
                0x80014984        0xc C:/devkitPro/portlibs/ppc/lib\libfreetype.a(bdf.o)
 .text.bdf_atoul_
                0x80014990       0x8c C:/devkitPro/portlibs/ppc/lib\libfreetype.a(bdf.o)
 .text.bdf_atous_
                0x80014a1c       0x90 C:/devkitPro/portlibs/ppc/lib\libfreetype.a(bdf.o)
 .text.bdf_free_font.part.0
                0x80014aac      0x228 C:/devkitPro/portlibs/ppc/lib\libfreetype.a(bdf.o)
 .text.BDF_Face_Done
                0x80014cd4       0xc4 C:/devkitPro/portlibs/ppc/lib\libfreetype.a(bdf.o)
 .text.bdf_list_split_.part.0
                0x80014d98      0x2f8 C:/devkitPro/portlibs/ppc/lib\libfreetype.a(bdf.o)
 .text.bdf_list_join_.constprop.0
                0x80015090       0xb8 C:/devkitPro/portlibs/ppc/lib\libfreetype.a(bdf.o)
 .text.bdf_list_shift_.constprop.0
                0x80015148       0x68 C:/devkitPro/portlibs/ppc/lib\libfreetype.a(bdf.o)
 .text.bdf_add_property_.isra.0
                0x800151b0      0x5fc C:/devkitPro/portlibs/ppc/lib\libfreetype.a(bdf.o)
 .text.BDF_Size_Request
                0x800157ac       0xf8 C:/devkitPro/portlibs/ppc/lib\libfreetype.a(bdf.o)
 .text.bdf_get_bdf_property
                0x800158a4       0xc8 C:/devkitPro/portlibs/ppc/lib\libfreetype.a(bdf.o)
 .text.bdf_parse_properties_
                0x8001596c      0x4a4 C:/devkitPro/portlibs/ppc/lib\libfreetype.a(bdf.o)
 .text.BDF_Face_Init
                0x80015e10     0x1320 C:/devkitPro/portlibs/ppc/lib\libfreetype.a(bdf.o)
 .text.bdf_parse_start_
                0x80017130      0xa78 C:/devkitPro/portlibs/ppc/lib\libfreetype.a(bdf.o)
 .text.bdf_parse_glyphs_
                0x80017ba8      0xfd8 C:/devkitPro/portlibs/ppc/lib\libfreetype.a(bdf.o)
 .text.cff_cmap_encoding_init
                0x80018b80       0x1c C:/devkitPro/portlibs/ppc/lib\libfreetype.a(cff.o)
 .text.cff_cmap_encoding_done
                0x80018b9c        0xc C:/devkitPro/portlibs/ppc/lib\libfreetype.a(cff.o)
 .text.cff_cmap_encoding_char_index
                0x80018ba8       0x20 C:/devkitPro/portlibs/ppc/lib\libfreetype.a(cff.o)
 .text.cff_cmap_encoding_char_next
                0x80018bc8       0x98 C:/devkitPro/portlibs/ppc/lib\libfreetype.a(cff.o)
 .text.cff_cmap_unicode_init
                0x80018c60       0x54 C:/devkitPro/portlibs/ppc/lib\libfreetype.a(cff.o)
 .text.cff_cmap_unicode_char_index
                0x80018cb4       0x18 C:/devkitPro/portlibs/ppc/lib\libfreetype.a(cff.o)
 .text.cff_cmap_unicode_char_next
                0x80018ccc       0x18 C:/devkitPro/portlibs/ppc/lib\libfreetype.a(cff.o)
 .text.cff_get_kerning
                0x80018ce4       0x5c C:/devkitPro/portlibs/ppc/lib\libfreetype.a(cff.o)
 .text.cff_ps_has_glyph_names
                0x80018d40        0xc C:/devkitPro/portlibs/ppc/lib\libfreetype.a(cff.o)
 .text.cff_get_is_cid
                0x80018d4c       0x34 C:/devkitPro/portlibs/ppc/lib\libfreetype.a(cff.o)
 .text.cff_get_cid_from_glyph_index
                0x80018d80       0x58 C:/devkitPro/portlibs/ppc/lib\libfreetype.a(cff.o)
 .text.cff_set_mm_blend
                0x80018dd8       0x10 C:/devkitPro/portlibs/ppc/lib\libfreetype.a(cff.o)
 .text.cff_get_mm_blend
                0x80018de8       0x10 C:/devkitPro/portlibs/ppc/lib\libfreetype.a(cff.o)
 .text.cff_set_mm_weightvector
                0x80018df8       0x10 C:/devkitPro/portlibs/ppc/lib\libfreetype.a(cff.o)
 .text.cff_get_mm_weightvector
                0x80018e08       0x10 C:/devkitPro/portlibs/ppc/lib\libfreetype.a(cff.o)
 .text.cff_construct_ps_name
                0x80018e18       0x10 C:/devkitPro/portlibs/ppc/lib\libfreetype.a(cff.o)
 .text.cff_get_mm_var
                0x80018e28       0x10 C:/devkitPro/portlibs/ppc/lib\libfreetype.a(cff.o)
 .text.cff_set_var_design
                0x80018e38       0x10 C:/devkitPro/portlibs/ppc/lib\libfreetype.a(cff.o)
 .text.cff_get_var_design
                0x80018e48       0x10 C:/devkitPro/portlibs/ppc/lib\libfreetype.a(cff.o)
 .text.cff_set_named_instance
                0x80018e58       0x10 C:/devkitPro/portlibs/ppc/lib\libfreetype.a(cff.o)
 .text.cff_get_default_named_instance
                0x80018e68       0x10 C:/devkitPro/portlibs/ppc/lib\libfreetype.a(cff.o)
 .text.cff_load_item_variation_store
                0x80018e78       0x10 C:/devkitPro/portlibs/ppc/lib\libfreetype.a(cff.o)
 .text.cff_load_delta_set_index_mapping
                0x80018e88       0x10 C:/devkitPro/portlibs/ppc/lib\libfreetype.a(cff.o)
 .text.cff_get_item_delta
                0x80018e98       0x10 C:/devkitPro/portlibs/ppc/lib\libfreetype.a(cff.o)
 .text.cff_done_item_variation_store
                0x80018ea8       0x10 C:/devkitPro/portlibs/ppc/lib\libfreetype.a(cff.o)
 .text.cff_done_delta_set_index_map
                0x80018eb8       0x10 C:/devkitPro/portlibs/ppc/lib\libfreetype.a(cff.o)
 .text.cff_hadvance_adjust
                0x80018ec8       0x10 C:/devkitPro/portlibs/ppc/lib\libfreetype.a(cff.o)
 .text.cff_metrics_adjust
                0x80018ed8       0x10 C:/devkitPro/portlibs/ppc/lib\libfreetype.a(cff.o)
 .text.cff_parse_integer
                0x80018ee8       0xd0 C:/devkitPro/portlibs/ppc/lib\libfreetype.a(cff.o)
 .text.cff_get_standard_encoding
                0x80018fb8       0x2c C:/devkitPro/portlibs/ppc/lib\libfreetype.a(cff.o)
 .text.cff_fd_select_get
                0x80018fe4       0xac C:/devkitPro/portlibs/ppc/lib\libfreetype.a(cff.o)
 .text.cff_get_var_blend
                0x80019090       0x10 C:/devkitPro/portlibs/ppc/lib\libfreetype.a(cff.o)
 .text.cff_done_blend
                0x800190a0       0x18 C:/devkitPro/portlibs/ppc/lib\libfreetype.a(cff.o)
 .text.cff_slot_done
                0x800190b8       0x18 C:/devkitPro/portlibs/ppc/lib\libfreetype.a(cff.o)
 .text.cff_driver_init
                0x800190d0       0xac C:/devkitPro/portlibs/ppc/lib\libfreetype.a(cff.o)
 .text.cff_driver_done
                0x8001917c        0x4 C:/devkitPro/portlibs/ppc/lib\libfreetype.a(cff.o)
 .text.cff_cmap_unicode_done
                0x80019180       0x44 C:/devkitPro/portlibs/ppc/lib\libfreetype.a(cff.o)
 .text.cff_vstore_done
                0x800191c4      0x104 C:/devkitPro/portlibs/ppc/lib\libfreetype.a(cff.o)
 .text.cff_slot_init
                0x800192c8       0x7c C:/devkitPro/portlibs/ppc/lib\libfreetype.a(cff.o)
 .text.cff_make_private_dict
                0x80019344      0x36c C:/devkitPro/portlibs/ppc/lib\libfreetype.a(cff.o)
 .text.cff_index_done
                0x800196b0       0x7c C:/devkitPro/portlibs/ppc/lib\libfreetype.a(cff.o)
 .text.cff_get_cmap_info
                0x8001972c       0xbc C:/devkitPro/portlibs/ppc/lib\libfreetype.a(cff.o)
 .text.cff_get_ps_name
                0x800197e8       0xbc C:/devkitPro/portlibs/ppc/lib\libfreetype.a(cff.o)
 .text.cff_parse_real
                0x800198a4      0x488 C:/devkitPro/portlibs/ppc/lib\libfreetype.a(cff.o)
 .text.cff_get_name_index
                0x80019d2c      0x174 C:/devkitPro/portlibs/ppc/lib\libfreetype.a(cff.o)
 .text.cff_charset_compute_cids
                0x80019ea0      0x1c8 C:/devkitPro/portlibs/ppc/lib\libfreetype.a(cff.o)
 .text.cff_blend_check_vector
                0x8001a068       0x84 C:/devkitPro/portlibs/ppc/lib\libfreetype.a(cff.o)
 .text.cff_blend_build_vector
                0x8001a0ec      0x33c C:/devkitPro/portlibs/ppc/lib\libfreetype.a(cff.o)
 .text.cff_index_get_pointers
                0x8001a428      0x628 C:/devkitPro/portlibs/ppc/lib\libfreetype.a(cff.o)
 .text.cff_index_get_sid_string
                0x8001aa50       0x64 C:/devkitPro/portlibs/ppc/lib\libfreetype.a(cff.o)
 .text.cff_get_ros
                0x8001aab4      0x108 C:/devkitPro/portlibs/ppc/lib\libfreetype.a(cff.o)
 .text.cff_ps_get_font_info
                0x8001abbc      0x184 C:/devkitPro/portlibs/ppc/lib\libfreetype.a(cff.o)
 .text.cff_get_glyph_name
                0x8001ad40      0x114 C:/devkitPro/portlibs/ppc/lib\libfreetype.a(cff.o)
 .text.cff_ps_get_font_extra
                0x8001ae54      0x1ac C:/devkitPro/portlibs/ppc/lib\libfreetype.a(cff.o)
 .text.cff_subfont_done.part.0
                0x8001b000       0x88 C:/devkitPro/portlibs/ppc/lib\libfreetype.a(cff.o)
 .text.cff_get_interface
                0x8001b088       0xa4 C:/devkitPro/portlibs/ppc/lib\libfreetype.a(cff.o)
 .text.cff_size_get_globals_funcs.isra.0
                0x8001b12c       0x74 C:/devkitPro/portlibs/ppc/lib\libfreetype.a(cff.o)
 .text.cff_size_init
                0x8001b1a0      0x250 C:/devkitPro/portlibs/ppc/lib\libfreetype.a(cff.o)
 .text.cff_size_done
                0x8001b3f0      0x10c C:/devkitPro/portlibs/ppc/lib\libfreetype.a(cff.o)
 .text.cff_size_select
                0x8001b4fc      0x174 C:/devkitPro/portlibs/ppc/lib\libfreetype.a(cff.o)
 .text.cff_size_request
                0x8001b670      0x1f4 C:/devkitPro/portlibs/ppc/lib\libfreetype.a(cff.o)
 .text.cff_face_done
                0x8001b864      0x234 C:/devkitPro/portlibs/ppc/lib\libfreetype.a(cff.o)
 .text.cff_parse_font_matrix
                0x8001ba98      0x380 C:/devkitPro/portlibs/ppc/lib\libfreetype.a(cff.o)
 .text.do_fixed.isra.0
                0x8001be18      0x130 C:/devkitPro/portlibs/ppc/lib\libfreetype.a(cff.o)
 .text.cff_parse_font_bbox
                0x8001bf48       0xc4 C:/devkitPro/portlibs/ppc/lib\libfreetype.a(cff.o)
 .text.cff_parse_num.isra.0
                0x8001c00c       0x84 C:/devkitPro/portlibs/ppc/lib\libfreetype.a(cff.o)
 .text.cff_parse_private_dict
                0x8001c090       0xa0 C:/devkitPro/portlibs/ppc/lib\libfreetype.a(cff.o)
 .text.cff_parse_multiple_master
                0x8001c130       0x90 C:/devkitPro/portlibs/ppc/lib\libfreetype.a(cff.o)
 .text.cff_parse_cid_ros
                0x8001c1c0       0x94 C:/devkitPro/portlibs/ppc/lib\libfreetype.a(cff.o)
 .text.cff_parse_vsindex
                0x8001c254       0x70 C:/devkitPro/portlibs/ppc/lib\libfreetype.a(cff.o)
 .text.cff_parser_run
                0x8001c2c4      0x43c C:/devkitPro/portlibs/ppc/lib\libfreetype.a(cff.o)
 .text.cff_load_private_dict
                0x8001c700      0x290 C:/devkitPro/portlibs/ppc/lib\libfreetype.a(cff.o)
 .text.cff_free_glyph_data
                0x8001c990       0x6c C:/devkitPro/portlibs/ppc/lib\libfreetype.a(cff.o)
 .text.cff_parse_blend
                0x8001c9fc      0x38c C:/devkitPro/portlibs/ppc/lib\libfreetype.a(cff.o)
 .text.cff_index_access_element
                0x8001cd88      0x2d8 C:/devkitPro/portlibs/ppc/lib\libfreetype.a(cff.o)
 .text.cff_get_glyph_data
                0x8001d060       0x78 C:/devkitPro/portlibs/ppc/lib\libfreetype.a(cff.o)
 .text.cff_slot_load
                0x8001d0d8      0xaac C:/devkitPro/portlibs/ppc/lib\libfreetype.a(cff.o)
 .text.cff_glyph_load
                0x8001db84       0x44 C:/devkitPro/portlibs/ppc/lib\libfreetype.a(cff.o)
 .text.cff_get_advances
                0x8001dbc8      0x2c0 C:/devkitPro/portlibs/ppc/lib\libfreetype.a(cff.o)
 .text.cff_index_get_name
                0x8001de88      0x10c C:/devkitPro/portlibs/ppc/lib\libfreetype.a(cff.o)
 .text.cff_index_init
                0x8001df94      0x254 C:/devkitPro/portlibs/ppc/lib\libfreetype.a(cff.o)
 .text.cff_subfont_load
                0x8001e1e8      0x43c C:/devkitPro/portlibs/ppc/lib\libfreetype.a(cff.o)
 .text.cff_sid_to_glyph_name
                0x8001e624       0x70 C:/devkitPro/portlibs/ppc/lib\libfreetype.a(cff.o)
 .text.cff_face_init
                0x8001e694     0x243c C:/devkitPro/portlibs/ppc/lib\libfreetype.a(cff.o)
 .text.cff_parse_maxstack
                0x80020ad0       0xdc C:/devkitPro/portlibs/ppc/lib\libfreetype.a(cff.o)
 .text.parse_expansion_factor
                0x80020bac       0x60 C:/devkitPro/portlibs/ppc/lib\libfreetype.a(type1cid.o)
 .text.parse_font_name
                0x80020c0c        0x4 C:/devkitPro/portlibs/ppc/lib\libfreetype.a(type1cid.o)
 .text.cid_slot_done
                0x80020c10       0x18 C:/devkitPro/portlibs/ppc/lib\libfreetype.a(type1cid.o)
 .text.cid_driver_init
                0x80020c28       0xac C:/devkitPro/portlibs/ppc/lib\libfreetype.a(type1cid.o)
 .text.cid_driver_done
                0x80020cd4        0x4 C:/devkitPro/portlibs/ppc/lib\libfreetype.a(type1cid.o)
 .text.cid_get_postscript_name
                0x80020cd8       0x20 C:/devkitPro/portlibs/ppc/lib\libfreetype.a(type1cid.o)
 .text.cid_ps_get_font_info
                0x80020cf8       0x4c C:/devkitPro/portlibs/ppc/lib\libfreetype.a(type1cid.o)
 .text.cid_ps_get_font_extra
                0x80020d44       0x10 C:/devkitPro/portlibs/ppc/lib\libfreetype.a(type1cid.o)
 .text.cid_get_ros
                0x80020d54       0x38 C:/devkitPro/portlibs/ppc/lib\libfreetype.a(type1cid.o)
 .text.cid_get_is_cid
                0x80020d8c       0x18 C:/devkitPro/portlibs/ppc/lib\libfreetype.a(type1cid.o)
 .text.cid_slot_init
                0x80020da4       0x78 C:/devkitPro/portlibs/ppc/lib\libfreetype.a(type1cid.o)
 .text.cid_face_done
                0x80020e1c      0x188 C:/devkitPro/portlibs/ppc/lib\libfreetype.a(type1cid.o)
 .text.cid_compute_fd_and_offsets
                0x80020fa4      0x25c C:/devkitPro/portlibs/ppc/lib\libfreetype.a(type1cid.o)
 .text.cid_load_glyph
                0x80021200      0x520 C:/devkitPro/portlibs/ppc/lib\libfreetype.a(type1cid.o)
 .text.cid_slot_load_glyph
                0x80021720      0x438 C:/devkitPro/portlibs/ppc/lib\libfreetype.a(type1cid.o)
 .text.cid_get_cid_from_glyph_index
                0x80021b58       0x54 C:/devkitPro/portlibs/ppc/lib\libfreetype.a(type1cid.o)
 .text.cid_parse_font_matrix
                0x80021bac      0x1c8 C:/devkitPro/portlibs/ppc/lib\libfreetype.a(type1cid.o)
 .text.parse_fd_array
                0x80021d74      0x15c C:/devkitPro/portlibs/ppc/lib\libfreetype.a(type1cid.o)
 .text.cid_get_interface
                0x80021ed0        0xc C:/devkitPro/portlibs/ppc/lib\libfreetype.a(type1cid.o)
 .text.cid_size_get_globals_funcs.isra.0
                0x80021edc       0x74 C:/devkitPro/portlibs/ppc/lib\libfreetype.a(type1cid.o)
 .text.cid_size_init
                0x80021f50       0x8c C:/devkitPro/portlibs/ppc/lib\libfreetype.a(type1cid.o)
 .text.cid_size_done
                0x80021fdc       0x68 C:/devkitPro/portlibs/ppc/lib\libfreetype.a(type1cid.o)
 .text.cid_size_request
                0x80022044       0x98 C:/devkitPro/portlibs/ppc/lib\libfreetype.a(type1cid.o)
 .text.cid_face_open
                0x800220dc     0x10dc C:/devkitPro/portlibs/ppc/lib\libfreetype.a(type1cid.o)
 .text.cid_face_init
                0x800231b8      0x2f4 C:/devkitPro/portlibs/ppc/lib\libfreetype.a(type1cid.o)
 .text.pcf_cmap_init
                0x800234ac       0x18 C:/devkitPro/portlibs/ppc/lib\libfreetype.a(pcf.o)
 .text.pcf_cmap_done
                0x800234c4        0xc C:/devkitPro/portlibs/ppc/lib\libfreetype.a(pcf.o)
 .text.pcf_cmap_char_index
                0x800234d0       0x68 C:/devkitPro/portlibs/ppc/lib\libfreetype.a(pcf.o)
 .text.pcf_cmap_char_next
                0x80023538      0x1e4 C:/devkitPro/portlibs/ppc/lib\libfreetype.a(pcf.o)
 .text.pcf_get_charset_id
                0x8002371c       0x1c C:/devkitPro/portlibs/ppc/lib\libfreetype.a(pcf.o)
 .text.pcf_property_set
                0x80023738        0x8 C:/devkitPro/portlibs/ppc/lib\libfreetype.a(pcf.o)
 .text.pcf_property_get
                0x80023740        0x8 C:/devkitPro/portlibs/ppc/lib\libfreetype.a(pcf.o)
 .text.pcf_driver_init
                0x80023748        0x8 C:/devkitPro/portlibs/ppc/lib\libfreetype.a(pcf.o)
 .text.pcf_driver_done
                0x80023750        0x4 C:/devkitPro/portlibs/ppc/lib\libfreetype.a(pcf.o)
 .text.PCF_Size_Select
                0x80023754       0x64 C:/devkitPro/portlibs/ppc/lib\libfreetype.a(pcf.o)
 .text.PCF_Glyph_Load
                0x800237b8      0x3b8 C:/devkitPro/portlibs/ppc/lib\libfreetype.a(pcf.o)
 .text.pcf_driver_requester
                0x80023b70        0xc C:/devkitPro/portlibs/ppc/lib\libfreetype.a(pcf.o)
 .text.PCF_Face_Done.part.0
                0x80023b7c      0x1a8 C:/devkitPro/portlibs/ppc/lib\libfreetype.a(pcf.o)
 .text.PCF_Face_Done
                0x80023d24        0xc C:/devkitPro/portlibs/ppc/lib\libfreetype.a(pcf.o)
 .text.pcf_find_property.isra.0
                0x80023d30       0x9c C:/devkitPro/portlibs/ppc/lib\libfreetype.a(pcf.o)
 .text.pcf_get_bdf_property
                0x80023dcc       0x8c C:/devkitPro/portlibs/ppc/lib\libfreetype.a(pcf.o)
 .text.PCF_Size_Request
                0x80023e58       0xf4 C:/devkitPro/portlibs/ppc/lib\libfreetype.a(pcf.o)
 .text.pcf_get_accel
                0x80023f4c      0x2f0 C:/devkitPro/portlibs/ppc/lib\libfreetype.a(pcf.o)
 .text.pcf_load_font
                0x8002423c     0x1970 C:/devkitPro/portlibs/ppc/lib\libfreetype.a(pcf.o)
 .text.PCF_Face_Init
                0x80025bac      0x2b8 C:/devkitPro/portlibs/ppc/lib\libfreetype.a(pcf.o)
 .text.pfr_cmap_init
                0x80025e64       0x94 C:/devkitPro/portlibs/ppc/lib\libfreetype.a(pfr.o)
 .text.pfr_cmap_done
                0x80025ef8       0x10 C:/devkitPro/portlibs/ppc/lib\libfreetype.a(pfr.o)
 .text.pfr_cmap_char_index
                0x80025f08       0x78 C:/devkitPro/portlibs/ppc/lib\libfreetype.a(pfr.o)
 .text.pfr_cmap_char_next
                0x80025f80       0xc0 C:/devkitPro/portlibs/ppc/lib\libfreetype.a(pfr.o)
 .text.pfr_get_advance
                0x80026040       0x54 C:/devkitPro/portlibs/ppc/lib\libfreetype.a(pfr.o)
 .text.pfr_glyph_close_contour
                0x80026094       0xfc C:/devkitPro/portlibs/ppc/lib\libfreetype.a(pfr.o)
 .text.pfr_face_get_kerning
                0x80026190      0x248 C:/devkitPro/portlibs/ppc/lib\libfreetype.a(pfr.o)
 .text.pfr_extra_item_load_bitmap_info
                0x800263d8      0x24c C:/devkitPro/portlibs/ppc/lib\libfreetype.a(pfr.o)
 .text.pfr_slot_done
                0x80026624       0x74 C:/devkitPro/portlibs/ppc/lib\libfreetype.a(pfr.o)
 .text.pfr_slot_init
                0x80026698       0x58 C:/devkitPro/portlibs/ppc/lib\libfreetype.a(pfr.o)
 .text.pfr_extra_item_load_stem_snaps
                0x800266f0       0xfc C:/devkitPro/portlibs/ppc/lib\libfreetype.a(pfr.o)
 .text.pfr_extra_item_load_kerning_pairs
                0x800267ec      0x194 C:/devkitPro/portlibs/ppc/lib\libfreetype.a(pfr.o)
 .text.pfr_extra_item_load_font_id
                0x80026980       0xc0 C:/devkitPro/portlibs/ppc/lib\libfreetype.a(pfr.o)
 .text.pfr_aux_name_load
                0x80026a40      0x1c8 C:/devkitPro/portlibs/ppc/lib\libfreetype.a(pfr.o)
 .text.pfr_get_service
                0x80026c08        0xc C:/devkitPro/portlibs/ppc/lib\libfreetype.a(pfr.o)
 .text.pfr_get_metrics
                0x80026c14       0xd8 C:/devkitPro/portlibs/ppc/lib\libfreetype.a(pfr.o)
 .text.pfr_get_kerning
                0x80026cec       0xa8 C:/devkitPro/portlibs/ppc/lib\libfreetype.a(pfr.o)
 .text.pfr_face_done
                0x80026d94      0x128 C:/devkitPro/portlibs/ppc/lib\libfreetype.a(pfr.o)
 .text.pfr_glyph_line_to.isra.0
                0x80026ebc       0xe8 C:/devkitPro/portlibs/ppc/lib\libfreetype.a(pfr.o)
 .text.pfr_glyph_load_rec
                0x80026fa4      0xc84 C:/devkitPro/portlibs/ppc/lib\libfreetype.a(pfr.o)
 .text.pfr_slot_load
                0x80027c28      0xbe8 C:/devkitPro/portlibs/ppc/lib\libfreetype.a(pfr.o)
 .text.pfr_face_init
                0x80028810      0xe44 C:/devkitPro/portlibs/ppc/lib\libfreetype.a(pfr.o)
 .text.afm_compare_kern_pairs
                0x80029654       0x3c C:/devkitPro/portlibs/ppc/lib\libfreetype.a(psaux.o)
 .text.PS_Conv_Strtol
                0x80029690      0x164 C:/devkitPro/portlibs/ppc/lib\libfreetype.a(psaux.o)
 .text.PS_Conv_ToInt
                0x800297f4       0xb8 C:/devkitPro/portlibs/ppc/lib\libfreetype.a(psaux.o)
 .text.skip_spaces
                0x800298ac       0xc4 C:/devkitPro/portlibs/ppc/lib\libfreetype.a(psaux.o)
 .text.skip_literal_string
                0x80029970       0xfc C:/devkitPro/portlibs/ppc/lib\libfreetype.a(psaux.o)
 .text.skip_string
                0x80029a6c       0xd0 C:/devkitPro/portlibs/ppc/lib\libfreetype.a(psaux.o)
 .text.skip_procedure
                0x80029b3c      0x1e4 C:/devkitPro/portlibs/ppc/lib\libfreetype.a(psaux.o)
 .text.ps_parser_skip_PS_token
                0x80029d20      0x27c C:/devkitPro/portlibs/ppc/lib\libfreetype.a(psaux.o)
 .text.ps_parser_skip_spaces
                0x80029f9c        0x8 C:/devkitPro/portlibs/ppc/lib\libfreetype.a(psaux.o)
 .text.ps_parser_to_token
                0x80029fa4      0x200 C:/devkitPro/portlibs/ppc/lib\libfreetype.a(psaux.o)
 .text.ps_parser_to_token_array
                0x8002a1a4      0x190 C:/devkitPro/portlibs/ppc/lib\libfreetype.a(psaux.o)
 .text.ps_parser_to_int
                0x8002a334       0x3c C:/devkitPro/portlibs/ppc/lib\libfreetype.a(psaux.o)
 .text.ps_parser_to_bytes
                0x8002a370      0x1fc C:/devkitPro/portlibs/ppc/lib\libfreetype.a(psaux.o)
 .text.ps_parser_init
                0x8002a56c       0x4c C:/devkitPro/portlibs/ppc/lib\libfreetype.a(psaux.o)
 .text.ps_parser_done
                0x8002a5b8        0x4 C:/devkitPro/portlibs/ppc/lib\libfreetype.a(psaux.o)
 .text.t1_builder_done
                0x8002a5bc       0x3c C:/devkitPro/portlibs/ppc/lib\libfreetype.a(psaux.o)
 .text.t1_builder_close_contour
                0x8002a5f8      0x150 C:/devkitPro/portlibs/ppc/lib\libfreetype.a(psaux.o)
 .text.cff_builder_done
                0x8002a748       0x3c C:/devkitPro/portlibs/ppc/lib\libfreetype.a(psaux.o)
 .text.cff_builder_add_point
                0x8002a784       0x54 C:/devkitPro/portlibs/ppc/lib\libfreetype.a(psaux.o)
 .text.cff_builder_close_contour
                0x8002a7d8      0x150 C:/devkitPro/portlibs/ppc/lib\libfreetype.a(psaux.o)
 .text.ps_builder_done
                0x8002a928       0x3c C:/devkitPro/portlibs/ppc/lib\libfreetype.a(psaux.o)
 .text.cff_random
                0x8002a964       0x1c C:/devkitPro/portlibs/ppc/lib\libfreetype.a(psaux.o)
 .text.t1_cmap_std_done
                0x8002a980       0x18 C:/devkitPro/portlibs/ppc/lib\libfreetype.a(psaux.o)
 .text.t1_cmap_standard_init
                0x8002a998       0x34 C:/devkitPro/portlibs/ppc/lib\libfreetype.a(psaux.o)
 .text.t1_cmap_expert_init
                0x8002a9cc       0x34 C:/devkitPro/portlibs/ppc/lib\libfreetype.a(psaux.o)
 .text.t1_cmap_custom_init
                0x8002aa00       0x2c C:/devkitPro/portlibs/ppc/lib\libfreetype.a(psaux.o)
 .text.t1_cmap_custom_done
                0x8002aa2c       0x14 C:/devkitPro/portlibs/ppc/lib\libfreetype.a(psaux.o)
 .text.t1_cmap_custom_char_index
                0x8002aa40       0x3c C:/devkitPro/portlibs/ppc/lib\libfreetype.a(psaux.o)
 .text.t1_cmap_custom_char_next
                0x8002aa7c       0xd4 C:/devkitPro/portlibs/ppc/lib\libfreetype.a(psaux.o)
 .text.psaux_get_glyph_name
                0x8002ab50       0x10 C:/devkitPro/portlibs/ppc/lib\libfreetype.a(psaux.o)
 .text.t1_cmap_unicode_init
                0x8002ab60       0x3c C:/devkitPro/portlibs/ppc/lib\libfreetype.a(psaux.o)
 .text.t1_cmap_unicode_char_index
                0x8002ab9c       0x14 C:/devkitPro/portlibs/ppc/lib\libfreetype.a(psaux.o)
 .text.t1_cmap_unicode_char_next
                0x8002abb0       0x14 C:/devkitPro/portlibs/ppc/lib\libfreetype.a(psaux.o)
 .text.cf2_stack_popInt
                0x8002abc4       0x7c C:/devkitPro/portlibs/ppc/lib\libfreetype.a(psaux.o)
 .text.cf2_stack_popFixed
                0x8002ac40       0x74 C:/devkitPro/portlibs/ppc/lib\libfreetype.a(psaux.o)
 .text.cf2_stack_getReal
                0x8002acb4       0x7c C:/devkitPro/portlibs/ppc/lib\libfreetype.a(psaux.o)
 .text.ps_table_release
                0x8002ad30       0x8c C:/devkitPro/portlibs/ppc/lib\libfreetype.a(psaux.o)
 .text.afm_parser_done
                0x8002adbc       0x3c C:/devkitPro/portlibs/ppc/lib\libfreetype.a(psaux.o)
 .text.t1_cmap_unicode_done
                0x8002adf8       0x44 C:/devkitPro/portlibs/ppc/lib\libfreetype.a(psaux.o)
 .text.ps_table_realloc
                0x8002ae3c       0xd0 C:/devkitPro/portlibs/ppc/lib\libfreetype.a(psaux.o)
 .text.ps_table_done
                0x8002af0c        0x8 C:/devkitPro/portlibs/ppc/lib\libfreetype.a(psaux.o)
 .text.ps_table_new
                0x8002af14      0x120 C:/devkitPro/portlibs/ppc/lib\libfreetype.a(psaux.o)
 .text.t1_builder_add_point
                0x8002b034       0xd0 C:/devkitPro/portlibs/ppc/lib\libfreetype.a(psaux.o)
 .text.cf2_arrstack_setNumElements
                0x8002b104      0x12c C:/devkitPro/portlibs/ppc/lib\libfreetype.a(psaux.o)
 .text.cf2_arrstack_push
                0x8002b230       0x84 C:/devkitPro/portlibs/ppc/lib\libfreetype.a(psaux.o)
 .text.cf2_doStems
                0x8002b2b4      0x164 C:/devkitPro/portlibs/ppc/lib\libfreetype.a(psaux.o)
 .text.PS_Conv_ToFixed
                0x8002b418      0x820 C:/devkitPro/portlibs/ppc/lib\libfreetype.a(psaux.o)
 .text.ps_tofixedarray
                0x8002bc38      0x200 C:/devkitPro/portlibs/ppc/lib\libfreetype.a(psaux.o)
 .text.ps_parser_to_fixed_array
                0x8002be38       0x74 C:/devkitPro/portlibs/ppc/lib\libfreetype.a(psaux.o)
 .text.ps_parser_load_field
                0x8002beac      0x74c C:/devkitPro/portlibs/ppc/lib\libfreetype.a(psaux.o)
 .text.ps_parser_load_field_table
                0x8002c5f8      0x1c8 C:/devkitPro/portlibs/ppc/lib\libfreetype.a(psaux.o)
 .text.ps_parser_to_coord_array
                0x8002c7c0      0x248 C:/devkitPro/portlibs/ppc/lib\libfreetype.a(psaux.o)
 .text.ps_parser_to_fixed
                0x8002ca08       0x4c C:/devkitPro/portlibs/ppc/lib\libfreetype.a(psaux.o)
 .text.ps_builder_init
                0x8002ca54      0x130 C:/devkitPro/portlibs/ppc/lib\libfreetype.a(psaux.o)
 .text.cf2_getSeacComponent
                0x8002cb84      0x15c C:/devkitPro/portlibs/ppc/lib\libfreetype.a(psaux.o)
 .text.t1_make_subfont
                0x8002cce0      0x3b8 C:/devkitPro/portlibs/ppc/lib\libfreetype.a(psaux.o)
 .text.ps_decoder_init
                0x8002d098      0x168 C:/devkitPro/portlibs/ppc/lib\libfreetype.a(psaux.o)
 .text.t1_builder_add_contour
                0x8002d200       0xe4 C:/devkitPro/portlibs/ppc/lib\libfreetype.a(psaux.o)
 .text.cff_builder_add_contour
                0x8002d2e4       0xd4 C:/devkitPro/portlibs/ppc/lib\libfreetype.a(psaux.o)
 .text.t1_builder_init
                0x8002d3b8      0x130 C:/devkitPro/portlibs/ppc/lib\libfreetype.a(psaux.o)
 .text.cff_builder_init
                0x8002d4e8      0x140 C:/devkitPro/portlibs/ppc/lib\libfreetype.a(psaux.o)
 .text.afm_parser_init
                0x8002d628       0x90 C:/devkitPro/portlibs/ppc/lib\libfreetype.a(psaux.o)
 .text.cf2_hintmap_map
                0x8002d6b8      0x1c0 C:/devkitPro/portlibs/ppc/lib\libfreetype.a(psaux.o)
 .text.cf2_glyphpath_hintPoint
                0x8002d878       0xf0 C:/devkitPro/portlibs/ppc/lib\libfreetype.a(psaux.o)
 .text.cf2_hintmap_insertHint
                0x8002d968      0x564 C:/devkitPro/portlibs/ppc/lib\libfreetype.a(psaux.o)
 .text.cf2_glyphpath_computeOffset
                0x8002decc      0x228 C:/devkitPro/portlibs/ppc/lib\libfreetype.a(psaux.o)
 .text.t1_decoder_parse_metrics
                0x8002e0f4      0x3c4 C:/devkitPro/portlibs/ppc/lib\libfreetype.a(psaux.o)
 .text.t1_lookup_glyph_by_stdcharcode_ps
                0x8002e4b8       0xec C:/devkitPro/portlibs/ppc/lib\libfreetype.a(psaux.o)
 .text.t1_cmap_std_char_index
                0x8002e5a4       0xec C:/devkitPro/portlibs/ppc/lib\libfreetype.a(psaux.o)
 .text.t1_cmap_std_char_next
                0x8002e690       0xd4 C:/devkitPro/portlibs/ppc/lib\libfreetype.a(psaux.o)
 .text.t1_decoder_init
                0x8002e764      0x140 C:/devkitPro/portlibs/ppc/lib\libfreetype.a(psaux.o)
 .text.afm_tokenize
                0x8002e8a4      0x134 C:/devkitPro/portlibs/ppc/lib\libfreetype.a(psaux.o)
 .text.cff_decoder_prepare
                0x8002e9d8      0x174 C:/devkitPro/portlibs/ppc/lib\libfreetype.a(psaux.o)
 .text.cf2_free_instance
                0x8002eb4c       0x58 C:/devkitPro/portlibs/ppc/lib\libfreetype.a(psaux.o)
 .text.ps_table_add
                0x8002eba4      0x160 C:/devkitPro/portlibs/ppc/lib\libfreetype.a(psaux.o)
 .text.cf2_glyphpath_pushPrevElem
                0x8002ed04      0x5b4 C:/devkitPro/portlibs/ppc/lib\libfreetype.a(psaux.o)
 .text.cf2_computeDarkening.part.0.constprop.0
                0x8002f2b8      0x26c C:/devkitPro/portlibs/ppc/lib\libfreetype.a(psaux.o)
 .text.ps_builder_add_contour.constprop.0
                0x8002f524       0xe4 C:/devkitPro/portlibs/ppc/lib\libfreetype.a(psaux.o)
 .text.cff_check_points
                0x8002f608       0x38 C:/devkitPro/portlibs/ppc/lib\libfreetype.a(psaux.o)
 .text.ps_builder_check_points.part.0.isra.0
                0x8002f640       0x2c C:/devkitPro/portlibs/ppc/lib\libfreetype.a(psaux.o)
 .text.t1_builder_check_points
                0x8002f66c       0x38 C:/devkitPro/portlibs/ppc/lib\libfreetype.a(psaux.o)
 .text.cf2_stack_pushFixed
                0x8002f6a4       0x58 C:/devkitPro/portlibs/ppc/lib\libfreetype.a(psaux.o)
 .text.afm_stream_skip_spaces.part.0.isra.0
                0x8002f6fc       0xf0 C:/devkitPro/portlibs/ppc/lib\libfreetype.a(psaux.o)
 .text.cf2_freeT1SeacComponent.isra.0
                0x8002f7ec       0x50 C:/devkitPro/portlibs/ppc/lib\libfreetype.a(psaux.o)
 .text.cf2_getT1SeacComponent.isra.0
                0x8002f83c       0xa8 C:/devkitPro/portlibs/ppc/lib\libfreetype.a(psaux.o)
 .text.ps_builder_close_contour.isra.0
                0x8002f8e4      0x14c C:/devkitPro/portlibs/ppc/lib\libfreetype.a(psaux.o)
 .text.cf2_builder_moveTo
                0x8002fa30       0x38 C:/devkitPro/portlibs/ppc/lib\libfreetype.a(psaux.o)
 .text.t1_decrypt
                0x8002fa68       0x54 C:/devkitPro/portlibs/ppc/lib\libfreetype.a(psaux.o)
 .text.afm_stream_read_one
                0x8002fabc      0x124 C:/devkitPro/portlibs/ppc/lib\libfreetype.a(psaux.o)
 .text.cff_decoder_init
                0x8002fbe0      0x100 C:/devkitPro/portlibs/ppc/lib\libfreetype.a(psaux.o)
 .text.afm_stream_read_string
                0x8002fce0       0xb4 C:/devkitPro/portlibs/ppc/lib\libfreetype.a(psaux.o)
 .text.afm_parser_read_vals
                0x8002fd94      0x204 C:/devkitPro/portlibs/ppc/lib\libfreetype.a(psaux.o)
 .text.afm_parser_next_key.constprop.0.isra.0
                0x8002ff98       0x9c C:/devkitPro/portlibs/ppc/lib\libfreetype.a(psaux.o)
 .text.t1_builder_add_point1
                0x80030034       0x9c C:/devkitPro/portlibs/ppc/lib\libfreetype.a(psaux.o)
 .text.t1_builder_start_point
                0x800300d0       0x88 C:/devkitPro/portlibs/ppc/lib\libfreetype.a(psaux.o)
 .text.cf2_stack_setReal
                0x80030158       0x54 C:/devkitPro/portlibs/ppc/lib\libfreetype.a(psaux.o)
 .text.cf2_stack_pushInt
                0x800301ac       0x58 C:/devkitPro/portlibs/ppc/lib\libfreetype.a(psaux.o)
 .text.t1_decoder_done
                0x80030204       0x9c C:/devkitPro/portlibs/ppc/lib\libfreetype.a(psaux.o)
 .text.cf2_hintmask_read
                0x800302a0       0xd0 C:/devkitPro/portlibs/ppc/lib\libfreetype.a(psaux.o)
 .text.cff_builder_add_point1
                0x80030370      0x11c C:/devkitPro/portlibs/ppc/lib\libfreetype.a(psaux.o)
 .text.cff_builder_start_point
                0x8003048c       0x70 C:/devkitPro/portlibs/ppc/lib\libfreetype.a(psaux.o)
 .text.cf2_hint_init
                0x800304fc      0x230 C:/devkitPro/portlibs/ppc/lib\libfreetype.a(psaux.o)
 .text.cf2_hintmap_build
                0x8003072c      0xbb4 C:/devkitPro/portlibs/ppc/lib\libfreetype.a(psaux.o)
 .text.cf2_glyphpath_pushMove
                0x800312e0      0x1a8 C:/devkitPro/portlibs/ppc/lib\libfreetype.a(psaux.o)
 .text.cf2_glyphpath_lineTo
                0x80031488      0x1cc C:/devkitPro/portlibs/ppc/lib\libfreetype.a(psaux.o)
 .text.cf2_glyphpath_curveTo
                0x80031654      0x2a4 C:/devkitPro/portlibs/ppc/lib\libfreetype.a(psaux.o)
 .text.cf2_doFlex
                0x800318f8      0x23c C:/devkitPro/portlibs/ppc/lib\libfreetype.a(psaux.o)
 .text.cf2_builder_cubeTo
                0x80031b34      0x2d0 C:/devkitPro/portlibs/ppc/lib\libfreetype.a(psaux.o)
 .text.cf2_builder_lineTo
                0x80031e04      0x238 C:/devkitPro/portlibs/ppc/lib\libfreetype.a(psaux.o)
 .text.afm_parser_parse
                0x8003203c      0x714 C:/devkitPro/portlibs/ppc/lib\libfreetype.a(psaux.o)
 .text.cf2_interpT2CharString
                0x80032750     0x3a00 C:/devkitPro/portlibs/ppc/lib\libfreetype.a(psaux.o)
 .text.cf2_decoder_parse_charstrings
                0x80036150      0xd54 C:/devkitPro/portlibs/ppc/lib\libfreetype.a(psaux.o)
 .text.psh_hint_table_record
                0x80036ea4       0x9c C:/devkitPro/portlibs/ppc/lib\libfreetype.a(pshinter.o)
 .text.pshinter_get_globals_funcs
                0x80036f40        0x8 C:/devkitPro/portlibs/ppc/lib\libfreetype.a(pshinter.o)
 .text.pshinter_get_t1_funcs
                0x80036f48        0x8 C:/devkitPro/portlibs/ppc/lib\libfreetype.a(pshinter.o)
 .text.pshinter_get_t2_funcs
                0x80036f50        0x8 C:/devkitPro/portlibs/ppc/lib\libfreetype.a(pshinter.o)
 .text.t1_hints_open
                0x80036f58       0x2c C:/devkitPro/portlibs/ppc/lib\libfreetype.a(pshinter.o)
 .text.t2_hints_open
                0x80036f84       0x2c C:/devkitPro/portlibs/ppc/lib\libfreetype.a(pshinter.o)
 .text.psh_globals_scale_widths
                0x80036fb0       0xf8 C:/devkitPro/portlibs/ppc/lib\libfreetype.a(pshinter.o)
 .text.psh_globals_set_scale
                0x800370a8      0x2f8 C:/devkitPro/portlibs/ppc/lib\libfreetype.a(pshinter.o)
 .text.ps_hinter_init
                0x800373a0      0x114 C:/devkitPro/portlibs/ppc/lib\libfreetype.a(pshinter.o)
 .text.ps_mask_table_done
                0x800374b4       0xa8 C:/devkitPro/portlibs/ppc/lib\libfreetype.a(pshinter.o)
 .text.ps_mask_table_alloc
                0x8003755c      0x12c C:/devkitPro/portlibs/ppc/lib\libfreetype.a(pshinter.o)
 .text.ps_mask_ensure
                0x80037688       0xb4 C:/devkitPro/portlibs/ppc/lib\libfreetype.a(pshinter.o)
 .text.psh_globals_destroy
                0x8003773c       0x2c C:/devkitPro/portlibs/ppc/lib\libfreetype.a(pshinter.o)
 .text.psh_hint_align
                0x80037768      0x588 C:/devkitPro/portlibs/ppc/lib\libfreetype.a(pshinter.o)
 .text.ps_mask_table_merge_all
                0x80037cf0      0x2f4 C:/devkitPro/portlibs/ppc/lib\libfreetype.a(pshinter.o)
 .text.psh_blues_set_zones_0.isra.0
                0x80037fe4      0x200 C:/devkitPro/portlibs/ppc/lib\libfreetype.a(pshinter.o)
 .text.psh_blues_set_zones
                0x800381e4      0x230 C:/devkitPro/portlibs/ppc/lib\libfreetype.a(pshinter.o)
 .text.psh_hint_table_find_strong_points.isra.0
                0x80038414      0x288 C:/devkitPro/portlibs/ppc/lib\libfreetype.a(pshinter.o)
 .text.psh_hint_table_init.isra.0
                0x8003869c      0x2d0 C:/devkitPro/portlibs/ppc/lib\libfreetype.a(pshinter.o)
 .text.psh_hint_table_activate_mask.isra.0
                0x8003896c      0x250 C:/devkitPro/portlibs/ppc/lib\libfreetype.a(pshinter.o)
 .text.ps_hints_close.part.0
                0x80038bbc       0xb4 C:/devkitPro/portlibs/ppc/lib\libfreetype.a(pshinter.o)
 .text.t1_hints_close
                0x80038c70       0x18 C:/devkitPro/portlibs/ppc/lib\libfreetype.a(pshinter.o)
 .text.ps_hinter_done
                0x80038c88       0xb0 C:/devkitPro/portlibs/ppc/lib\libfreetype.a(pshinter.o)
 .text.t2_hints_close
                0x80038d38       0x18 C:/devkitPro/portlibs/ppc/lib\libfreetype.a(pshinter.o)
 .text.ps_dimension_set_mask_bits
                0x80038d50      0x188 C:/devkitPro/portlibs/ppc/lib\libfreetype.a(pshinter.o)
 .text.ps_hints_t2counter
                0x80038ed8       0xd8 C:/devkitPro/portlibs/ppc/lib\libfreetype.a(pshinter.o)
 .text.ps_hints_t2mask
                0x80038fb0       0xc4 C:/devkitPro/portlibs/ppc/lib\libfreetype.a(pshinter.o)
 .text.ps_hints_apply.part.0
                0x80039074     0x14b0 C:/devkitPro/portlibs/ppc/lib\libfreetype.a(pshinter.o)
 .text.t1_hints_apply
                0x8003a524       0x24 C:/devkitPro/portlibs/ppc/lib\libfreetype.a(pshinter.o)
 .text.t2_hints_apply
                0x8003a548       0x24 C:/devkitPro/portlibs/ppc/lib\libfreetype.a(pshinter.o)
 .text.ps_hints_t1reset
                0x8003a56c       0xf4 C:/devkitPro/portlibs/ppc/lib\libfreetype.a(pshinter.o)
 .text.psh_globals_new
                0x8003a660      0x334 C:/devkitPro/portlibs/ppc/lib\libfreetype.a(pshinter.o)
 .text.ps_dimension_add_t1stem
                0x8003a994      0x2d0 C:/devkitPro/portlibs/ppc/lib\libfreetype.a(pshinter.o)
 .text.t1_hints_stem
                0x8003ac64       0xa8 C:/devkitPro/portlibs/ppc/lib\libfreetype.a(pshinter.o)
 .text.t2_hints_stems
                0x8003ad0c      0x1c8 C:/devkitPro/portlibs/ppc/lib\libfreetype.a(pshinter.o)
 .text.ps_hints_t1stem3
                0x8003aed4      0x35c C:/devkitPro/portlibs/ppc/lib\libfreetype.a(pshinter.o)
 .text.ps_unicode_value
                0x8003b230      0x26c C:/devkitPro/portlibs/ppc/lib\libfreetype.a(psnames.o)
 .text.compare_uni_maps
                0x8003b49c       0x40 C:/devkitPro/portlibs/ppc/lib\libfreetype.a(psnames.o)
 .text.ps_unicodes_char_index
                0x8003b4dc       0xb4 C:/devkitPro/portlibs/ppc/lib\libfreetype.a(psnames.o)
 .text.ps_unicodes_char_next
                0x8003b590       0xdc C:/devkitPro/portlibs/ppc/lib\libfreetype.a(psnames.o)
 .text.ps_get_macintosh_name
                0x8003b66c       0x3c C:/devkitPro/portlibs/ppc/lib\libfreetype.a(psnames.o)
 .text.ps_get_standard_strings
                0x8003b6a8       0x30 C:/devkitPro/portlibs/ppc/lib\libfreetype.a(psnames.o)
 .text.psnames_get_service
                0x8003b6d8        0xc C:/devkitPro/portlibs/ppc/lib\libfreetype.a(psnames.o)
 .text.ps_unicodes_init
                0x8003b6e4      0x384 C:/devkitPro/portlibs/ppc/lib\libfreetype.a(psnames.o)
 .text.New_Profile
                0x8003ba68      0x128 C:/devkitPro/portlibs/ppc/lib\libfreetype.a(raster.o)
 .text.End_Profile
                0x8003bb90      0x23c C:/devkitPro/portlibs/ppc/lib\libfreetype.a(raster.o)
 .text.Split_Conic
                0x8003bdcc       0x6c C:/devkitPro/portlibs/ppc/lib\libfreetype.a(raster.o)
 .text.Split_Cubic
                0x8003be38       0xac C:/devkitPro/portlibs/ppc/lib\libfreetype.a(raster.o)
 .text.Bezier_Up
                0x8003bee4      0x20c C:/devkitPro/portlibs/ppc/lib\libfreetype.a(raster.o)
 .text.Cubic_To
                0x8003c0f0      0x28c C:/devkitPro/portlibs/ppc/lib\libfreetype.a(raster.o)
 .text.Increment
                0x8003c37c       0xd0 C:/devkitPro/portlibs/ppc/lib\libfreetype.a(raster.o)
 .text.Vertical_Sweep_Init
                0x8003c44c       0x18 C:/devkitPro/portlibs/ppc/lib\libfreetype.a(raster.o)
 .text.Vertical_Sweep_Span
                0x8003c464      0x138 C:/devkitPro/portlibs/ppc/lib\libfreetype.a(raster.o)
 .text.Vertical_Sweep_Drop
                0x8003c59c       0x8c C:/devkitPro/portlibs/ppc/lib\libfreetype.a(raster.o)
 .text.Vertical_Sweep_Step
                0x8003c628       0x14 C:/devkitPro/portlibs/ppc/lib\libfreetype.a(raster.o)
 .text.Horizontal_Sweep_Init
                0x8003c63c        0x4 C:/devkitPro/portlibs/ppc/lib\libfreetype.a(raster.o)
 .text.Horizontal_Sweep_Span
                0x8003c640       0xc0 C:/devkitPro/portlibs/ppc/lib\libfreetype.a(raster.o)
 .text.Horizontal_Sweep_Drop
                0x8003c700       0xa4 C:/devkitPro/portlibs/ppc/lib\libfreetype.a(raster.o)
 .text.Horizontal_Sweep_Step
                0x8003c7a4        0x4 C:/devkitPro/portlibs/ppc/lib\libfreetype.a(raster.o)
 .text.ft_black_reset
                0x8003c7a8        0x4 C:/devkitPro/portlibs/ppc/lib\libfreetype.a(raster.o)
 .text.ft_black_set_mode
                0x8003c7ac        0x8 C:/devkitPro/portlibs/ppc/lib\libfreetype.a(raster.o)
 .text.ft_raster1_init
                0x8003c7b4       0x40 C:/devkitPro/portlibs/ppc/lib\libfreetype.a(raster.o)
 .text.ft_raster1_set_mode
                0x8003c7f4       0x18 C:/devkitPro/portlibs/ppc/lib\libfreetype.a(raster.o)
 .text.ft_black_done
                0x8003c80c        0xc C:/devkitPro/portlibs/ppc/lib\libfreetype.a(raster.o)
 .text.Line_Up  0x8003c818      0x25c C:/devkitPro/portlibs/ppc/lib\libfreetype.a(raster.o)
 .text.Line_To  0x8003ca74      0x140 C:/devkitPro/portlibs/ppc/lib\libfreetype.a(raster.o)
 .text.ft_black_new
                0x8003cbb4       0x58 C:/devkitPro/portlibs/ppc/lib\libfreetype.a(raster.o)
 .text.ft_raster1_get_cbox
                0x8003cc0c       0x34 C:/devkitPro/portlibs/ppc/lib\libfreetype.a(raster.o)
 .text.ft_raster1_render
                0x8003cc40      0x388 C:/devkitPro/portlibs/ppc/lib\libfreetype.a(raster.o)
 .text.ft_raster1_transform
                0x8003cfc8       0x78 C:/devkitPro/portlibs/ppc/lib\libfreetype.a(raster.o)
 .text.Conic_To
                0x8003d040      0x250 C:/devkitPro/portlibs/ppc/lib\libfreetype.a(raster.o)
 .text.Render_Single_Pass.constprop.0
                0x8003d290      0x9ac C:/devkitPro/portlibs/ppc/lib\libfreetype.a(raster.o)
 .text.Render_Glyph
                0x8003dc3c      0x154 C:/devkitPro/portlibs/ppc/lib\libfreetype.a(raster.o)
 .text.ft_black_render
                0x8003dd90      0x138 C:/devkitPro/portlibs/ppc/lib\libfreetype.a(raster.o)
 .text.ft_sdf_init
                0x8003dec8       0x20 C:/devkitPro/portlibs/ppc/lib\libfreetype.a(sdf.o)
 .text.ft_sdf_done
                0x8003dee8        0x4 C:/devkitPro/portlibs/ppc/lib\libfreetype.a(sdf.o)
 .text.ft_sdf_set_mode
                0x8003deec       0x18 C:/devkitPro/portlibs/ppc/lib\libfreetype.a(sdf.o)
 .text.bsdf_raster_reset
                0x8003df04        0x4 C:/devkitPro/portlibs/ppc/lib\libfreetype.a(sdf.o)
 .text.bsdf_raster_set_mode
                0x8003df08        0x8 C:/devkitPro/portlibs/ppc/lib\libfreetype.a(sdf.o)
 .text.ft_sdf_get_cbox
                0x8003df10       0x34 C:/devkitPro/portlibs/ppc/lib\libfreetype.a(sdf.o)
 .text.bsdf_raster_done
                0x8003df44        0xc C:/devkitPro/portlibs/ppc/lib\libfreetype.a(sdf.o)
 .text.sdf_raster_done
                0x8003df50        0xc C:/devkitPro/portlibs/ppc/lib\libfreetype.a(sdf.o)
 .text.ft_sdf_render
                0x8003df5c      0x350 C:/devkitPro/portlibs/ppc/lib\libfreetype.a(sdf.o)
 .text.ft_sdf_requester
                0x8003e2ac        0xc C:/devkitPro/portlibs/ppc/lib\libfreetype.a(sdf.o)
 .text.sdf_property_get
                0x8003e2b8       0xd4 C:/devkitPro/portlibs/ppc/lib\libfreetype.a(sdf.o)
 .text.sdf_property_set
                0x8003e38c      0x100 C:/devkitPro/portlibs/ppc/lib\libfreetype.a(sdf.o)
 .text.ft_bsdf_render
                0x8003e48c      0x27c C:/devkitPro/portlibs/ppc/lib\libfreetype.a(sdf.o)
 .text.compare_neighbor
                0x8003e708       0x90 C:/devkitPro/portlibs/ppc/lib\libfreetype.a(sdf.o)
 .text.bsdf_raster_new
                0x8003e798       0x58 C:/devkitPro/portlibs/ppc/lib\libfreetype.a(sdf.o)
 .text.sdf_raster_new
                0x8003e7f0       0x58 C:/devkitPro/portlibs/ppc/lib\libfreetype.a(sdf.o)
 .text.ft_sdf_transform
                0x8003e848       0x78 C:/devkitPro/portlibs/ppc/lib\libfreetype.a(sdf.o)
 .text.sdf_contour_done
                0x8003e8c0       0x80 C:/devkitPro/portlibs/ppc/lib\libfreetype.a(sdf.o)
 .text.sdf_raster_set_mode
                0x8003e940        0x8 C:/devkitPro/portlibs/ppc/lib\libfreetype.a(sdf.o)
 .text.sdf_raster_reset
                0x8003e948        0x4 C:/devkitPro/portlibs/ppc/lib\libfreetype.a(sdf.o)
 .text.sdf_generate_bounding_box.isra.0
                0x8003e94c     0x1104 C:/devkitPro/portlibs/ppc/lib\libfreetype.a(sdf.o)
 .text.bsdf_raster_render
                0x8003fa50     0x10dc C:/devkitPro/portlibs/ppc/lib\libfreetype.a(sdf.o)
 .text.sdf_move_to
                0x80040b2c       0xd0 C:/devkitPro/portlibs/ppc/lib\libfreetype.a(sdf.o)
 .text.sdf_line_to
                0x80040bfc      0x12c C:/devkitPro/portlibs/ppc/lib\libfreetype.a(sdf.o)
 .text.sdf_cubic_to
                0x80040d28      0x170 C:/devkitPro/portlibs/ppc/lib\libfreetype.a(sdf.o)
 .text.sdf_conic_to
                0x80040e98      0x198 C:/devkitPro/portlibs/ppc/lib\libfreetype.a(sdf.o)
 .text.split_sdf_conic
                0x80041030      0x25c C:/devkitPro/portlibs/ppc/lib\libfreetype.a(sdf.o)
 .text.split_sdf_cubic
                0x8004128c      0x34c C:/devkitPro/portlibs/ppc/lib\libfreetype.a(sdf.o)
 .text.split_sdf_shape
                0x800415d8      0x2c0 C:/devkitPro/portlibs/ppc/lib\libfreetype.a(sdf.o)
 .text.sdf_raster_render
                0x80041898      0xa20 C:/devkitPro/portlibs/ppc/lib\libfreetype.a(sdf.o)
 .text.get_sfnt_table
                0x800422b8       0x9c C:/devkitPro/portlibs/ppc/lib\libfreetype.a(sfnt.o)
 .text.sfnt_table_info
                0x80042354       0x6c C:/devkitPro/portlibs/ppc/lib\libfreetype.a(sfnt.o)
 .text.sfnt_is_postscript
                0x800423c0       0x34 C:/devkitPro/portlibs/ppc/lib\libfreetype.a(sfnt.o)
 .text.sfnt_is_alphanumeric
                0x800423f4       0x2c C:/devkitPro/portlibs/ppc/lib\libfreetype.a(sfnt.o)
 .text.sfnt_get_name_id
                0x80042420       0xec C:/devkitPro/portlibs/ppc/lib\libfreetype.a(sfnt.o)
 .text.compare_offsets
                0x8004250c       0x2c C:/devkitPro/portlibs/ppc/lib\libfreetype.a(sfnt.o)
 .text.tt_cmap_init
                0x80042538        0xc C:/devkitPro/portlibs/ppc/lib\libfreetype.a(sfnt.o)
 .text.tt_cmap0_char_index
                0x80042544       0x20 C:/devkitPro/portlibs/ppc/lib\libfreetype.a(sfnt.o)
 .text.tt_cmap0_char_next
                0x80042564       0x8c C:/devkitPro/portlibs/ppc/lib\libfreetype.a(sfnt.o)
 .text.tt_cmap0_get_info
                0x800425f0       0x1c C:/devkitPro/portlibs/ppc/lib\libfreetype.a(sfnt.o)
 .text.tt_cmap2_char_next
                0x8004260c      0x248 C:/devkitPro/portlibs/ppc/lib\libfreetype.a(sfnt.o)
 .text.tt_cmap2_get_info
                0x80042854       0x1c C:/devkitPro/portlibs/ppc/lib\libfreetype.a(sfnt.o)
 .text.tt_cmap4_init
                0x80042870       0x2c C:/devkitPro/portlibs/ppc/lib\libfreetype.a(sfnt.o)
 .text.tt_cmap4_set_range
                0x8004289c      0x148 C:/devkitPro/portlibs/ppc/lib\libfreetype.a(sfnt.o)
 .text.tt_cmap4_next
                0x800429e4      0x1b0 C:/devkitPro/portlibs/ppc/lib\libfreetype.a(sfnt.o)
 .text.tt_cmap4_char_map_linear
                0x80042b94      0x30c C:/devkitPro/portlibs/ppc/lib\libfreetype.a(sfnt.o)
 .text.tt_cmap4_char_map_binary
                0x80042ea0      0x92c C:/devkitPro/portlibs/ppc/lib\libfreetype.a(sfnt.o)
 .text.tt_cmap4_char_index
                0x800437cc       0x60 C:/devkitPro/portlibs/ppc/lib\libfreetype.a(sfnt.o)
 .text.tt_cmap4_char_next
                0x8004382c       0x80 C:/devkitPro/portlibs/ppc/lib\libfreetype.a(sfnt.o)
 .text.tt_cmap4_get_info
                0x800438ac       0x1c C:/devkitPro/portlibs/ppc/lib\libfreetype.a(sfnt.o)
 .text.tt_cmap6_char_index
                0x800438c8       0x30 C:/devkitPro/portlibs/ppc/lib\libfreetype.a(sfnt.o)
 .text.tt_cmap6_char_next
                0x800438f8       0xa4 C:/devkitPro/portlibs/ppc/lib\libfreetype.a(sfnt.o)
 .text.tt_cmap6_get_info
                0x8004399c       0x1c C:/devkitPro/portlibs/ppc/lib\libfreetype.a(sfnt.o)
 .text.tt_cmap8_char_index
                0x800439b8       0xc4 C:/devkitPro/portlibs/ppc/lib\libfreetype.a(sfnt.o)
 .text.tt_cmap8_char_next
                0x80043a7c       0xd8 C:/devkitPro/portlibs/ppc/lib\libfreetype.a(sfnt.o)
 .text.tt_cmap8_get_info
                0x80043b54       0x1c C:/devkitPro/portlibs/ppc/lib\libfreetype.a(sfnt.o)
 .text.tt_cmap10_char_index
                0x80043b70       0x3c C:/devkitPro/portlibs/ppc/lib\libfreetype.a(sfnt.o)
 .text.tt_cmap10_char_next
                0x80043bac       0x94 C:/devkitPro/portlibs/ppc/lib\libfreetype.a(sfnt.o)
 .text.tt_cmap10_get_info
                0x80043c40       0x1c C:/devkitPro/portlibs/ppc/lib\libfreetype.a(sfnt.o)
 .text.tt_cmap12_init
                0x80043c5c       0x20 C:/devkitPro/portlibs/ppc/lib\libfreetype.a(sfnt.o)
 .text.tt_cmap12_next
                0x80043c7c       0xc4 C:/devkitPro/portlibs/ppc/lib\libfreetype.a(sfnt.o)
 .text.tt_cmap12_char_map_binary
                0x80043d40      0x17c C:/devkitPro/portlibs/ppc/lib\libfreetype.a(sfnt.o)
 .text.tt_cmap12_char_index
                0x80043ebc       0x2c C:/devkitPro/portlibs/ppc/lib\libfreetype.a(sfnt.o)
 .text.tt_cmap12_get_info
                0x80043ee8       0x1c C:/devkitPro/portlibs/ppc/lib\libfreetype.a(sfnt.o)
 .text.tt_cmap13_init
                0x80043f04       0x20 C:/devkitPro/portlibs/ppc/lib\libfreetype.a(sfnt.o)
 .text.tt_cmap13_next
                0x80043f24       0x8c C:/devkitPro/portlibs/ppc/lib\libfreetype.a(sfnt.o)
 .text.tt_cmap13_char_map_binary
                0x80043fb0      0x154 C:/devkitPro/portlibs/ppc/lib\libfreetype.a(sfnt.o)
 .text.tt_cmap13_char_index
                0x80044104       0x2c C:/devkitPro/portlibs/ppc/lib\libfreetype.a(sfnt.o)
 .text.tt_cmap13_get_info
                0x80044130       0x1c C:/devkitPro/portlibs/ppc/lib\libfreetype.a(sfnt.o)
 .text.tt_cmap14_init
                0x8004414c       0x24 C:/devkitPro/portlibs/ppc/lib\libfreetype.a(sfnt.o)
 .text.tt_cmap14_char_index
                0x80044170        0x8 C:/devkitPro/portlibs/ppc/lib\libfreetype.a(sfnt.o)
 .text.tt_cmap14_char_next
                0x80044178       0x10 C:/devkitPro/portlibs/ppc/lib\libfreetype.a(sfnt.o)
 .text.tt_cmap14_get_info
                0x80044188       0x18 C:/devkitPro/portlibs/ppc/lib\libfreetype.a(sfnt.o)
 .text.tt_cmap14_char_map_def_binary
                0x800441a0       0x74 C:/devkitPro/portlibs/ppc/lib\libfreetype.a(sfnt.o)
 .text.tt_cmap14_char_map_nondef_binary
                0x80044214       0x6c C:/devkitPro/portlibs/ppc/lib\libfreetype.a(sfnt.o)
 .text.tt_cmap14_find_variant
                0x80044280       0x6c C:/devkitPro/portlibs/ppc/lib\libfreetype.a(sfnt.o)
 .text.tt_cmap14_char_var_index
                0x800442ec       0xe4 C:/devkitPro/portlibs/ppc/lib\libfreetype.a(sfnt.o)
 .text.tt_cmap14_char_var_isdefault
                0x800443d0       0xb8 C:/devkitPro/portlibs/ppc/lib\libfreetype.a(sfnt.o)
 .text.tt_cmap_unicode_init
                0x80044488       0x3c C:/devkitPro/portlibs/ppc/lib\libfreetype.a(sfnt.o)
 .text.tt_cmap_unicode_char_index
                0x800444c4       0x14 C:/devkitPro/portlibs/ppc/lib\libfreetype.a(sfnt.o)
 .text.tt_cmap_unicode_char_next
                0x800444d8       0x14 C:/devkitPro/portlibs/ppc/lib\libfreetype.a(sfnt.o)
 .text.tt_get_cmap_info
                0x800444ec       0x20 C:/devkitPro/portlibs/ppc/lib\libfreetype.a(sfnt.o)
 .text.tt_face_get_colr_layer
                0x8004450c      0x14c C:/devkitPro/portlibs/ppc/lib\libfreetype.a(sfnt.o)
 .text.get_child_table_pointer
                0x80044658       0x8c C:/devkitPro/portlibs/ppc/lib\libfreetype.a(sfnt.o)
 .text.tt_face_get_colr_glyph_paint
                0x800446e4       0xe8 C:/devkitPro/portlibs/ppc/lib\libfreetype.a(sfnt.o)
 .text.tt_face_get_paint_layers
                0x800447cc       0xc0 C:/devkitPro/portlibs/ppc/lib\libfreetype.a(sfnt.o)
 .text.tt_face_palette_set
                0x8004488c       0xd0 C:/devkitPro/portlibs/ppc/lib\libfreetype.a(sfnt.o)
 .text.extract_svg_doc
                0x8004495c       0x1c C:/devkitPro/portlibs/ppc/lib\libfreetype.a(sfnt.o)
 .text.tt_face_get_kerning
                0x80044978      0x1d4 C:/devkitPro/portlibs/ppc/lib\libfreetype.a(sfnt.o)
 .text.tt_sbit_decoder_load_metrics
                0x80044b4c       0xb4 C:/devkitPro/portlibs/ppc/lib\libfreetype.a(sfnt.o)
 .text.tt_sbit_decoder_load_byte_aligned
                0x80044c00      0x2cc C:/devkitPro/portlibs/ppc/lib\libfreetype.a(sfnt.o)
 .text.tt_sbit_decoder_load_bit_aligned
                0x80044ecc      0x304 C:/devkitPro/portlibs/ppc/lib\libfreetype.a(sfnt.o)
 .text.sfnt_get_interface
                0x800451d0        0xc C:/devkitPro/portlibs/ppc/lib\libfreetype.a(sfnt.o)
 .text.tt_face_load_kern
                0x800451dc      0x1e0 C:/devkitPro/portlibs/ppc/lib\libfreetype.a(sfnt.o)
 .text.tt_face_free_sbit
                0x800453bc       0x44 C:/devkitPro/portlibs/ppc/lib\libfreetype.a(sfnt.o)
 .text.tt_face_get_metrics
                0x80045400      0x348 C:/devkitPro/portlibs/ppc/lib\libfreetype.a(sfnt.o)
 .text.tt_name_ascii_from_other
                0x80045748       0xd4 C:/devkitPro/portlibs/ppc/lib\libfreetype.a(sfnt.o)
 .text.tt_name_ascii_from_utf16
                0x8004581c       0xe4 C:/devkitPro/portlibs/ppc/lib\libfreetype.a(sfnt.o)
 .text.tt_face_free_svg
                0x80045900       0x54 C:/devkitPro/portlibs/ppc/lib\libfreetype.a(sfnt.o)
 .text.tt_face_get_name
                0x80045954      0x2ec C:/devkitPro/portlibs/ppc/lib\libfreetype.a(sfnt.o)
 .text.tt_face_free_colr
                0x80045c40       0xa4 C:/devkitPro/portlibs/ppc/lib\libfreetype.a(sfnt.o)
 .text.tt_face_free_cpal
                0x80045ce4       0x54 C:/devkitPro/portlibs/ppc/lib\libfreetype.a(sfnt.o)
 .text.tt_face_free_ps_names
                0x80045d38       0xac C:/devkitPro/portlibs/ppc/lib\libfreetype.a(sfnt.o)
 .text.tt_face_free_name
                0x80045de4      0x110 C:/devkitPro/portlibs/ppc/lib\libfreetype.a(sfnt.o)
 .text.sfnt_done_face
                0x80045ef4      0x288 C:/devkitPro/portlibs/ppc/lib\libfreetype.a(sfnt.o)
 .text.sfnt_stream_close
                0x8004617c       0x44 C:/devkitPro/portlibs/ppc/lib\libfreetype.a(sfnt.o)
 .text.tt_cmap14_done
                0x800461c0       0x54 C:/devkitPro/portlibs/ppc/lib\libfreetype.a(sfnt.o)
 .text.tt_cmap_unicode_done
                0x80046214       0x44 C:/devkitPro/portlibs/ppc/lib\libfreetype.a(sfnt.o)
 .text.tt_face_load_svg
                0x80046258      0x184 C:/devkitPro/portlibs/ppc/lib\libfreetype.a(sfnt.o)
 .text.tt_face_colr_blend_layer
                0x800463dc      0x4c8 C:/devkitPro/portlibs/ppc/lib\libfreetype.a(sfnt.o)
 .text.tt_face_load_colr
                0x800468a4      0x538 C:/devkitPro/portlibs/ppc/lib\libfreetype.a(sfnt.o)
 .text.tt_face_load_hmtx
                0x80046ddc       0xb4 C:/devkitPro/portlibs/ppc/lib\libfreetype.a(sfnt.o)
 .text.tt_face_load_cpal
                0x80046e90      0x528 C:/devkitPro/portlibs/ppc/lib\libfreetype.a(sfnt.o)
 .text.tt_face_load_strike_metrics
                0x800473b8      0x314 C:/devkitPro/portlibs/ppc/lib\libfreetype.a(sfnt.o)
 .text.tt_face_load_gasp
                0x800476cc      0x1b0 C:/devkitPro/portlibs/ppc/lib\libfreetype.a(sfnt.o)
 .text.tt_face_set_sbit_strike
                0x8004787c        0xc C:/devkitPro/portlibs/ppc/lib\libfreetype.a(sfnt.o)
 .text.tt_face_load_sbit